<html>
<body>
<pre>
<h1>礦ision Build Log</h1>
<h2>Tool Versions:</h2>
IDE-Version: μVision V5.36.0.0
Copyright (C) 2021 ARM Ltd and ARM Germany GmbH. All rights reserved.
License Information: shuo liu, sdu, LIC=KRMW3-AVM5U-FW92N-YWPKL-SK4DH-9NB83
 
Tool Versions:
Toolchain:       MDK-ARM Plus  Version: 5.36.0.0
Toolchain Path:  D:\MDK5.36\ARM\ARMCC\Bin
C Compiler:      Armcc.exe V5.06 update 7 (build 960)
Assembler:       Armasm.exe V5.06 update 7 (build 960)
Linker/Locator:  ArmLink.exe V5.06 update 7 (build 960)
Library Manager: ArmAr.exe V5.06 update 7 (build 960)
Hex Converter:   FromElf.exe V5.06 update 7 (build 960)
CPU DLL:         SARMCM3.DLL V5.36.0.0
Dialog DLL:      DCM.DLL V1.17.3.0
Target DLL:      UL2CM3.DLL V1.164.0.0
Dialog DLL:      TCM.DLL V1.53.0.0
 
<h2>Project:</h2>
B:\25-3代码整理\ConsensusBatcher\Crypto Tools\Digital Signature\USER\Digital Signature.uvprojx
Project File Date:  03/15/2025

<h2>Output:</h2>
*** Using Compiler 'V5.06 update 7 (build 960)', folder: 'D:\MDK5.36\ARM\ARMCC\Bin'
*** Warning: You are compiling one or more files of source type C++ and have selected 'use MicroLIB'. MicroLIB does not support C++!
  
Build target 'Target 1'
Note: source file 'D:\MDK5.36\Packs\ARM\mbedTLS\3.1.0\library\aes.c' - object file renamed from '.\Objects\aes.o' to '.\Objects\aes_1.o'.
compiling main.c...
..\APPLICATION\Digital_Sig.h(116): warning:  #1295-D: Deprecated declaration Digital_Sig - give arg types
  void Digital_Sig();
main.c(19): warning:  #1295-D: Deprecated declaration init_public_key - give arg types
  void init_public_key();
main.c(20): warning:  #1295-D: Deprecated declaration setup - give arg types
  void setup();
main.c(21): warning:  #1295-D: Deprecated declaration run_slow - give arg types
  void run_slow();
main.c(22): warning:  #1295-D: Deprecated declaration spin - give arg types
  void spin();
main.c(23): warning:  #1295-D: Deprecated declaration stop - give arg types
  void stop();
main.c(149): warning:  #223-D: function "btim_tim5_int_init" declared implicitly
  	btim_tim5_int_init(9000-1,10800-1);//108Mhz/10800 = 10000hz  900ms
main.c(150): warning:  #223-D: function "btim_tim2_int_init" declared implicitly
      btim_tim2_int_init(9000-1,10800-1);
main.c(151): warning:  #223-D: function "btim_tim9_int_init" declared implicitly
  	btim_tim9_int_init(9000-1,21600-1);//216*1000,000hz/21600 = 10000hz  500ms
main.c(166): warning:  #223-D: function "LoRa_Init" declared implicitly
  	while(LoRa_Init())//初始化LORA模块
main.c(176): warning:  #223-D: function "LoRa_Set" declared implicitly
  	LoRa_Set();
main.c(246): warning:  #223-D: function "LoRa_SendData" declared implicitly
  		sprintf((char*)Send_Data_buff,"SKs");LoRa_SendData(Send_Data_buff);
main.c(307): warning:  #223-D: function "LoRa_SendData" declared implicitly
          sprintf((char*)Send_Data_buff,"cuve %d",c);LoRa_SendData(Send_Data_buff);
main.c: 13 warnings, 0 errors
linking...
Program Size: Code=27356 RO-data=1476 RW-data=248 ZI-data=137432  
".\Objects\Threshold-Secret-Sharing.axf" - 0 Error(s), 13 Warning(s).

<h2>Software Packages used:</h2>

Package Vendor: ARM
                http://www.keil.com/pack/ARM.PSA.1.0.0.pack
                ARM.PSA.1.0.0
                PSA (Platform Security Architecture)
   * Component: Crypto Version: 1.0.0

Package Vendor: ARM
                https://www.keil.com/pack/ARM.mbedTLS.3.1.0.pack
                ARM.mbedTLS.3.1.0
                ARM mbed Cryptographic and SSL/TLS library
   * Component: mbed TLS Version: 3.1.0
   * Component: mbed TLS Version: 3.1.0

Package Vendor: Keil
                https://www.keil.com/pack/Keil.STM32F7xx_DFP.2.15.2.pack
                Keil.STM32F7xx_DFP.2.15.2
                STMicroelectronics STM32F7 Series Device Support, Drivers and Examples

<h2>Collection of Component include folders:</h2>
  .\RTE\Security
  .\RTE\_Target_1
  D:\MDK5.36\Packs\ARM\mbedTLS\3.1.0\RTE\include
  D:\MDK5.36\Packs\ARM\mbedTLS\3.1.0\include
  D:\MDK5.36\Packs\ARM\mbedTLS\3.1.0\include\mbedcrypto
  D:\MDK5.36\Packs\Keil\STM32F7xx_DFP\2.15.2\Drivers\CMSIS\Device\ST\STM32F7xx\Include

<h2>Collection of Component Files used:</h2>

   * Component: ::PSA:Crypto:1.0.0 (API)

   * Component: ARM::PSA:Crypto:mbed TLS:3.1.0

   * Component: ARM::Security:mbed TLS:3.1.0
      Include file:  RTE\configs\mbedTLS_config.h
      Include file:  RTE\configs\mbedTLS_crypto_config.h
      Source file:   library\asn1parse.c
      Source file:   library\base64.c
      Source file:   library\bignum.c
      Source file:   library\aes.c
      Source file:   library\camellia.c
      Source file:   library\aria.c
      Source file:   library\asn1write.c
      Source file:   library\ecdsa.c
      Source file:   library\hmac_drbg.c
      Source file:   library\constant_time.c
      Source file:   library\ecjpake.c
      Source file:   library\net_sockets.c
      Source file:   library\nist_kw.c
      Source file:   library\ccm.c
      Source file:   library\cipher.c
      Source file:   library\chacha20.c
      Source file:   library\cipher_wrap.c
      Source file:   library\debug.c
      Source file:   library\chachapoly.c
      Source file:   library\des.c
      Source file:   library\ecp_curves.c
      Source file:   library\entropy_poll.c
      Source file:   library\hkdf.c
      Source file:   library\gcm.c
      Source file:   library\error.c
      Source file:   library\cmac.c
      Source file:   library\md.c
      Source file:   library\ecp.c
      Source file:   library\ecdh.c
      Source file:   library\memory_buffer_alloc.c
      Source file:   library\mps_reader.c
      Source file:   library\dhm.c
      Source file:   library\entropy.c
      Source file:   library\md5.c
      Source file:   library\mps_trace.c
      Source file:   library\ctr_drbg.c
      Source file:   library\platform.c
      Source file:   library\psa_crypto_client.c
      Source file:   library\psa_crypto_rsa.c
      Source file:   library\oid.c
      Source file:   library\psa_crypto_slot_management.c
      Source file:   library\pkparse.c
      Source file:   library\ripemd160.c
      Source file:   library\sha512.c
      Source file:   library\psa_crypto_cipher.c
      Source file:   library\ssl_cache.c
      Source file:   library\ssl_ciphersuites.c
      Source file:   library\platform_util.c
      Source file:   library\poly1305.c
      Source file:   library\pk_wrap.c
      Source file:   library\psa_crypto.c
      Source file:   library\sha256.c
      Source file:   library\pk.c
      Source file:   library\pkcs12.c
      Source file:   library\psa_crypto_ecp.c
      Source file:   library\rsa.c
      Source file:   library\psa_its_file.c
      Source file:   library\pem.c
      Source file:   library\psa_crypto_hash.c
      Source file:   library\psa_crypto_mac.c
      Source file:   library\pkwrite.c
      Source file:   library\rsa_alt_helpers.c
      Source file:   library\psa_crypto_se.c
      Source file:   library\psa_crypto_aead.c
      Source file:   library\sha1.c
      Source file:   library\pkcs5.c
      Source file:   library\psa_crypto_driver_wrappers.c
      Source file:   library\psa_crypto_storage.c
      Source file:   library\ssl_srv.c
      Source file:   library\ssl_debug_helpers_generated.c
      Source file:   library\x509_crl.c
      Source file:   library\timing.c
      Source file:   library\ssl_tls13_client.c
      Source file:   library\x509_csr.c
      Source file:   library\version_features.c
      Source file:   library\x509.c
      Source file:   library\threading.c
      Source file:   library\x509write_crt.c
      Source file:   library\ssl_msg.c
      Source file:   library\ssl_tls13_keys.c
      Source file:   library\x509_crt.c
      Source file:   library\ssl_cookie.c
      Source file:   library\x509_create.c
      Source file:   library\ssl_tls.c
      Source file:   library\ssl_tls13_server.c
      Source file:   library\x509write_csr.c
      Source file:   library\ssl_cli.c
      Source file:   library\ssl_tls13_generic.c
      Source file:   library\ssl_ticket.c
      Source file:   library\version.c
Build Time Elapsed:  00:00:03
</pre>
</body>
</html>
