<!doctype html public "-//w3c//dtd html 4.0 transitional//en">
<html><head>
<title>Static Call Graph - [.\Objects\PRBC.axf]</title></head>
<body><HR>
<H1>Static Call Graph for image .\Objects\PRBC.axf</H1><HR>
<BR><P>#&#060CALLGRAPH&#062# ARM Linker, 5060960: Last Updated: Sat Mar 15 18:29:35 2025
<BR><P>
<H3>Maximum Stack Usage =       7688 bytes + Unknown(Cycles, Untraceable Function Pointers)</H3><H3>
Call chain for Maximum Stack Depth:</H3>
eventgroup_task &rArr; PACKET_handler &rArr; PRBC_PK_verify_sig_share &rArr; PAIR_BN158_double_ate &rArr; PAIR_BN158_ate &rArr; FP12_BN158_ssmul &rArr; FP12_BN158_smul &rArr; FP2_BN158_mul &rArr; FP_BN158_mod &rArr; BIG_160_28_monty
<P>
<H3>
Mutually Recursive functions
</H3> <LI><a href="#[1f]">ADC_IRQHandler</a>&nbsp;&nbsp;&nbsp;&rArr;&nbsp;&nbsp;&nbsp;<a href="#[1f]">ADC_IRQHandler</a><BR>
</UL>
<P>
<H3>
Function Pointers
</H3><UL>
 <LI><a href="#[1f]">ADC_IRQHandler</a> from startup_stm32f767xx.o(.text) referenced from startup_stm32f767xx.o(RESET)
 <LI><a href="#[7]">BusFault_Handler</a> from stm32f7xx_it.o(i.BusFault_Handler) referenced from startup_stm32f767xx.o(RESET)
 <LI><a href="#[21]">CAN1_RX0_IRQHandler</a> from startup_stm32f767xx.o(.text) referenced from startup_stm32f767xx.o(RESET)
 <LI><a href="#[22]">CAN1_RX1_IRQHandler</a> from startup_stm32f767xx.o(.text) referenced from startup_stm32f767xx.o(RESET)
 <LI><a href="#[23]">CAN1_SCE_IRQHandler</a> from startup_stm32f767xx.o(.text) referenced from startup_stm32f767xx.o(RESET)
 <LI><a href="#[20]">CAN1_TX_IRQHandler</a> from startup_stm32f767xx.o(.text) referenced from startup_stm32f767xx.o(RESET)
 <LI><a href="#[4d]">CAN2_RX0_IRQHandler</a> from startup_stm32f767xx.o(.text) referenced from startup_stm32f767xx.o(RESET)
 <LI><a href="#[4e]">CAN2_RX1_IRQHandler</a> from startup_stm32f767xx.o(.text) referenced from startup_stm32f767xx.o(RESET)
 <LI><a href="#[4f]">CAN2_SCE_IRQHandler</a> from startup_stm32f767xx.o(.text) referenced from startup_stm32f767xx.o(RESET)
 <LI><a href="#[4c]">CAN2_TX_IRQHandler</a> from startup_stm32f767xx.o(.text) referenced from startup_stm32f767xx.o(RESET)
 <LI><a href="#[74]">CAN3_RX0_IRQHandler</a> from startup_stm32f767xx.o(.text) referenced from startup_stm32f767xx.o(RESET)
 <LI><a href="#[75]">CAN3_RX1_IRQHandler</a> from startup_stm32f767xx.o(.text) referenced from startup_stm32f767xx.o(RESET)
 <LI><a href="#[76]">CAN3_SCE_IRQHandler</a> from startup_stm32f767xx.o(.text) referenced from startup_stm32f767xx.o(RESET)
 <LI><a href="#[73]">CAN3_TX_IRQHandler</a> from startup_stm32f767xx.o(.text) referenced from startup_stm32f767xx.o(RESET)
 <LI><a href="#[6a]">CEC_IRQHandler</a> from startup_stm32f767xx.o(.text) referenced from startup_stm32f767xx.o(RESET)
 <LI><a href="#[5b]">DCMI_IRQHandler</a> from startup_stm32f767xx.o(.text) referenced from startup_stm32f767xx.o(RESET)
 <LI><a href="#[6e]">DFSDM1_FLT0_IRQHandler</a> from startup_stm32f767xx.o(.text) referenced from startup_stm32f767xx.o(RESET)
 <LI><a href="#[6f]">DFSDM1_FLT1_IRQHandler</a> from startup_stm32f767xx.o(.text) referenced from startup_stm32f767xx.o(RESET)
 <LI><a href="#[70]">DFSDM1_FLT2_IRQHandler</a> from startup_stm32f767xx.o(.text) referenced from startup_stm32f767xx.o(RESET)
 <LI><a href="#[71]">DFSDM1_FLT3_IRQHandler</a> from startup_stm32f767xx.o(.text) referenced from startup_stm32f767xx.o(RESET)
 <LI><a href="#[18]">DMA1_Stream0_IRQHandler</a> from startup_stm32f767xx.o(.text) referenced from startup_stm32f767xx.o(RESET)
 <LI><a href="#[19]">DMA1_Stream1_IRQHandler</a> from dma.o(i.DMA1_Stream1_IRQHandler) referenced from startup_stm32f767xx.o(RESET)
 <LI><a href="#[1a]">DMA1_Stream2_IRQHandler</a> from startup_stm32f767xx.o(.text) referenced from startup_stm32f767xx.o(RESET)
 <LI><a href="#[1b]">DMA1_Stream3_IRQHandler</a> from dma.o(i.DMA1_Stream3_IRQHandler) referenced from startup_stm32f767xx.o(RESET)
 <LI><a href="#[1c]">DMA1_Stream4_IRQHandler</a> from startup_stm32f767xx.o(.text) referenced from startup_stm32f767xx.o(RESET)
 <LI><a href="#[1d]">DMA1_Stream5_IRQHandler</a> from startup_stm32f767xx.o(.text) referenced from startup_stm32f767xx.o(RESET)
 <LI><a href="#[1e]">DMA1_Stream6_IRQHandler</a> from startup_stm32f767xx.o(.text) referenced from startup_stm32f767xx.o(RESET)
 <LI><a href="#[3c]">DMA1_Stream7_IRQHandler</a> from startup_stm32f767xx.o(.text) referenced from startup_stm32f767xx.o(RESET)
 <LI><a href="#[66]">DMA2D_IRQHandler</a> from startup_stm32f767xx.o(.text) referenced from startup_stm32f767xx.o(RESET)
 <LI><a href="#[45]">DMA2_Stream0_IRQHandler</a> from startup_stm32f767xx.o(.text) referenced from startup_stm32f767xx.o(RESET)
 <LI><a href="#[46]">DMA2_Stream1_IRQHandler</a> from startup_stm32f767xx.o(.text) referenced from startup_stm32f767xx.o(RESET)
 <LI><a href="#[47]">DMA2_Stream2_IRQHandler</a> from startup_stm32f767xx.o(.text) referenced from startup_stm32f767xx.o(RESET)
 <LI><a href="#[48]">DMA2_Stream3_IRQHandler</a> from startup_stm32f767xx.o(.text) referenced from startup_stm32f767xx.o(RESET)
 <LI><a href="#[49]">DMA2_Stream4_IRQHandler</a> from startup_stm32f767xx.o(.text) referenced from startup_stm32f767xx.o(RESET)
 <LI><a href="#[51]">DMA2_Stream5_IRQHandler</a> from startup_stm32f767xx.o(.text) referenced from startup_stm32f767xx.o(RESET)
 <LI><a href="#[52]">DMA2_Stream6_IRQHandler</a> from startup_stm32f767xx.o(.text) referenced from startup_stm32f767xx.o(RESET)
 <LI><a href="#[53]">DMA2_Stream7_IRQHandler</a> from startup_stm32f767xx.o(.text) referenced from startup_stm32f767xx.o(RESET)
 <LI><a href="#[a]">DebugMon_Handler</a> from stm32f7xx_it.o(i.DebugMon_Handler) referenced from startup_stm32f767xx.o(RESET)
 <LI><a href="#[4a]">ETH_IRQHandler</a> from startup_stm32f767xx.o(.text) referenced from startup_stm32f767xx.o(RESET)
 <LI><a href="#[4b]">ETH_WKUP_IRQHandler</a> from startup_stm32f767xx.o(.text) referenced from startup_stm32f767xx.o(RESET)
 <LI><a href="#[13]">EXTI0_IRQHandler</a> from startup_stm32f767xx.o(.text) referenced from startup_stm32f767xx.o(RESET)
 <LI><a href="#[35]">EXTI15_10_IRQHandler</a> from mw1268_app.o(i.EXTI15_10_IRQHandler) referenced from startup_stm32f767xx.o(RESET)
 <LI><a href="#[14]">EXTI1_IRQHandler</a> from startup_stm32f767xx.o(.text) referenced from startup_stm32f767xx.o(RESET)
 <LI><a href="#[15]">EXTI2_IRQHandler</a> from startup_stm32f767xx.o(.text) referenced from startup_stm32f767xx.o(RESET)
 <LI><a href="#[16]">EXTI3_IRQHandler</a> from startup_stm32f767xx.o(.text) referenced from startup_stm32f767xx.o(RESET)
 <LI><a href="#[17]">EXTI4_IRQHandler</a> from startup_stm32f767xx.o(.text) referenced from startup_stm32f767xx.o(RESET)
 <LI><a href="#[24]">EXTI9_5_IRQHandler</a> from startup_stm32f767xx.o(.text) referenced from startup_stm32f767xx.o(RESET)
 <LI><a href="#[11]">FLASH_IRQHandler</a> from startup_stm32f767xx.o(.text) referenced from startup_stm32f767xx.o(RESET)
 <LI><a href="#[3d]">FMC_IRQHandler</a> from startup_stm32f767xx.o(.text) referenced from startup_stm32f767xx.o(RESET)
 <LI><a href="#[5d]">FPU_IRQHandler</a> from startup_stm32f767xx.o(.text) referenced from startup_stm32f767xx.o(RESET)
 <LI><a href="#[5]">HardFault_Handler</a> from stm32f7xx_it.o(i.HardFault_Handler) referenced from startup_stm32f767xx.o(RESET)
 <LI><a href="#[2d]">I2C1_ER_IRQHandler</a> from startup_stm32f767xx.o(.text) referenced from startup_stm32f767xx.o(RESET)
 <LI><a href="#[2c]">I2C1_EV_IRQHandler</a> from startup_stm32f767xx.o(.text) referenced from startup_stm32f767xx.o(RESET)
 <LI><a href="#[2f]">I2C2_ER_IRQHandler</a> from startup_stm32f767xx.o(.text) referenced from startup_stm32f767xx.o(RESET)
 <LI><a href="#[2e]">I2C2_EV_IRQHandler</a> from startup_stm32f767xx.o(.text) referenced from startup_stm32f767xx.o(RESET)
 <LI><a href="#[56]">I2C3_ER_IRQHandler</a> from startup_stm32f767xx.o(.text) referenced from startup_stm32f767xx.o(RESET)
 <LI><a href="#[55]">I2C3_EV_IRQHandler</a> from startup_stm32f767xx.o(.text) referenced from startup_stm32f767xx.o(RESET)
 <LI><a href="#[6c]">I2C4_ER_IRQHandler</a> from startup_stm32f767xx.o(.text) referenced from startup_stm32f767xx.o(RESET)
 <LI><a href="#[6b]">I2C4_EV_IRQHandler</a> from startup_stm32f767xx.o(.text) referenced from startup_stm32f767xx.o(RESET)
 <LI><a href="#[77]">JPEG_IRQHandler</a> from startup_stm32f767xx.o(.text) referenced from startup_stm32f767xx.o(RESET)
 <LI><a href="#[69]">LPTIM1_IRQHandler</a> from startup_stm32f767xx.o(.text) referenced from startup_stm32f767xx.o(RESET)
 <LI><a href="#[65]">LTDC_ER_IRQHandler</a> from startup_stm32f767xx.o(.text) referenced from startup_stm32f767xx.o(RESET)
 <LI><a href="#[64]">LTDC_IRQHandler</a> from startup_stm32f767xx.o(.text) referenced from startup_stm32f767xx.o(RESET)
 <LI><a href="#[78]">MDIOS_IRQHandler</a> from startup_stm32f767xx.o(.text) referenced from startup_stm32f767xx.o(RESET)
 <LI><a href="#[6]">MemManage_Handler</a> from stm32f7xx_it.o(i.MemManage_Handler) referenced from startup_stm32f767xx.o(RESET)
 <LI><a href="#[4]">NMI_Handler</a> from stm32f7xx_it.o(i.NMI_Handler) referenced from startup_stm32f767xx.o(RESET)
 <LI><a href="#[50]">OTG_FS_IRQHandler</a> from startup_stm32f767xx.o(.text) referenced from startup_stm32f767xx.o(RESET)
 <LI><a href="#[37]">OTG_FS_WKUP_IRQHandler</a> from startup_stm32f767xx.o(.text) referenced from startup_stm32f767xx.o(RESET)
 <LI><a href="#[58]">OTG_HS_EP1_IN_IRQHandler</a> from startup_stm32f767xx.o(.text) referenced from startup_stm32f767xx.o(RESET)
 <LI><a href="#[57]">OTG_HS_EP1_OUT_IRQHandler</a> from startup_stm32f767xx.o(.text) referenced from startup_stm32f767xx.o(RESET)
 <LI><a href="#[5a]">OTG_HS_IRQHandler</a> from startup_stm32f767xx.o(.text) referenced from startup_stm32f767xx.o(RESET)
 <LI><a href="#[59]">OTG_HS_WKUP_IRQHandler</a> from startup_stm32f767xx.o(.text) referenced from startup_stm32f767xx.o(RESET)
 <LI><a href="#[e]">PVD_IRQHandler</a> from startup_stm32f767xx.o(.text) referenced from startup_stm32f767xx.o(RESET)
 <LI><a href="#[b]">PendSV_Handler</a> from port.o(.emb_text) referenced from startup_stm32f767xx.o(RESET)
 <LI><a href="#[68]">QUADSPI_IRQHandler</a> from startup_stm32f767xx.o(.text) referenced from startup_stm32f767xx.o(RESET)
 <LI><a href="#[12]">RCC_IRQHandler</a> from startup_stm32f767xx.o(.text) referenced from startup_stm32f767xx.o(RESET)
 <LI><a href="#[5c]">RNG_IRQHandler</a> from startup_stm32f767xx.o(.text) referenced from startup_stm32f767xx.o(RESET)
 <LI><a href="#[36]">RTC_Alarm_IRQHandler</a> from startup_stm32f767xx.o(.text) referenced from startup_stm32f767xx.o(RESET)
 <LI><a href="#[10]">RTC_WKUP_IRQHandler</a> from startup_stm32f767xx.o(.text) referenced from startup_stm32f767xx.o(RESET)
 <LI><a href="#[3]">Reset_Handler</a> from startup_stm32f767xx.o(.text) referenced from startup_stm32f767xx.o(RESET)
 <LI><a href="#[63]">SAI1_IRQHandler</a> from startup_stm32f767xx.o(.text) referenced from startup_stm32f767xx.o(RESET)
 <LI><a href="#[67]">SAI2_IRQHandler</a> from startup_stm32f767xx.o(.text) referenced from startup_stm32f767xx.o(RESET)
 <LI><a href="#[3e]">SDMMC1_IRQHandler</a> from startup_stm32f767xx.o(.text) referenced from startup_stm32f767xx.o(RESET)
 <LI><a href="#[72]">SDMMC2_IRQHandler</a> from startup_stm32f767xx.o(.text) referenced from startup_stm32f767xx.o(RESET)
 <LI><a href="#[6d]">SPDIF_RX_IRQHandler</a> from startup_stm32f767xx.o(.text) referenced from startup_stm32f767xx.o(RESET)
 <LI><a href="#[30]">SPI1_IRQHandler</a> from startup_stm32f767xx.o(.text) referenced from startup_stm32f767xx.o(RESET)
 <LI><a href="#[31]">SPI2_IRQHandler</a> from startup_stm32f767xx.o(.text) referenced from startup_stm32f767xx.o(RESET)
 <LI><a href="#[40]">SPI3_IRQHandler</a> from startup_stm32f767xx.o(.text) referenced from startup_stm32f767xx.o(RESET)
 <LI><a href="#[60]">SPI4_IRQHandler</a> from startup_stm32f767xx.o(.text) referenced from startup_stm32f767xx.o(RESET)
 <LI><a href="#[61]">SPI5_IRQHandler</a> from startup_stm32f767xx.o(.text) referenced from startup_stm32f767xx.o(RESET)
 <LI><a href="#[62]">SPI6_IRQHandler</a> from startup_stm32f767xx.o(.text) referenced from startup_stm32f767xx.o(RESET)
 <LI><a href="#[9]">SVC_Handler</a> from port.o(.emb_text) referenced from startup_stm32f767xx.o(RESET)
 <LI><a href="#[c]">SysTick_Handler</a> from port.o(i.SysTick_Handler) referenced from startup_stm32f767xx.o(RESET)
 <LI><a href="#[7a]">SystemInit</a> from system_stm32f7xx.o(i.SystemInit) referenced from startup_stm32f767xx.o(.text)
 <LI><a href="#[f]">TAMP_STAMP_IRQHandler</a> from startup_stm32f767xx.o(.text) referenced from startup_stm32f767xx.o(RESET)
 <LI><a href="#[25]">TIM1_BRK_TIM9_IRQHandler</a> from btim.o(i.TIM1_BRK_TIM9_IRQHandler) referenced from startup_stm32f767xx.o(RESET)
 <LI><a href="#[28]">TIM1_CC_IRQHandler</a> from startup_stm32f767xx.o(.text) referenced from startup_stm32f767xx.o(RESET)
 <LI><a href="#[27]">TIM1_TRG_COM_TIM11_IRQHandler</a> from startup_stm32f767xx.o(.text) referenced from startup_stm32f767xx.o(RESET)
 <LI><a href="#[26]">TIM1_UP_TIM10_IRQHandler</a> from btim.o(i.TIM1_UP_TIM10_IRQHandler) referenced from startup_stm32f767xx.o(RESET)
 <LI><a href="#[29]">TIM2_IRQHandler</a> from btim.o(i.TIM2_IRQHandler) referenced from startup_stm32f767xx.o(RESET)
 <LI><a href="#[2a]">TIM3_IRQHandler</a> from startup_stm32f767xx.o(.text) referenced from startup_stm32f767xx.o(RESET)
 <LI><a href="#[2b]">TIM4_IRQHandler</a> from startup_stm32f767xx.o(.text) referenced from startup_stm32f767xx.o(RESET)
 <LI><a href="#[3f]">TIM5_IRQHandler</a> from btim.o(i.TIM5_IRQHandler) referenced from startup_stm32f767xx.o(RESET)
 <LI><a href="#[43]">TIM6_DAC_IRQHandler</a> from startup_stm32f767xx.o(.text) referenced from startup_stm32f767xx.o(RESET)
 <LI><a href="#[44]">TIM7_IRQHandler</a> from btim.o(i.TIM7_IRQHandler) referenced from startup_stm32f767xx.o(RESET)
 <LI><a href="#[38]">TIM8_BRK_TIM12_IRQHandler</a> from startup_stm32f767xx.o(.text) referenced from startup_stm32f767xx.o(RESET)
 <LI><a href="#[3b]">TIM8_CC_IRQHandler</a> from startup_stm32f767xx.o(.text) referenced from startup_stm32f767xx.o(RESET)
 <LI><a href="#[3a]">TIM8_TRG_COM_TIM14_IRQHandler</a> from startup_stm32f767xx.o(.text) referenced from startup_stm32f767xx.o(RESET)
 <LI><a href="#[39]">TIM8_UP_TIM13_IRQHandler</a> from startup_stm32f767xx.o(.text) referenced from startup_stm32f767xx.o(RESET)
 <LI><a href="#[41]">UART4_IRQHandler</a> from startup_stm32f767xx.o(.text) referenced from startup_stm32f767xx.o(RESET)
 <LI><a href="#[42]">UART5_IRQHandler</a> from startup_stm32f767xx.o(.text) referenced from startup_stm32f767xx.o(RESET)
 <LI><a href="#[5e]">UART7_IRQHandler</a> from startup_stm32f767xx.o(.text) referenced from startup_stm32f767xx.o(RESET)
 <LI><a href="#[5f]">UART8_IRQHandler</a> from startup_stm32f767xx.o(.text) referenced from startup_stm32f767xx.o(RESET)
 <LI><a href="#[7c]">UART_DMAAbortOnError</a> from stm32f7xx_hal_uart.o(i.UART_DMAAbortOnError) referenced from stm32f7xx_hal_uart.o(i.HAL_UART_IRQHandler)
 <LI><a href="#[7f]">UART_DMAError</a> from stm32f7xx_hal_uart.o(i.UART_DMAError) referenced from stm32f7xx_hal_uart.o(i.UART_Start_Receive_DMA)
 <LI><a href="#[7d]">UART_DMAReceiveCplt</a> from stm32f7xx_hal_uart.o(i.UART_DMAReceiveCplt) referenced from stm32f7xx_hal_uart.o(i.UART_Start_Receive_DMA)
 <LI><a href="#[7e]">UART_DMARxHalfCplt</a> from stm32f7xx_hal_uart.o(i.UART_DMARxHalfCplt) referenced from stm32f7xx_hal_uart.o(i.UART_Start_Receive_DMA)
 <LI><a href="#[80]">UART_RxISR_16BIT</a> from stm32f7xx_hal_uart.o(i.UART_RxISR_16BIT) referenced from stm32f7xx_hal_uart.o(i.UART_Start_Receive_IT)
 <LI><a href="#[81]">UART_RxISR_8BIT</a> from stm32f7xx_hal_uart.o(i.UART_RxISR_8BIT) referenced from stm32f7xx_hal_uart.o(i.UART_Start_Receive_IT)
 <LI><a href="#[32]">USART1_IRQHandler</a> from usart.o(i.USART1_IRQHandler) referenced from startup_stm32f767xx.o(RESET)
 <LI><a href="#[33]">USART2_IRQHandler</a> from startup_stm32f767xx.o(.text) referenced from startup_stm32f767xx.o(RESET)
 <LI><a href="#[34]">USART3_IRQHandler</a> from usart3.o(i.USART3_IRQHandler) referenced from startup_stm32f767xx.o(RESET)
 <LI><a href="#[54]">USART6_IRQHandler</a> from startup_stm32f767xx.o(.text) referenced from startup_stm32f767xx.o(RESET)
 <LI><a href="#[8]">UsageFault_Handler</a> from stm32f7xx_it.o(i.UsageFault_Handler) referenced from startup_stm32f767xx.o(RESET)
 <LI><a href="#[d]">WWDG_IRQHandler</a> from startup_stm32f767xx.o(.text) referenced from startup_stm32f767xx.o(RESET)
 <LI><a href="#[8d]">x_side_default(unsigned*, const unsigned*, const uECC_Curve_t*)</a> from uecc.o(i._Z14x_side_defaultPjPKjPK12uECC_Curve_t) referenced 4 times from uecc.o(.constdata)
 <LI><a href="#[8c]">mod_sqrt_default(unsigned*, const uECC_Curve_t*)</a> from uecc.o(i._Z16mod_sqrt_defaultPjPK12uECC_Curve_t) referenced 4 times from uecc.o(.constdata)
 <LI><a href="#[94]">x_side_secp256k1(unsigned*, const unsigned*, const uECC_Curve_t*)</a> from uecc.o(i._Z16x_side_secp256k1PjPKjPK12uECC_Curve_t) referenced from uecc.o(.constdata)
 <LI><a href="#[90]">mod_sqrt_secp224r1(unsigned*, const uECC_Curve_t*)</a> from uecc.o(i._Z18mod_sqrt_secp224r1PjPK12uECC_Curve_t) referenced from uecc.o(.constdata)
 <LI><a href="#[8b]">double_jacobian_default(unsigned*, unsigned*, unsigned*, const uECC_Curve_t*)</a> from uecc.o(i._Z23double_jacobian_defaultPjS_S_PK12uECC_Curve_t) referenced 4 times from uecc.o(.constdata)
 <LI><a href="#[8e]">vli_mmod_fast_secp160r1(unsigned*, unsigned*)</a> from uecc.o(i._Z23vli_mmod_fast_secp160r1PjS_) referenced from uecc.o(.constdata)
 <LI><a href="#[8f]">vli_mmod_fast_secp192r1(unsigned*, unsigned*)</a> from uecc.o(i._Z23vli_mmod_fast_secp192r1PjS_) referenced from uecc.o(.constdata)
 <LI><a href="#[91]">vli_mmod_fast_secp224r1(unsigned*, unsigned*)</a> from uecc.o(i._Z23vli_mmod_fast_secp224r1PjS_) referenced from uecc.o(.constdata)
 <LI><a href="#[95]">vli_mmod_fast_secp256k1(unsigned*, unsigned*)</a> from uecc.o(i._Z23vli_mmod_fast_secp256k1PjS_) referenced from uecc.o(.constdata)
 <LI><a href="#[92]">vli_mmod_fast_secp256r1(unsigned*, unsigned*)</a> from uecc.o(i._Z23vli_mmod_fast_secp256r1PjS_) referenced from uecc.o(.constdata)
 <LI><a href="#[93]">double_jacobian_secp256k1(unsigned*, unsigned*, unsigned*, const uECC_Curve_t*)</a> from uecc.o(i._Z25double_jacobian_secp256k1PjS_S_PK12uECC_Curve_t) referenced from uecc.o(.constdata)
 <LI><a href="#[7b]">__main</a> from entry.o(.ARM.Collect$$$$00000000) referenced from startup_stm32f767xx.o(.text)
 <LI><a href="#[83]">_sputc</a> from printfa.o(i._sputc) referenced from printfa.o(i.__0sprintf)
 <LI><a href="#[83]">_sputc</a> from printfa.o(i._sputc) referenced from printfa.o(i.__0vsprintf)
 <LI><a href="#[88]">eventgroup_task</a> from main.o(i.eventgroup_task) referenced from main.o(i.start_task)
 <LI><a href="#[87]">eventsetbit_task</a> from main.o(i.eventsetbit_task) referenced from main.o(i.start_task)
 <LI><a href="#[82]">fputc</a> from usart.o(i.fputc) referenced from printfa.o(i.__0printf)
 <LI><a href="#[79]">main</a> from main.o(i.main) referenced from entry9a.o(.ARM.Collect$$$$0000000B)
 <LI><a href="#[84]">my_RNG</a> from utility.o(i.my_RNG) referenced from utility.o(i.init_public_key)
 <LI><a href="#[89]">prvIdleTask</a> from tasks.o(i.prvIdleTask) referenced from tasks.o(i.vTaskStartScheduler)
 <LI><a href="#[86]">prvTaskExitError</a> from port.o(i.prvTaskExitError) referenced from port.o(i.pxPortInitialiseStack)
 <LI><a href="#[8a]">prvTimerTask</a> from timers.o(i.prvTimerTask) referenced from timers.o(i.xTimerCreateTimerTask)
 <LI><a href="#[85]">start_task</a> from main.o(i.start_task) referenced from main.o(i.main)
</UL>
<P>
<H3>
Global Symbols
</H3>
<P><STRONG><a name="[7b]"></a>__main</STRONG> (Thumb, 0 bytes, Stack size unknown bytes, entry.o(.ARM.Collect$$$$00000000))
<BR>[Address Reference Count : 1]<UL><LI> startup_stm32f767xx.o(.text)
</UL>
<P><STRONG><a name="[26d]"></a>_main_stk</STRONG> (Thumb, 0 bytes, Stack size unknown bytes, entry2.o(.ARM.Collect$$$$00000001))

<P><STRONG><a name="[96]"></a>_main_scatterload</STRONG> (Thumb, 0 bytes, Stack size unknown bytes, entry5.o(.ARM.Collect$$$$00000004))
<BR><BR>[Calls]<UL><LI><a href="#[97]">&gt;&gt;</a>&nbsp;&nbsp;&nbsp;__scatterload
</UL>

<P><STRONG><a name="[a8]"></a>__main_after_scatterload</STRONG> (Thumb, 0 bytes, Stack size unknown bytes, entry5.o(.ARM.Collect$$$$00000004))
<BR><BR>[Called By]<UL><LI><a href="#[97]">&gt;&gt;</a>&nbsp;&nbsp;&nbsp;__scatterload
</UL>

<P><STRONG><a name="[26e]"></a>_main_clock</STRONG> (Thumb, 0 bytes, Stack size unknown bytes, entry7b.o(.ARM.Collect$$$$00000008))

<P><STRONG><a name="[26f]"></a>_main_cpp_init</STRONG> (Thumb, 0 bytes, Stack size unknown bytes, entry8b.o(.ARM.Collect$$$$0000000A))

<P><STRONG><a name="[270]"></a>_main_init</STRONG> (Thumb, 0 bytes, Stack size unknown bytes, entry9a.o(.ARM.Collect$$$$0000000B))

<P><STRONG><a name="[271]"></a>__rt_lib_shutdown_fini</STRONG> (Thumb, 0 bytes, Stack size unknown bytes, entry12b.o(.ARM.Collect$$$$0000000E))

<P><STRONG><a name="[272]"></a>__rt_final_cpp</STRONG> (Thumb, 0 bytes, Stack size unknown bytes, entry10a.o(.ARM.Collect$$$$0000000F))

<P><STRONG><a name="[273]"></a>__rt_final_exit</STRONG> (Thumb, 0 bytes, Stack size unknown bytes, entry11a.o(.ARM.Collect$$$$00000011))

<P><STRONG><a name="[9]"></a>SVC_Handler</STRONG> (Thumb, 28 bytes, Stack size 0 bytes, port.o(.emb_text))
<BR>[Address Reference Count : 1]<UL><LI> startup_stm32f767xx.o(RESET)
</UL>
<P><STRONG><a name="[268]"></a>__asm___6_port_c_tmp_1__prvStartFirstTask</STRONG> (Thumb, 28 bytes, Stack size 0 bytes, port.o(.emb_text))
<BR><BR>[Called By]<UL><LI><a href="#[265]">&gt;&gt;</a>&nbsp;&nbsp;&nbsp;xPortStartScheduler
</UL>

<P><STRONG><a name="[267]"></a>__asm___6_port_c_tmp_1__prvEnableVFP</STRONG> (Thumb, 16 bytes, Stack size 0 bytes, port.o(.emb_text))
<BR><BR>[Called By]<UL><LI><a href="#[265]">&gt;&gt;</a>&nbsp;&nbsp;&nbsp;xPortStartScheduler
</UL>

<P><STRONG><a name="[b]"></a>PendSV_Handler</STRONG> (Thumb, 92 bytes, Stack size 0 bytes, port.o(.emb_text))
<BR><BR>[Stack]<UL><LI>Max Depth = 32<LI>Call Chain = PendSV_Handler &rArr; vTaskSwitchContext &rArr; __2printf
</UL>
<BR>[Calls]<UL><LI><a href="#[98]">&gt;&gt;</a>&nbsp;&nbsp;&nbsp;vTaskSwitchContext
</UL>
<BR>[Address Reference Count : 1]<UL><LI> startup_stm32f767xx.o(RESET)
</UL>
<P><STRONG><a name="[25e]"></a>vPortGetIPSR</STRONG> (Thumb, 6 bytes, Stack size 0 bytes, port.o(.emb_text))
<BR><BR>[Called By]<UL><LI><a href="#[25d]">&gt;&gt;</a>&nbsp;&nbsp;&nbsp;vPortValidateInterruptPriority
</UL>

<P><STRONG><a name="[3]"></a>Reset_Handler</STRONG> (Thumb, 8 bytes, Stack size 0 bytes, startup_stm32f767xx.o(.text))
<BR>[Address Reference Count : 1]<UL><LI> startup_stm32f767xx.o(RESET)
</UL>
<P><STRONG><a name="[1f]"></a>ADC_IRQHandler</STRONG> (Thumb, 0 bytes, Stack size 0 bytes, startup_stm32f767xx.o(.text))
<BR><BR>[Calls]<UL><LI><a href="#[1f]">&gt;&gt;</a>&nbsp;&nbsp;&nbsp;ADC_IRQHandler
</UL>
<BR>[Called By]<UL><LI><a href="#[1f]">&gt;&gt;</a>&nbsp;&nbsp;&nbsp;ADC_IRQHandler
</UL>
<BR>[Address Reference Count : 1]<UL><LI> startup_stm32f767xx.o(RESET)
</UL>
<P><STRONG><a name="[21]"></a>CAN1_RX0_IRQHandler</STRONG> (Thumb, 0 bytes, Stack size 0 bytes, startup_stm32f767xx.o(.text))
<BR>[Address Reference Count : 1]<UL><LI> startup_stm32f767xx.o(RESET)
</UL>
<P><STRONG><a name="[22]"></a>CAN1_RX1_IRQHandler</STRONG> (Thumb, 0 bytes, Stack size 0 bytes, startup_stm32f767xx.o(.text))
<BR>[Address Reference Count : 1]<UL><LI> startup_stm32f767xx.o(RESET)
</UL>
<P><STRONG><a name="[23]"></a>CAN1_SCE_IRQHandler</STRONG> (Thumb, 0 bytes, Stack size 0 bytes, startup_stm32f767xx.o(.text))
<BR>[Address Reference Count : 1]<UL><LI> startup_stm32f767xx.o(RESET)
</UL>
<P><STRONG><a name="[20]"></a>CAN1_TX_IRQHandler</STRONG> (Thumb, 0 bytes, Stack size 0 bytes, startup_stm32f767xx.o(.text))
<BR>[Address Reference Count : 1]<UL><LI> startup_stm32f767xx.o(RESET)
</UL>
<P><STRONG><a name="[4d]"></a>CAN2_RX0_IRQHandler</STRONG> (Thumb, 0 bytes, Stack size 0 bytes, startup_stm32f767xx.o(.text))
<BR>[Address Reference Count : 1]<UL><LI> startup_stm32f767xx.o(RESET)
</UL>
<P><STRONG><a name="[4e]"></a>CAN2_RX1_IRQHandler</STRONG> (Thumb, 0 bytes, Stack size 0 bytes, startup_stm32f767xx.o(.text))
<BR>[Address Reference Count : 1]<UL><LI> startup_stm32f767xx.o(RESET)
</UL>
<P><STRONG><a name="[4f]"></a>CAN2_SCE_IRQHandler</STRONG> (Thumb, 0 bytes, Stack size 0 bytes, startup_stm32f767xx.o(.text))
<BR>[Address Reference Count : 1]<UL><LI> startup_stm32f767xx.o(RESET)
</UL>
<P><STRONG><a name="[4c]"></a>CAN2_TX_IRQHandler</STRONG> (Thumb, 0 bytes, Stack size 0 bytes, startup_stm32f767xx.o(.text))
<BR>[Address Reference Count : 1]<UL><LI> startup_stm32f767xx.o(RESET)
</UL>
<P><STRONG><a name="[74]"></a>CAN3_RX0_IRQHandler</STRONG> (Thumb, 0 bytes, Stack size 0 bytes, startup_stm32f767xx.o(.text))
<BR>[Address Reference Count : 1]<UL><LI> startup_stm32f767xx.o(RESET)
</UL>
<P><STRONG><a name="[75]"></a>CAN3_RX1_IRQHandler</STRONG> (Thumb, 0 bytes, Stack size 0 bytes, startup_stm32f767xx.o(.text))
<BR>[Address Reference Count : 1]<UL><LI> startup_stm32f767xx.o(RESET)
</UL>
<P><STRONG><a name="[76]"></a>CAN3_SCE_IRQHandler</STRONG> (Thumb, 0 bytes, Stack size 0 bytes, startup_stm32f767xx.o(.text))
<BR>[Address Reference Count : 1]<UL><LI> startup_stm32f767xx.o(RESET)
</UL>
<P><STRONG><a name="[73]"></a>CAN3_TX_IRQHandler</STRONG> (Thumb, 0 bytes, Stack size 0 bytes, startup_stm32f767xx.o(.text))
<BR>[Address Reference Count : 1]<UL><LI> startup_stm32f767xx.o(RESET)
</UL>
<P><STRONG><a name="[6a]"></a>CEC_IRQHandler</STRONG> (Thumb, 0 bytes, Stack size 0 bytes, startup_stm32f767xx.o(.text))
<BR>[Address Reference Count : 1]<UL><LI> startup_stm32f767xx.o(RESET)
</UL>
<P><STRONG><a name="[5b]"></a>DCMI_IRQHandler</STRONG> (Thumb, 0 bytes, Stack size 0 bytes, startup_stm32f767xx.o(.text))
<BR>[Address Reference Count : 1]<UL><LI> startup_stm32f767xx.o(RESET)
</UL>
<P><STRONG><a name="[6e]"></a>DFSDM1_FLT0_IRQHandler</STRONG> (Thumb, 0 bytes, Stack size 0 bytes, startup_stm32f767xx.o(.text))
<BR>[Address Reference Count : 1]<UL><LI> startup_stm32f767xx.o(RESET)
</UL>
<P><STRONG><a name="[6f]"></a>DFSDM1_FLT1_IRQHandler</STRONG> (Thumb, 0 bytes, Stack size 0 bytes, startup_stm32f767xx.o(.text))
<BR>[Address Reference Count : 1]<UL><LI> startup_stm32f767xx.o(RESET)
</UL>
<P><STRONG><a name="[70]"></a>DFSDM1_FLT2_IRQHandler</STRONG> (Thumb, 0 bytes, Stack size 0 bytes, startup_stm32f767xx.o(.text))
<BR>[Address Reference Count : 1]<UL><LI> startup_stm32f767xx.o(RESET)
</UL>
<P><STRONG><a name="[71]"></a>DFSDM1_FLT3_IRQHandler</STRONG> (Thumb, 0 bytes, Stack size 0 bytes, startup_stm32f767xx.o(.text))
<BR>[Address Reference Count : 1]<UL><LI> startup_stm32f767xx.o(RESET)
</UL>
<P><STRONG><a name="[18]"></a>DMA1_Stream0_IRQHandler</STRONG> (Thumb, 0 bytes, Stack size 0 bytes, startup_stm32f767xx.o(.text))
<BR>[Address Reference Count : 1]<UL><LI> startup_stm32f767xx.o(RESET)
</UL>
<P><STRONG><a name="[1a]"></a>DMA1_Stream2_IRQHandler</STRONG> (Thumb, 0 bytes, Stack size 0 bytes, startup_stm32f767xx.o(.text))
<BR>[Address Reference Count : 1]<UL><LI> startup_stm32f767xx.o(RESET)
</UL>
<P><STRONG><a name="[1c]"></a>DMA1_Stream4_IRQHandler</STRONG> (Thumb, 0 bytes, Stack size 0 bytes, startup_stm32f767xx.o(.text))
<BR>[Address Reference Count : 1]<UL><LI> startup_stm32f767xx.o(RESET)
</UL>
<P><STRONG><a name="[1d]"></a>DMA1_Stream5_IRQHandler</STRONG> (Thumb, 0 bytes, Stack size 0 bytes, startup_stm32f767xx.o(.text))
<BR>[Address Reference Count : 1]<UL><LI> startup_stm32f767xx.o(RESET)
</UL>
<P><STRONG><a name="[1e]"></a>DMA1_Stream6_IRQHandler</STRONG> (Thumb, 0 bytes, Stack size 0 bytes, startup_stm32f767xx.o(.text))
<BR>[Address Reference Count : 1]<UL><LI> startup_stm32f767xx.o(RESET)
</UL>
<P><STRONG><a name="[3c]"></a>DMA1_Stream7_IRQHandler</STRONG> (Thumb, 0 bytes, Stack size 0 bytes, startup_stm32f767xx.o(.text))
<BR>[Address Reference Count : 1]<UL><LI> startup_stm32f767xx.o(RESET)
</UL>
<P><STRONG><a name="[66]"></a>DMA2D_IRQHandler</STRONG> (Thumb, 0 bytes, Stack size 0 bytes, startup_stm32f767xx.o(.text))
<BR>[Address Reference Count : 1]<UL><LI> startup_stm32f767xx.o(RESET)
</UL>
<P><STRONG><a name="[45]"></a>DMA2_Stream0_IRQHandler</STRONG> (Thumb, 0 bytes, Stack size 0 bytes, startup_stm32f767xx.o(.text))
<BR>[Address Reference Count : 1]<UL><LI> startup_stm32f767xx.o(RESET)
</UL>
<P><STRONG><a name="[46]"></a>DMA2_Stream1_IRQHandler</STRONG> (Thumb, 0 bytes, Stack size 0 bytes, startup_stm32f767xx.o(.text))
<BR>[Address Reference Count : 1]<UL><LI> startup_stm32f767xx.o(RESET)
</UL>
<P><STRONG><a name="[47]"></a>DMA2_Stream2_IRQHandler</STRONG> (Thumb, 0 bytes, Stack size 0 bytes, startup_stm32f767xx.o(.text))
<BR>[Address Reference Count : 1]<UL><LI> startup_stm32f767xx.o(RESET)
</UL>
<P><STRONG><a name="[48]"></a>DMA2_Stream3_IRQHandler</STRONG> (Thumb, 0 bytes, Stack size 0 bytes, startup_stm32f767xx.o(.text))
<BR>[Address Reference Count : 1]<UL><LI> startup_stm32f767xx.o(RESET)
</UL>
<P><STRONG><a name="[49]"></a>DMA2_Stream4_IRQHandler</STRONG> (Thumb, 0 bytes, Stack size 0 bytes, startup_stm32f767xx.o(.text))
<BR>[Address Reference Count : 1]<UL><LI> startup_stm32f767xx.o(RESET)
</UL>
<P><STRONG><a name="[51]"></a>DMA2_Stream5_IRQHandler</STRONG> (Thumb, 0 bytes, Stack size 0 bytes, startup_stm32f767xx.o(.text))
<BR>[Address Reference Count : 1]<UL><LI> startup_stm32f767xx.o(RESET)
</UL>
<P><STRONG><a name="[52]"></a>DMA2_Stream6_IRQHandler</STRONG> (Thumb, 0 bytes, Stack size 0 bytes, startup_stm32f767xx.o(.text))
<BR>[Address Reference Count : 1]<UL><LI> startup_stm32f767xx.o(RESET)
</UL>
<P><STRONG><a name="[53]"></a>DMA2_Stream7_IRQHandler</STRONG> (Thumb, 0 bytes, Stack size 0 bytes, startup_stm32f767xx.o(.text))
<BR>[Address Reference Count : 1]<UL><LI> startup_stm32f767xx.o(RESET)
</UL>
<P><STRONG><a name="[4a]"></a>ETH_IRQHandler</STRONG> (Thumb, 0 bytes, Stack size 0 bytes, startup_stm32f767xx.o(.text))
<BR>[Address Reference Count : 1]<UL><LI> startup_stm32f767xx.o(RESET)
</UL>
<P><STRONG><a name="[4b]"></a>ETH_WKUP_IRQHandler</STRONG> (Thumb, 0 bytes, Stack size 0 bytes, startup_stm32f767xx.o(.text))
<BR>[Address Reference Count : 1]<UL><LI> startup_stm32f767xx.o(RESET)
</UL>
<P><STRONG><a name="[13]"></a>EXTI0_IRQHandler</STRONG> (Thumb, 0 bytes, Stack size 0 bytes, startup_stm32f767xx.o(.text))
<BR>[Address Reference Count : 1]<UL><LI> startup_stm32f767xx.o(RESET)
</UL>
<P><STRONG><a name="[14]"></a>EXTI1_IRQHandler</STRONG> (Thumb, 0 bytes, Stack size 0 bytes, startup_stm32f767xx.o(.text))
<BR>[Address Reference Count : 1]<UL><LI> startup_stm32f767xx.o(RESET)
</UL>
<P><STRONG><a name="[15]"></a>EXTI2_IRQHandler</STRONG> (Thumb, 0 bytes, Stack size 0 bytes, startup_stm32f767xx.o(.text))
<BR>[Address Reference Count : 1]<UL><LI> startup_stm32f767xx.o(RESET)
</UL>
<P><STRONG><a name="[16]"></a>EXTI3_IRQHandler</STRONG> (Thumb, 0 bytes, Stack size 0 bytes, startup_stm32f767xx.o(.text))
<BR>[Address Reference Count : 1]<UL><LI> startup_stm32f767xx.o(RESET)
</UL>
<P><STRONG><a name="[17]"></a>EXTI4_IRQHandler</STRONG> (Thumb, 0 bytes, Stack size 0 bytes, startup_stm32f767xx.o(.text))
<BR>[Address Reference Count : 1]<UL><LI> startup_stm32f767xx.o(RESET)
</UL>
<P><STRONG><a name="[24]"></a>EXTI9_5_IRQHandler</STRONG> (Thumb, 0 bytes, Stack size 0 bytes, startup_stm32f767xx.o(.text))
<BR>[Address Reference Count : 1]<UL><LI> startup_stm32f767xx.o(RESET)
</UL>
<P><STRONG><a name="[11]"></a>FLASH_IRQHandler</STRONG> (Thumb, 0 bytes, Stack size 0 bytes, startup_stm32f767xx.o(.text))
<BR>[Address Reference Count : 1]<UL><LI> startup_stm32f767xx.o(RESET)
</UL>
<P><STRONG><a name="[3d]"></a>FMC_IRQHandler</STRONG> (Thumb, 0 bytes, Stack size 0 bytes, startup_stm32f767xx.o(.text))
<BR>[Address Reference Count : 1]<UL><LI> startup_stm32f767xx.o(RESET)
</UL>
<P><STRONG><a name="[5d]"></a>FPU_IRQHandler</STRONG> (Thumb, 0 bytes, Stack size 0 bytes, startup_stm32f767xx.o(.text))
<BR>[Address Reference Count : 1]<UL><LI> startup_stm32f767xx.o(RESET)
</UL>
<P><STRONG><a name="[2d]"></a>I2C1_ER_IRQHandler</STRONG> (Thumb, 0 bytes, Stack size 0 bytes, startup_stm32f767xx.o(.text))
<BR>[Address Reference Count : 1]<UL><LI> startup_stm32f767xx.o(RESET)
</UL>
<P><STRONG><a name="[2c]"></a>I2C1_EV_IRQHandler</STRONG> (Thumb, 0 bytes, Stack size 0 bytes, startup_stm32f767xx.o(.text))
<BR>[Address Reference Count : 1]<UL><LI> startup_stm32f767xx.o(RESET)
</UL>
<P><STRONG><a name="[2f]"></a>I2C2_ER_IRQHandler</STRONG> (Thumb, 0 bytes, Stack size 0 bytes, startup_stm32f767xx.o(.text))
<BR>[Address Reference Count : 1]<UL><LI> startup_stm32f767xx.o(RESET)
</UL>
<P><STRONG><a name="[2e]"></a>I2C2_EV_IRQHandler</STRONG> (Thumb, 0 bytes, Stack size 0 bytes, startup_stm32f767xx.o(.text))
<BR>[Address Reference Count : 1]<UL><LI> startup_stm32f767xx.o(RESET)
</UL>
<P><STRONG><a name="[56]"></a>I2C3_ER_IRQHandler</STRONG> (Thumb, 0 bytes, Stack size 0 bytes, startup_stm32f767xx.o(.text))
<BR>[Address Reference Count : 1]<UL><LI> startup_stm32f767xx.o(RESET)
</UL>
<P><STRONG><a name="[55]"></a>I2C3_EV_IRQHandler</STRONG> (Thumb, 0 bytes, Stack size 0 bytes, startup_stm32f767xx.o(.text))
<BR>[Address Reference Count : 1]<UL><LI> startup_stm32f767xx.o(RESET)
</UL>
<P><STRONG><a name="[6c]"></a>I2C4_ER_IRQHandler</STRONG> (Thumb, 0 bytes, Stack size 0 bytes, startup_stm32f767xx.o(.text))
<BR>[Address Reference Count : 1]<UL><LI> startup_stm32f767xx.o(RESET)
</UL>
<P><STRONG><a name="[6b]"></a>I2C4_EV_IRQHandler</STRONG> (Thumb, 0 bytes, Stack size 0 bytes, startup_stm32f767xx.o(.text))
<BR>[Address Reference Count : 1]<UL><LI> startup_stm32f767xx.o(RESET)
</UL>
<P><STRONG><a name="[77]"></a>JPEG_IRQHandler</STRONG> (Thumb, 0 bytes, Stack size 0 bytes, startup_stm32f767xx.o(.text))
<BR>[Address Reference Count : 1]<UL><LI> startup_stm32f767xx.o(RESET)
</UL>
<P><STRONG><a name="[69]"></a>LPTIM1_IRQHandler</STRONG> (Thumb, 0 bytes, Stack size 0 bytes, startup_stm32f767xx.o(.text))
<BR>[Address Reference Count : 1]<UL><LI> startup_stm32f767xx.o(RESET)
</UL>
<P><STRONG><a name="[65]"></a>LTDC_ER_IRQHandler</STRONG> (Thumb, 0 bytes, Stack size 0 bytes, startup_stm32f767xx.o(.text))
<BR>[Address Reference Count : 1]<UL><LI> startup_stm32f767xx.o(RESET)
</UL>
<P><STRONG><a name="[64]"></a>LTDC_IRQHandler</STRONG> (Thumb, 0 bytes, Stack size 0 bytes, startup_stm32f767xx.o(.text))
<BR>[Address Reference Count : 1]<UL><LI> startup_stm32f767xx.o(RESET)
</UL>
<P><STRONG><a name="[78]"></a>MDIOS_IRQHandler</STRONG> (Thumb, 0 bytes, Stack size 0 bytes, startup_stm32f767xx.o(.text))
<BR>[Address Reference Count : 1]<UL><LI> startup_stm32f767xx.o(RESET)
</UL>
<P><STRONG><a name="[50]"></a>OTG_FS_IRQHandler</STRONG> (Thumb, 0 bytes, Stack size 0 bytes, startup_stm32f767xx.o(.text))
<BR>[Address Reference Count : 1]<UL><LI> startup_stm32f767xx.o(RESET)
</UL>
<P><STRONG><a name="[37]"></a>OTG_FS_WKUP_IRQHandler</STRONG> (Thumb, 0 bytes, Stack size 0 bytes, startup_stm32f767xx.o(.text))
<BR>[Address Reference Count : 1]<UL><LI> startup_stm32f767xx.o(RESET)
</UL>
<P><STRONG><a name="[58]"></a>OTG_HS_EP1_IN_IRQHandler</STRONG> (Thumb, 0 bytes, Stack size 0 bytes, startup_stm32f767xx.o(.text))
<BR>[Address Reference Count : 1]<UL><LI> startup_stm32f767xx.o(RESET)
</UL>
<P><STRONG><a name="[57]"></a>OTG_HS_EP1_OUT_IRQHandler</STRONG> (Thumb, 0 bytes, Stack size 0 bytes, startup_stm32f767xx.o(.text))
<BR>[Address Reference Count : 1]<UL><LI> startup_stm32f767xx.o(RESET)
</UL>
<P><STRONG><a name="[5a]"></a>OTG_HS_IRQHandler</STRONG> (Thumb, 0 bytes, Stack size 0 bytes, startup_stm32f767xx.o(.text))
<BR>[Address Reference Count : 1]<UL><LI> startup_stm32f767xx.o(RESET)
</UL>
<P><STRONG><a name="[59]"></a>OTG_HS_WKUP_IRQHandler</STRONG> (Thumb, 0 bytes, Stack size 0 bytes, startup_stm32f767xx.o(.text))
<BR>[Address Reference Count : 1]<UL><LI> startup_stm32f767xx.o(RESET)
</UL>
<P><STRONG><a name="[e]"></a>PVD_IRQHandler</STRONG> (Thumb, 0 bytes, Stack size 0 bytes, startup_stm32f767xx.o(.text))
<BR>[Address Reference Count : 1]<UL><LI> startup_stm32f767xx.o(RESET)
</UL>
<P><STRONG><a name="[68]"></a>QUADSPI_IRQHandler</STRONG> (Thumb, 0 bytes, Stack size 0 bytes, startup_stm32f767xx.o(.text))
<BR>[Address Reference Count : 1]<UL><LI> startup_stm32f767xx.o(RESET)
</UL>
<P><STRONG><a name="[12]"></a>RCC_IRQHandler</STRONG> (Thumb, 0 bytes, Stack size 0 bytes, startup_stm32f767xx.o(.text))
<BR>[Address Reference Count : 1]<UL><LI> startup_stm32f767xx.o(RESET)
</UL>
<P><STRONG><a name="[5c]"></a>RNG_IRQHandler</STRONG> (Thumb, 0 bytes, Stack size 0 bytes, startup_stm32f767xx.o(.text))
<BR>[Address Reference Count : 1]<UL><LI> startup_stm32f767xx.o(RESET)
</UL>
<P><STRONG><a name="[36]"></a>RTC_Alarm_IRQHandler</STRONG> (Thumb, 0 bytes, Stack size 0 bytes, startup_stm32f767xx.o(.text))
<BR>[Address Reference Count : 1]<UL><LI> startup_stm32f767xx.o(RESET)
</UL>
<P><STRONG><a name="[10]"></a>RTC_WKUP_IRQHandler</STRONG> (Thumb, 0 bytes, Stack size 0 bytes, startup_stm32f767xx.o(.text))
<BR>[Address Reference Count : 1]<UL><LI> startup_stm32f767xx.o(RESET)
</UL>
<P><STRONG><a name="[63]"></a>SAI1_IRQHandler</STRONG> (Thumb, 0 bytes, Stack size 0 bytes, startup_stm32f767xx.o(.text))
<BR>[Address Reference Count : 1]<UL><LI> startup_stm32f767xx.o(RESET)
</UL>
<P><STRONG><a name="[67]"></a>SAI2_IRQHandler</STRONG> (Thumb, 0 bytes, Stack size 0 bytes, startup_stm32f767xx.o(.text))
<BR>[Address Reference Count : 1]<UL><LI> startup_stm32f767xx.o(RESET)
</UL>
<P><STRONG><a name="[3e]"></a>SDMMC1_IRQHandler</STRONG> (Thumb, 0 bytes, Stack size 0 bytes, startup_stm32f767xx.o(.text))
<BR>[Address Reference Count : 1]<UL><LI> startup_stm32f767xx.o(RESET)
</UL>
<P><STRONG><a name="[72]"></a>SDMMC2_IRQHandler</STRONG> (Thumb, 0 bytes, Stack size 0 bytes, startup_stm32f767xx.o(.text))
<BR>[Address Reference Count : 1]<UL><LI> startup_stm32f767xx.o(RESET)
</UL>
<P><STRONG><a name="[6d]"></a>SPDIF_RX_IRQHandler</STRONG> (Thumb, 0 bytes, Stack size 0 bytes, startup_stm32f767xx.o(.text))
<BR>[Address Reference Count : 1]<UL><LI> startup_stm32f767xx.o(RESET)
</UL>
<P><STRONG><a name="[30]"></a>SPI1_IRQHandler</STRONG> (Thumb, 0 bytes, Stack size 0 bytes, startup_stm32f767xx.o(.text))
<BR>[Address Reference Count : 1]<UL><LI> startup_stm32f767xx.o(RESET)
</UL>
<P><STRONG><a name="[31]"></a>SPI2_IRQHandler</STRONG> (Thumb, 0 bytes, Stack size 0 bytes, startup_stm32f767xx.o(.text))
<BR>[Address Reference Count : 1]<UL><LI> startup_stm32f767xx.o(RESET)
</UL>
<P><STRONG><a name="[40]"></a>SPI3_IRQHandler</STRONG> (Thumb, 0 bytes, Stack size 0 bytes, startup_stm32f767xx.o(.text))
<BR>[Address Reference Count : 1]<UL><LI> startup_stm32f767xx.o(RESET)
</UL>
<P><STRONG><a name="[60]"></a>SPI4_IRQHandler</STRONG> (Thumb, 0 bytes, Stack size 0 bytes, startup_stm32f767xx.o(.text))
<BR>[Address Reference Count : 1]<UL><LI> startup_stm32f767xx.o(RESET)
</UL>
<P><STRONG><a name="[61]"></a>SPI5_IRQHandler</STRONG> (Thumb, 0 bytes, Stack size 0 bytes, startup_stm32f767xx.o(.text))
<BR>[Address Reference Count : 1]<UL><LI> startup_stm32f767xx.o(RESET)
</UL>
<P><STRONG><a name="[62]"></a>SPI6_IRQHandler</STRONG> (Thumb, 0 bytes, Stack size 0 bytes, startup_stm32f767xx.o(.text))
<BR>[Address Reference Count : 1]<UL><LI> startup_stm32f767xx.o(RESET)
</UL>
<P><STRONG><a name="[f]"></a>TAMP_STAMP_IRQHandler</STRONG> (Thumb, 0 bytes, Stack size 0 bytes, startup_stm32f767xx.o(.text))
<BR>[Address Reference Count : 1]<UL><LI> startup_stm32f767xx.o(RESET)
</UL>
<P><STRONG><a name="[28]"></a>TIM1_CC_IRQHandler</STRONG> (Thumb, 0 bytes, Stack size 0 bytes, startup_stm32f767xx.o(.text))
<BR>[Address Reference Count : 1]<UL><LI> startup_stm32f767xx.o(RESET)
</UL>
<P><STRONG><a name="[27]"></a>TIM1_TRG_COM_TIM11_IRQHandler</STRONG> (Thumb, 0 bytes, Stack size 0 bytes, startup_stm32f767xx.o(.text))
<BR>[Address Reference Count : 1]<UL><LI> startup_stm32f767xx.o(RESET)
</UL>
<P><STRONG><a name="[2a]"></a>TIM3_IRQHandler</STRONG> (Thumb, 0 bytes, Stack size 0 bytes, startup_stm32f767xx.o(.text))
<BR>[Address Reference Count : 1]<UL><LI> startup_stm32f767xx.o(RESET)
</UL>
<P><STRONG><a name="[2b]"></a>TIM4_IRQHandler</STRONG> (Thumb, 0 bytes, Stack size 0 bytes, startup_stm32f767xx.o(.text))
<BR>[Address Reference Count : 1]<UL><LI> startup_stm32f767xx.o(RESET)
</UL>
<P><STRONG><a name="[43]"></a>TIM6_DAC_IRQHandler</STRONG> (Thumb, 0 bytes, Stack size 0 bytes, startup_stm32f767xx.o(.text))
<BR>[Address Reference Count : 1]<UL><LI> startup_stm32f767xx.o(RESET)
</UL>
<P><STRONG><a name="[38]"></a>TIM8_BRK_TIM12_IRQHandler</STRONG> (Thumb, 0 bytes, Stack size 0 bytes, startup_stm32f767xx.o(.text))
<BR>[Address Reference Count : 1]<UL><LI> startup_stm32f767xx.o(RESET)
</UL>
<P><STRONG><a name="[3b]"></a>TIM8_CC_IRQHandler</STRONG> (Thumb, 0 bytes, Stack size 0 bytes, startup_stm32f767xx.o(.text))
<BR>[Address Reference Count : 1]<UL><LI> startup_stm32f767xx.o(RESET)
</UL>
<P><STRONG><a name="[3a]"></a>TIM8_TRG_COM_TIM14_IRQHandler</STRONG> (Thumb, 0 bytes, Stack size 0 bytes, startup_stm32f767xx.o(.text))
<BR>[Address Reference Count : 1]<UL><LI> startup_stm32f767xx.o(RESET)
</UL>
<P><STRONG><a name="[39]"></a>TIM8_UP_TIM13_IRQHandler</STRONG> (Thumb, 0 bytes, Stack size 0 bytes, startup_stm32f767xx.o(.text))
<BR>[Address Reference Count : 1]<UL><LI> startup_stm32f767xx.o(RESET)
</UL>
<P><STRONG><a name="[41]"></a>UART4_IRQHandler</STRONG> (Thumb, 0 bytes, Stack size 0 bytes, startup_stm32f767xx.o(.text))
<BR>[Address Reference Count : 1]<UL><LI> startup_stm32f767xx.o(RESET)
</UL>
<P><STRONG><a name="[42]"></a>UART5_IRQHandler</STRONG> (Thumb, 0 bytes, Stack size 0 bytes, startup_stm32f767xx.o(.text))
<BR>[Address Reference Count : 1]<UL><LI> startup_stm32f767xx.o(RESET)
</UL>
<P><STRONG><a name="[5e]"></a>UART7_IRQHandler</STRONG> (Thumb, 0 bytes, Stack size 0 bytes, startup_stm32f767xx.o(.text))
<BR>[Address Reference Count : 1]<UL><LI> startup_stm32f767xx.o(RESET)
</UL>
<P><STRONG><a name="[5f]"></a>UART8_IRQHandler</STRONG> (Thumb, 0 bytes, Stack size 0 bytes, startup_stm32f767xx.o(.text))
<BR>[Address Reference Count : 1]<UL><LI> startup_stm32f767xx.o(RESET)
</UL>
<P><STRONG><a name="[33]"></a>USART2_IRQHandler</STRONG> (Thumb, 0 bytes, Stack size 0 bytes, startup_stm32f767xx.o(.text))
<BR>[Address Reference Count : 1]<UL><LI> startup_stm32f767xx.o(RESET)
</UL>
<P><STRONG><a name="[54]"></a>USART6_IRQHandler</STRONG> (Thumb, 0 bytes, Stack size 0 bytes, startup_stm32f767xx.o(.text))
<BR>[Address Reference Count : 1]<UL><LI> startup_stm32f767xx.o(RESET)
</UL>
<P><STRONG><a name="[d]"></a>WWDG_IRQHandler</STRONG> (Thumb, 0 bytes, Stack size 0 bytes, startup_stm32f767xx.o(.text))
<BR>[Address Reference Count : 1]<UL><LI> startup_stm32f767xx.o(RESET)
</UL>
<P><STRONG><a name="[99]"></a>__aeabi_uldivmod</STRONG> (Thumb, 98 bytes, Stack size 40 bytes, uldiv.o(.text))
<BR><BR>[Stack]<UL><LI>Max Depth = 40<LI>Call Chain = __aeabi_uldivmod
</UL>
<BR>[Calls]<UL><LI><a href="#[9a]">&gt;&gt;</a>&nbsp;&nbsp;&nbsp;__aeabi_llsr
<LI><a href="#[9b]">&gt;&gt;</a>&nbsp;&nbsp;&nbsp;__aeabi_llsl
</UL>
<BR>[Called By]<UL><LI><a href="#[17b]">&gt;&gt;</a>&nbsp;&nbsp;&nbsp;HAL_RCC_GetSysClockFreq
<LI><a href="#[206]">&gt;&gt;</a>&nbsp;&nbsp;&nbsp;_printf_core
<LI><a href="#[209]">&gt;&gt;</a>&nbsp;&nbsp;&nbsp;_fp_digits
</UL>

<P><STRONG><a name="[9b]"></a>__aeabi_llsl</STRONG> (Thumb, 30 bytes, Stack size 0 bytes, llshl.o(.text))
<BR><BR>[Called By]<UL><LI><a href="#[a1]">&gt;&gt;</a>&nbsp;&nbsp;&nbsp;_double_epilogue
<LI><a href="#[9f]">&gt;&gt;</a>&nbsp;&nbsp;&nbsp;__aeabi_dadd
<LI><a href="#[a7]">&gt;&gt;</a>&nbsp;&nbsp;&nbsp;__aeabi_d2ulz
<LI><a href="#[99]">&gt;&gt;</a>&nbsp;&nbsp;&nbsp;__aeabi_uldivmod
</UL>

<P><STRONG><a name="[274]"></a>_ll_shift_l</STRONG> (Thumb, 0 bytes, Stack size 0 bytes, llshl.o(.text), UNUSED)

<P><STRONG><a name="[9a]"></a>__aeabi_llsr</STRONG> (Thumb, 32 bytes, Stack size 0 bytes, llushr.o(.text))
<BR><BR>[Called By]<UL><LI><a href="#[a1]">&gt;&gt;</a>&nbsp;&nbsp;&nbsp;_double_epilogue
<LI><a href="#[a7]">&gt;&gt;</a>&nbsp;&nbsp;&nbsp;__aeabi_d2ulz
<LI><a href="#[99]">&gt;&gt;</a>&nbsp;&nbsp;&nbsp;__aeabi_uldivmod
</UL>

<P><STRONG><a name="[275]"></a>_ll_ushift_r</STRONG> (Thumb, 0 bytes, Stack size 0 bytes, llushr.o(.text), UNUSED)

<P><STRONG><a name="[231]"></a>__aeabi_memcpy</STRONG> (Thumb, 36 bytes, Stack size 0 bytes, memcpya.o(.text))
<BR><BR>[Called By]<UL><LI><a href="#[232]">&gt;&gt;</a>&nbsp;&nbsp;&nbsp;prvCopyDataToQueue
<LI><a href="#[230]">&gt;&gt;</a>&nbsp;&nbsp;&nbsp;prvCopyDataFromQueue
</UL>

<P><STRONG><a name="[21c]"></a>__aeabi_memcpy4</STRONG> (Thumb, 0 bytes, Stack size 0 bytes, memcpya.o(.text))
<BR><BR>[Called By]<UL><LI><a href="#[21b]">&gt;&gt;</a>&nbsp;&nbsp;&nbsp;init_thres_enc
</UL>

<P><STRONG><a name="[276]"></a>__aeabi_memcpy8</STRONG> (Thumb, 0 bytes, Stack size 0 bytes, memcpya.o(.text), UNUSED)

<P><STRONG><a name="[9d]"></a>__aeabi_memset</STRONG> (Thumb, 14 bytes, Stack size 0 bytes, memseta.o(.text))
<BR><BR>[Called By]<UL><LI><a href="#[23a]">&gt;&gt;</a>&nbsp;&nbsp;&nbsp;prvInitialiseNewTask
<LI><a href="#[9e]">&gt;&gt;</a>&nbsp;&nbsp;&nbsp;memset
<LI><a href="#[9c]">&gt;&gt;</a>&nbsp;&nbsp;&nbsp;__aeabi_memclr
</UL>

<P><STRONG><a name="[277]"></a>__aeabi_memset4</STRONG> (Thumb, 0 bytes, Stack size 0 bytes, memseta.o(.text), UNUSED)

<P><STRONG><a name="[278]"></a>__aeabi_memset8</STRONG> (Thumb, 0 bytes, Stack size 0 bytes, memseta.o(.text), UNUSED)

<P><STRONG><a name="[9c]"></a>__aeabi_memclr</STRONG> (Thumb, 4 bytes, Stack size 0 bytes, memseta.o(.text), UNUSED)
<BR><BR>[Calls]<UL><LI><a href="#[9d]">&gt;&gt;</a>&nbsp;&nbsp;&nbsp;__aeabi_memset
</UL>

<P><STRONG><a name="[1bb]"></a>__aeabi_memclr4</STRONG> (Thumb, 0 bytes, Stack size 0 bytes, memseta.o(.text))
<BR><BR>[Called By]<UL><LI><a href="#[1d2]">&gt;&gt;</a>&nbsp;&nbsp;&nbsp;RBC_INIT_handler
<LI><a href="#[1d1]">&gt;&gt;</a>&nbsp;&nbsp;&nbsp;RBC_ER_handler
<LI><a href="#[1cf]">&gt;&gt;</a>&nbsp;&nbsp;&nbsp;PRBC_SIG_handler
<LI><a href="#[1ba]">&gt;&gt;</a>&nbsp;&nbsp;&nbsp;PACKET_handler
<LI><a href="#[1ff]">&gt;&gt;</a>&nbsp;&nbsp;&nbsp;mod_sqrt_secp224r1_rp(unsigned*, unsigned*, unsigned*, const unsigned*, const unsigned*)
<LI><a href="#[8c]">&gt;&gt;</a>&nbsp;&nbsp;&nbsp;mod_sqrt_default(unsigned*, const uECC_Curve_t*)
<LI><a href="#[8d]">&gt;&gt;</a>&nbsp;&nbsp;&nbsp;x_side_default(unsigned*, const unsigned*, const uECC_Curve_t*)
</UL>

<P><STRONG><a name="[279]"></a>__aeabi_memclr8</STRONG> (Thumb, 0 bytes, Stack size 0 bytes, memseta.o(.text), UNUSED)

<P><STRONG><a name="[9e]"></a>memset</STRONG> (Thumb, 18 bytes, Stack size 8 bytes, memseta.o(.text), UNUSED)
<BR><BR>[Calls]<UL><LI><a href="#[9d]">&gt;&gt;</a>&nbsp;&nbsp;&nbsp;__aeabi_memset
</UL>

<P><STRONG><a name="[21f]"></a>strstr</STRONG> (Thumb, 36 bytes, Stack size 12 bytes, strstr.o(.text))
<BR><BR>[Stack]<UL><LI>Max Depth = 12<LI>Call Chain = strstr
</UL>
<BR>[Called By]<UL><LI><a href="#[21e]">&gt;&gt;</a>&nbsp;&nbsp;&nbsp;lora_check_cmd
</UL>

<P><STRONG><a name="[258]"></a>strlen</STRONG> (Thumb, 14 bytes, Stack size 0 bytes, strlen.o(.text))
<BR><BR>[Called By]<UL><LI><a href="#[1b3]">&gt;&gt;</a>&nbsp;&nbsp;&nbsp;usart3_sendData
</UL>

<P><STRONG><a name="[27a]"></a>__aeabi_uidiv</STRONG> (Thumb, 0 bytes, Stack size 12 bytes, uidiv.o(.text), UNUSED)

<P><STRONG><a name="[20d]"></a>__aeabi_uidivmod</STRONG> (Thumb, 44 bytes, Stack size 12 bytes, uidiv.o(.text), UNUSED)
<BR><BR>[Called By]<UL><LI><a href="#[206]">&gt;&gt;</a>&nbsp;&nbsp;&nbsp;_printf_core
</UL>

<P><STRONG><a name="[27b]"></a>__I$use$fp</STRONG> (Thumb, 0 bytes, Stack size 48 bytes, iusefp.o(.text), UNUSED)

<P><STRONG><a name="[9f]"></a>__aeabi_dadd</STRONG> (Thumb, 322 bytes, Stack size 48 bytes, dadd.o(.text), UNUSED)
<BR><BR>[Calls]<UL><LI><a href="#[a0]">&gt;&gt;</a>&nbsp;&nbsp;&nbsp;__aeabi_lasr
<LI><a href="#[a2]">&gt;&gt;</a>&nbsp;&nbsp;&nbsp;_double_round
<LI><a href="#[a1]">&gt;&gt;</a>&nbsp;&nbsp;&nbsp;_double_epilogue
<LI><a href="#[9b]">&gt;&gt;</a>&nbsp;&nbsp;&nbsp;__aeabi_llsl
</UL>
<BR>[Called By]<UL><LI><a href="#[a4]">&gt;&gt;</a>&nbsp;&nbsp;&nbsp;__aeabi_drsub
<LI><a href="#[a3]">&gt;&gt;</a>&nbsp;&nbsp;&nbsp;__aeabi_dsub
<LI><a href="#[209]">&gt;&gt;</a>&nbsp;&nbsp;&nbsp;_fp_digits
</UL>

<P><STRONG><a name="[a3]"></a>__aeabi_dsub</STRONG> (Thumb, 6 bytes, Stack size 0 bytes, dadd.o(.text), UNUSED)
<BR><BR>[Calls]<UL><LI><a href="#[9f]">&gt;&gt;</a>&nbsp;&nbsp;&nbsp;__aeabi_dadd
</UL>

<P><STRONG><a name="[a4]"></a>__aeabi_drsub</STRONG> (Thumb, 6 bytes, Stack size 0 bytes, dadd.o(.text), UNUSED)
<BR><BR>[Calls]<UL><LI><a href="#[9f]">&gt;&gt;</a>&nbsp;&nbsp;&nbsp;__aeabi_dadd
</UL>

<P><STRONG><a name="[a5]"></a>__aeabi_dmul</STRONG> (Thumb, 228 bytes, Stack size 48 bytes, dmul.o(.text), UNUSED)
<BR><BR>[Calls]<UL><LI><a href="#[a1]">&gt;&gt;</a>&nbsp;&nbsp;&nbsp;_double_epilogue
</UL>
<BR>[Called By]<UL><LI><a href="#[209]">&gt;&gt;</a>&nbsp;&nbsp;&nbsp;_fp_digits
</UL>

<P><STRONG><a name="[a6]"></a>__aeabi_ddiv</STRONG> (Thumb, 222 bytes, Stack size 32 bytes, ddiv.o(.text), UNUSED)
<BR><BR>[Calls]<UL><LI><a href="#[a2]">&gt;&gt;</a>&nbsp;&nbsp;&nbsp;_double_round
</UL>
<BR>[Called By]<UL><LI><a href="#[209]">&gt;&gt;</a>&nbsp;&nbsp;&nbsp;_fp_digits
</UL>

<P><STRONG><a name="[a7]"></a>__aeabi_d2ulz</STRONG> (Thumb, 48 bytes, Stack size 0 bytes, dfixul.o(.text), UNUSED)
<BR><BR>[Calls]<UL><LI><a href="#[9a]">&gt;&gt;</a>&nbsp;&nbsp;&nbsp;__aeabi_llsr
<LI><a href="#[9b]">&gt;&gt;</a>&nbsp;&nbsp;&nbsp;__aeabi_llsl
</UL>
<BR>[Called By]<UL><LI><a href="#[209]">&gt;&gt;</a>&nbsp;&nbsp;&nbsp;_fp_digits
</UL>

<P><STRONG><a name="[20a]"></a>__aeabi_cdrcmple</STRONG> (Thumb, 48 bytes, Stack size 0 bytes, cdrcmple.o(.text), UNUSED)
<BR><BR>[Called By]<UL><LI><a href="#[209]">&gt;&gt;</a>&nbsp;&nbsp;&nbsp;_fp_digits
</UL>

<P><STRONG><a name="[97]"></a>__scatterload</STRONG> (Thumb, 28 bytes, Stack size 0 bytes, init.o(.text))
<BR><BR>[Calls]<UL><LI><a href="#[a8]">&gt;&gt;</a>&nbsp;&nbsp;&nbsp;__main_after_scatterload
</UL>
<BR>[Called By]<UL><LI><a href="#[96]">&gt;&gt;</a>&nbsp;&nbsp;&nbsp;_main_scatterload
</UL>

<P><STRONG><a name="[27c]"></a>__scatterload_rt2</STRONG> (Thumb, 0 bytes, Stack size 0 bytes, init.o(.text), UNUSED)

<P><STRONG><a name="[a0]"></a>__aeabi_lasr</STRONG> (Thumb, 36 bytes, Stack size 0 bytes, llsshr.o(.text), UNUSED)
<BR><BR>[Called By]<UL><LI><a href="#[9f]">&gt;&gt;</a>&nbsp;&nbsp;&nbsp;__aeabi_dadd
</UL>

<P><STRONG><a name="[27d]"></a>_ll_sshift_r</STRONG> (Thumb, 0 bytes, Stack size 0 bytes, llsshr.o(.text), UNUSED)

<P><STRONG><a name="[a2]"></a>_double_round</STRONG> (Thumb, 30 bytes, Stack size 8 bytes, depilogue.o(.text), UNUSED)
<BR><BR>[Called By]<UL><LI><a href="#[a1]">&gt;&gt;</a>&nbsp;&nbsp;&nbsp;_double_epilogue
<LI><a href="#[a6]">&gt;&gt;</a>&nbsp;&nbsp;&nbsp;__aeabi_ddiv
<LI><a href="#[9f]">&gt;&gt;</a>&nbsp;&nbsp;&nbsp;__aeabi_dadd
</UL>

<P><STRONG><a name="[a1]"></a>_double_epilogue</STRONG> (Thumb, 156 bytes, Stack size 32 bytes, depilogue.o(.text), UNUSED)
<BR><BR>[Calls]<UL><LI><a href="#[a2]">&gt;&gt;</a>&nbsp;&nbsp;&nbsp;_double_round
<LI><a href="#[9a]">&gt;&gt;</a>&nbsp;&nbsp;&nbsp;__aeabi_llsr
<LI><a href="#[9b]">&gt;&gt;</a>&nbsp;&nbsp;&nbsp;__aeabi_llsl
</UL>
<BR>[Called By]<UL><LI><a href="#[a5]">&gt;&gt;</a>&nbsp;&nbsp;&nbsp;__aeabi_dmul
<LI><a href="#[9f]">&gt;&gt;</a>&nbsp;&nbsp;&nbsp;__aeabi_dadd
</UL>

<P><STRONG><a name="[27e]"></a>__decompress</STRONG> (Thumb, 0 bytes, Stack size unknown bytes, __dclz77c.o(.text), UNUSED)

<P><STRONG><a name="[27f]"></a>__decompress2</STRONG> (Thumb, 94 bytes, Stack size unknown bytes, __dclz77c.o(.text), UNUSED)

<P><STRONG><a name="[a9]"></a>Aux_Int</STRONG> (Thumb, 64 bytes, Stack size 8 bytes, mw1268_app.o(i.Aux_Int))
<BR><BR>[Stack]<UL><LI>Max Depth = 32<LI>Call Chain = Aux_Int &rArr; HAL_GPIO_Init
</UL>
<BR>[Calls]<UL><LI><a href="#[ac]">&gt;&gt;</a>&nbsp;&nbsp;&nbsp;HAL_NVIC_EnableIRQ
<LI><a href="#[aa]">&gt;&gt;</a>&nbsp;&nbsp;&nbsp;HAL_NVIC_DisableIRQ
<LI><a href="#[ab]">&gt;&gt;</a>&nbsp;&nbsp;&nbsp;HAL_GPIO_Init
</UL>
<BR>[Called By]<UL><LI><a href="#[1b4]">&gt;&gt;</a>&nbsp;&nbsp;&nbsp;LoRa_Set
<LI><a href="#[1aa]">&gt;&gt;</a>&nbsp;&nbsp;&nbsp;LoRa_Init
<LI><a href="#[35]">&gt;&gt;</a>&nbsp;&nbsp;&nbsp;EXTI15_10_IRQHandler
</UL>

<P><STRONG><a name="[b6]"></a>BIG_160_28_add</STRONG> (Thumb, 30 bytes, Stack size 12 bytes, big_160_28.o(i.BIG_160_28_add))
<BR><BR>[Stack]<UL><LI>Max Depth = 12<LI>Call Chain = BIG_160_28_add
</UL>
<BR>[Called By]<UL><LI><a href="#[d8]">&gt;&gt;</a>&nbsp;&nbsp;&nbsp;FP2_BN158_mul
<LI><a href="#[15d]">&gt;&gt;</a>&nbsp;&nbsp;&nbsp;FP_BN158_div2
<LI><a href="#[105]">&gt;&gt;</a>&nbsp;&nbsp;&nbsp;FP_BN158_add
<LI><a href="#[ad]">&gt;&gt;</a>&nbsp;&nbsp;&nbsp;BIG_160_28_ctddiv
<LI><a href="#[1c6]">&gt;&gt;</a>&nbsp;&nbsp;&nbsp;gs
<LI><a href="#[1c4]">&gt;&gt;</a>&nbsp;&nbsp;&nbsp;glv
<LI><a href="#[121]">&gt;&gt;</a>&nbsp;&nbsp;&nbsp;ECP_BN158_mul2
<LI><a href="#[c3]">&gt;&gt;</a>&nbsp;&nbsp;&nbsp;BIG_160_28_invmodp
<LI><a href="#[cb]">&gt;&gt;</a>&nbsp;&nbsp;&nbsp;BIG_160_28_modadd
</UL>

<P><STRONG><a name="[14c]"></a>BIG_160_28_bit</STRONG> (Thumb, 44 bytes, Stack size 8 bytes, big_160_28.o(i.BIG_160_28_bit))
<BR><BR>[Stack]<UL><LI>Max Depth = 8<LI>Call Chain = BIG_160_28_bit
</UL>
<BR>[Called By]<UL><LI><a href="#[14a]">&gt;&gt;</a>&nbsp;&nbsp;&nbsp;FP12_BN158_pow
<LI><a href="#[1c8]">&gt;&gt;</a>&nbsp;&nbsp;&nbsp;PAIR_BN158_ate
<LI><a href="#[1cc]">&gt;&gt;</a>&nbsp;&nbsp;&nbsp;PAIR_BN158_double_ate
</UL>

<P><STRONG><a name="[b8]"></a>BIG_160_28_cmove</STRONG> (Thumb, 84 bytes, Stack size 32 bytes, big_160_28.o(i.BIG_160_28_cmove))
<BR><BR>[Stack]<UL><LI>Max Depth = 32<LI>Call Chain = BIG_160_28_cmove
</UL>
<BR>[Called By]<UL><LI><a href="#[10e]">&gt;&gt;</a>&nbsp;&nbsp;&nbsp;FP_BN158_reduce
<LI><a href="#[15d]">&gt;&gt;</a>&nbsp;&nbsp;&nbsp;FP_BN158_div2
<LI><a href="#[111]">&gt;&gt;</a>&nbsp;&nbsp;&nbsp;FP_BN158_cmove
<LI><a href="#[bd]">&gt;&gt;</a>&nbsp;&nbsp;&nbsp;BIG_160_28_ctmod
<LI><a href="#[ad]">&gt;&gt;</a>&nbsp;&nbsp;&nbsp;BIG_160_28_ctddiv
<LI><a href="#[121]">&gt;&gt;</a>&nbsp;&nbsp;&nbsp;ECP_BN158_mul2
<LI><a href="#[c3]">&gt;&gt;</a>&nbsp;&nbsp;&nbsp;BIG_160_28_invmodp
</UL>

<P><STRONG><a name="[c8]"></a>BIG_160_28_comp</STRONG> (Thumb, 60 bytes, Stack size 16 bytes, big_160_28.o(i.BIG_160_28_comp))
<BR><BR>[Stack]<UL><LI>Max Depth = 16<LI>Call Chain = BIG_160_28_comp
</UL>
<BR>[Called By]<UL><LI><a href="#[118]">&gt;&gt;</a>&nbsp;&nbsp;&nbsp;FP_BN158_islarger
<LI><a href="#[10c]">&gt;&gt;</a>&nbsp;&nbsp;&nbsp;FP_BN158_equals
<LI><a href="#[c3]">&gt;&gt;</a>&nbsp;&nbsp;&nbsp;BIG_160_28_invmodp
</UL>

<P><STRONG><a name="[be]"></a>BIG_160_28_copy</STRONG> (Thumb, 22 bytes, Stack size 0 bytes, big_160_28.o(i.BIG_160_28_copy))
<BR><BR>[Called By]<UL><LI><a href="#[163]">&gt;&gt;</a>&nbsp;&nbsp;&nbsp;FP_BN158_pow
<LI><a href="#[f7]">&gt;&gt;</a>&nbsp;&nbsp;&nbsp;ECP2_BN158_mul4
<LI><a href="#[15d]">&gt;&gt;</a>&nbsp;&nbsp;&nbsp;FP_BN158_div2
<LI><a href="#[10f]">&gt;&gt;</a>&nbsp;&nbsp;&nbsp;FP_BN158_copy
<LI><a href="#[bd]">&gt;&gt;</a>&nbsp;&nbsp;&nbsp;BIG_160_28_ctmod
<LI><a href="#[1c6]">&gt;&gt;</a>&nbsp;&nbsp;&nbsp;gs
<LI><a href="#[1c4]">&gt;&gt;</a>&nbsp;&nbsp;&nbsp;glv
<LI><a href="#[14a]">&gt;&gt;</a>&nbsp;&nbsp;&nbsp;FP12_BN158_pow
<LI><a href="#[121]">&gt;&gt;</a>&nbsp;&nbsp;&nbsp;ECP_BN158_mul2
<LI><a href="#[c3]">&gt;&gt;</a>&nbsp;&nbsp;&nbsp;BIG_160_28_invmodp
<LI><a href="#[d3]">&gt;&gt;</a>&nbsp;&nbsp;&nbsp;BIG_160_28_toBytes
<LI><a href="#[ca]">&gt;&gt;</a>&nbsp;&nbsp;&nbsp;BIG_160_28_nbits
<LI><a href="#[1c5]">&gt;&gt;</a>&nbsp;&nbsp;&nbsp;PAIR_BN158_G2mul
<LI><a href="#[1c3]">&gt;&gt;</a>&nbsp;&nbsp;&nbsp;PAIR_BN158_G1mul
<LI><a href="#[cf]">&gt;&gt;</a>&nbsp;&nbsp;&nbsp;BIG_160_28_modneg
<LI><a href="#[ce]">&gt;&gt;</a>&nbsp;&nbsp;&nbsp;BIG_160_28_modmul
<LI><a href="#[cc]">&gt;&gt;</a>&nbsp;&nbsp;&nbsp;BIG_160_28_moddiv
<LI><a href="#[cb]">&gt;&gt;</a>&nbsp;&nbsp;&nbsp;BIG_160_28_modadd
<LI><a href="#[1ce]">&gt;&gt;</a>&nbsp;&nbsp;&nbsp;lagrange
</UL>

<P><STRONG><a name="[ad]"></a>BIG_160_28_ctddiv</STRONG> (Thumb, 160 bytes, Stack size 172 bytes, big_160_28.o(i.BIG_160_28_ctddiv))
<BR><BR>[Stack]<UL><LI>Max Depth = 204<LI>Call Chain = BIG_160_28_ctddiv &rArr; BIG_160_28_cmove
</UL>
<BR>[Calls]<UL><LI><a href="#[b4]">&gt;&gt;</a>&nbsp;&nbsp;&nbsp;BIG_160_28_dsub
<LI><a href="#[af]">&gt;&gt;</a>&nbsp;&nbsp;&nbsp;BIG_160_28_dnorm
<LI><a href="#[ae]">&gt;&gt;</a>&nbsp;&nbsp;&nbsp;BIG_160_28_dscopy
<LI><a href="#[b8]">&gt;&gt;</a>&nbsp;&nbsp;&nbsp;BIG_160_28_cmove
<LI><a href="#[b2]">&gt;&gt;</a>&nbsp;&nbsp;&nbsp;BIG_160_28_shl
<LI><a href="#[ba]">&gt;&gt;</a>&nbsp;&nbsp;&nbsp;BIG_160_28_fshr
<LI><a href="#[b0]">&gt;&gt;</a>&nbsp;&nbsp;&nbsp;BIG_160_28_zero
<LI><a href="#[b7]">&gt;&gt;</a>&nbsp;&nbsp;&nbsp;BIG_160_28_norm
<LI><a href="#[b1]">&gt;&gt;</a>&nbsp;&nbsp;&nbsp;BIG_160_28_inc
<LI><a href="#[b6]">&gt;&gt;</a>&nbsp;&nbsp;&nbsp;BIG_160_28_add
<LI><a href="#[b9]">&gt;&gt;</a>&nbsp;&nbsp;&nbsp;BIG_160_28_dshr
<LI><a href="#[b3]">&gt;&gt;</a>&nbsp;&nbsp;&nbsp;BIG_160_28_dshl
<LI><a href="#[b5]">&gt;&gt;</a>&nbsp;&nbsp;&nbsp;BIG_160_28_dcmove
</UL>
<BR>[Called By]<UL><LI><a href="#[1c6]">&gt;&gt;</a>&nbsp;&nbsp;&nbsp;gs
<LI><a href="#[1c4]">&gt;&gt;</a>&nbsp;&nbsp;&nbsp;glv
</UL>

<P><STRONG><a name="[bb]"></a>BIG_160_28_ctdmod</STRONG> (Thumb, 104 bytes, Stack size 120 bytes, big_160_28.o(i.BIG_160_28_ctdmod))
<BR><BR>[Stack]<UL><LI>Max Depth = 152<LI>Call Chain = BIG_160_28_ctdmod &rArr; BIG_160_28_dcmove
</UL>
<BR>[Calls]<UL><LI><a href="#[b4]">&gt;&gt;</a>&nbsp;&nbsp;&nbsp;BIG_160_28_dsub
<LI><a href="#[af]">&gt;&gt;</a>&nbsp;&nbsp;&nbsp;BIG_160_28_dnorm
<LI><a href="#[ae]">&gt;&gt;</a>&nbsp;&nbsp;&nbsp;BIG_160_28_dscopy
<LI><a href="#[bc]">&gt;&gt;</a>&nbsp;&nbsp;&nbsp;BIG_160_28_sdcopy
<LI><a href="#[b9]">&gt;&gt;</a>&nbsp;&nbsp;&nbsp;BIG_160_28_dshr
<LI><a href="#[b3]">&gt;&gt;</a>&nbsp;&nbsp;&nbsp;BIG_160_28_dshl
<LI><a href="#[b5]">&gt;&gt;</a>&nbsp;&nbsp;&nbsp;BIG_160_28_dcmove
</UL>
<BR>[Called By]<UL><LI><a href="#[ce]">&gt;&gt;</a>&nbsp;&nbsp;&nbsp;BIG_160_28_modmul
<LI><a href="#[cc]">&gt;&gt;</a>&nbsp;&nbsp;&nbsp;BIG_160_28_moddiv
</UL>

<P><STRONG><a name="[bd]"></a>BIG_160_28_ctmod</STRONG> (Thumb, 90 bytes, Stack size 68 bytes, big_160_28.o(i.BIG_160_28_ctmod))
<BR><BR>[Stack]<UL><LI>Max Depth = 100<LI>Call Chain = BIG_160_28_ctmod &rArr; BIG_160_28_cmove
</UL>
<BR>[Calls]<UL><LI><a href="#[bf]">&gt;&gt;</a>&nbsp;&nbsp;&nbsp;BIG_160_28_sub
<LI><a href="#[b8]">&gt;&gt;</a>&nbsp;&nbsp;&nbsp;BIG_160_28_cmove
<LI><a href="#[b2]">&gt;&gt;</a>&nbsp;&nbsp;&nbsp;BIG_160_28_shl
<LI><a href="#[ba]">&gt;&gt;</a>&nbsp;&nbsp;&nbsp;BIG_160_28_fshr
<LI><a href="#[b7]">&gt;&gt;</a>&nbsp;&nbsp;&nbsp;BIG_160_28_norm
<LI><a href="#[be]">&gt;&gt;</a>&nbsp;&nbsp;&nbsp;BIG_160_28_copy
</UL>
<BR>[Called By]<UL><LI><a href="#[1c6]">&gt;&gt;</a>&nbsp;&nbsp;&nbsp;gs
<LI><a href="#[1c4]">&gt;&gt;</a>&nbsp;&nbsp;&nbsp;glv
<LI><a href="#[c4]">&gt;&gt;</a>&nbsp;&nbsp;&nbsp;BIG_160_28_mod
<LI><a href="#[cb]">&gt;&gt;</a>&nbsp;&nbsp;&nbsp;BIG_160_28_modadd
</UL>

<P><STRONG><a name="[15a]"></a>BIG_160_28_dadd</STRONG> (Thumb, 30 bytes, Stack size 12 bytes, big_160_28.o(i.BIG_160_28_dadd))
<BR><BR>[Stack]<UL><LI>Max Depth = 12<LI>Call Chain = BIG_160_28_dadd
</UL>
<BR>[Called By]<UL><LI><a href="#[d8]">&gt;&gt;</a>&nbsp;&nbsp;&nbsp;FP2_BN158_mul
</UL>

<P><STRONG><a name="[b5]"></a>BIG_160_28_dcmove</STRONG> (Thumb, 84 bytes, Stack size 32 bytes, big_160_28.o(i.BIG_160_28_dcmove))
<BR><BR>[Stack]<UL><LI>Max Depth = 32<LI>Call Chain = BIG_160_28_dcmove
</UL>
<BR>[Called By]<UL><LI><a href="#[ad]">&gt;&gt;</a>&nbsp;&nbsp;&nbsp;BIG_160_28_ctddiv
<LI><a href="#[bb]">&gt;&gt;</a>&nbsp;&nbsp;&nbsp;BIG_160_28_ctdmod
</UL>

<P><STRONG><a name="[c0]"></a>BIG_160_28_dec</STRONG> (Thumb, 20 bytes, Stack size 12 bytes, big_160_28.o(i.BIG_160_28_dec))
<BR><BR>[Stack]<UL><LI>Max Depth = 20<LI>Call Chain = BIG_160_28_dec &rArr; BIG_160_28_norm
</UL>
<BR>[Calls]<UL><LI><a href="#[b7]">&gt;&gt;</a>&nbsp;&nbsp;&nbsp;BIG_160_28_norm
</UL>
<BR>[Called By]<UL><LI><a href="#[15e]">&gt;&gt;</a>&nbsp;&nbsp;&nbsp;FP_BN158_progen
<LI><a href="#[163]">&gt;&gt;</a>&nbsp;&nbsp;&nbsp;FP_BN158_pow
<LI><a href="#[f7]">&gt;&gt;</a>&nbsp;&nbsp;&nbsp;ECP2_BN158_mul4
<LI><a href="#[1c9]">&gt;&gt;</a>&nbsp;&nbsp;&nbsp;PAIR_BN158_nbits
<LI><a href="#[121]">&gt;&gt;</a>&nbsp;&nbsp;&nbsp;ECP_BN158_mul2
</UL>

<P><STRONG><a name="[af]"></a>BIG_160_28_dnorm</STRONG> (Thumb, 48 bytes, Stack size 8 bytes, big_160_28.o(i.BIG_160_28_dnorm))
<BR><BR>[Stack]<UL><LI>Max Depth = 8<LI>Call Chain = BIG_160_28_dnorm
</UL>
<BR>[Called By]<UL><LI><a href="#[d8]">&gt;&gt;</a>&nbsp;&nbsp;&nbsp;FP2_BN158_mul
<LI><a href="#[ad]">&gt;&gt;</a>&nbsp;&nbsp;&nbsp;BIG_160_28_ctddiv
<LI><a href="#[bb]">&gt;&gt;</a>&nbsp;&nbsp;&nbsp;BIG_160_28_ctdmod
</UL>

<P><STRONG><a name="[ae]"></a>BIG_160_28_dscopy</STRONG> (Thumb, 52 bytes, Stack size 0 bytes, big_160_28.o(i.BIG_160_28_dscopy))
<BR><BR>[Called By]<UL><LI><a href="#[11c]">&gt;&gt;</a>&nbsp;&nbsp;&nbsp;FP_BN158_redc
<LI><a href="#[ad]">&gt;&gt;</a>&nbsp;&nbsp;&nbsp;BIG_160_28_ctddiv
<LI><a href="#[bb]">&gt;&gt;</a>&nbsp;&nbsp;&nbsp;BIG_160_28_ctdmod
</UL>

<P><STRONG><a name="[b3]"></a>BIG_160_28_dshl</STRONG> (Thumb, 118 bytes, Stack size 16 bytes, big_160_28.o(i.BIG_160_28_dshl))
<BR><BR>[Stack]<UL><LI>Max Depth = 16<LI>Call Chain = BIG_160_28_dshl
</UL>
<BR>[Called By]<UL><LI><a href="#[ad]">&gt;&gt;</a>&nbsp;&nbsp;&nbsp;BIG_160_28_ctddiv
<LI><a href="#[bb]">&gt;&gt;</a>&nbsp;&nbsp;&nbsp;BIG_160_28_ctdmod
</UL>

<P><STRONG><a name="[b9]"></a>BIG_160_28_dshr</STRONG> (Thumb, 98 bytes, Stack size 16 bytes, big_160_28.o(i.BIG_160_28_dshr))
<BR><BR>[Stack]<UL><LI>Max Depth = 16<LI>Call Chain = BIG_160_28_dshr
</UL>
<BR>[Called By]<UL><LI><a href="#[ad]">&gt;&gt;</a>&nbsp;&nbsp;&nbsp;BIG_160_28_ctddiv
<LI><a href="#[bb]">&gt;&gt;</a>&nbsp;&nbsp;&nbsp;BIG_160_28_ctdmod
</UL>

<P><STRONG><a name="[b4]"></a>BIG_160_28_dsub</STRONG> (Thumb, 30 bytes, Stack size 12 bytes, big_160_28.o(i.BIG_160_28_dsub))
<BR><BR>[Stack]<UL><LI>Max Depth = 12<LI>Call Chain = BIG_160_28_dsub
</UL>
<BR>[Called By]<UL><LI><a href="#[d8]">&gt;&gt;</a>&nbsp;&nbsp;&nbsp;FP2_BN158_mul
<LI><a href="#[ad]">&gt;&gt;</a>&nbsp;&nbsp;&nbsp;BIG_160_28_ctddiv
<LI><a href="#[bb]">&gt;&gt;</a>&nbsp;&nbsp;&nbsp;BIG_160_28_ctdmod
</UL>

<P><STRONG><a name="[159]"></a>BIG_160_28_dsucopy</STRONG> (Thumb, 40 bytes, Stack size 0 bytes, big_160_28.o(i.BIG_160_28_dsucopy))
<BR><BR>[Called By]<UL><LI><a href="#[d8]">&gt;&gt;</a>&nbsp;&nbsp;&nbsp;FP2_BN158_mul
</UL>

<P><STRONG><a name="[165]"></a>BIG_160_28_dzero</STRONG> (Thumb, 20 bytes, Stack size 0 bytes, big_160_28.o(i.BIG_160_28_dzero))
<BR><BR>[Called By]<UL><LI><a href="#[11c]">&gt;&gt;</a>&nbsp;&nbsp;&nbsp;FP_BN158_redc
</UL>

<P><STRONG><a name="[c1]"></a>BIG_160_28_fromBytes</STRONG> (Thumb, 40 bytes, Stack size 16 bytes, big_160_28.o(i.BIG_160_28_fromBytes))
<BR><BR>[Stack]<UL><LI>Max Depth = 24<LI>Call Chain = BIG_160_28_fromBytes &rArr; BIG_160_28_fshl
</UL>
<BR>[Calls]<UL><LI><a href="#[c2]">&gt;&gt;</a>&nbsp;&nbsp;&nbsp;BIG_160_28_fshl
<LI><a href="#[b0]">&gt;&gt;</a>&nbsp;&nbsp;&nbsp;BIG_160_28_zero
</UL>
<BR>[Called By]<UL><LI><a href="#[156]">&gt;&gt;</a>&nbsp;&nbsp;&nbsp;FP_BN158_fromBytes
<LI><a href="#[21d]">&gt;&gt;</a>&nbsp;&nbsp;&nbsp;init_thres_sig
<LI><a href="#[21b]">&gt;&gt;</a>&nbsp;&nbsp;&nbsp;init_thres_enc
<LI><a href="#[1bf]">&gt;&gt;</a>&nbsp;&nbsp;&nbsp;PRBC_SK_sign
<LI><a href="#[1c0]">&gt;&gt;</a>&nbsp;&nbsp;&nbsp;PRBC_PK_verify_sig_share
<LI><a href="#[1c2]">&gt;&gt;</a>&nbsp;&nbsp;&nbsp;PRBC_PK_verify_sig
<LI><a href="#[115]">&gt;&gt;</a>&nbsp;&nbsp;&nbsp;ECP_BN158_fromOctet
</UL>

<P><STRONG><a name="[c2]"></a>BIG_160_28_fshl</STRONG> (Thumb, 74 bytes, Stack size 8 bytes, big_160_28.o(i.BIG_160_28_fshl))
<BR><BR>[Stack]<UL><LI>Max Depth = 8<LI>Call Chain = BIG_160_28_fshl
</UL>
<BR>[Called By]<UL><LI><a href="#[10e]">&gt;&gt;</a>&nbsp;&nbsp;&nbsp;FP_BN158_reduce
<LI><a href="#[124]">&gt;&gt;</a>&nbsp;&nbsp;&nbsp;FP_BN158_neg
<LI><a href="#[c1]">&gt;&gt;</a>&nbsp;&nbsp;&nbsp;BIG_160_28_fromBytes
</UL>

<P><STRONG><a name="[ba]"></a>BIG_160_28_fshr</STRONG> (Thumb, 62 bytes, Stack size 12 bytes, big_160_28.o(i.BIG_160_28_fshr))
<BR><BR>[Stack]<UL><LI>Max Depth = 12<LI>Call Chain = BIG_160_28_fshr
</UL>
<BR>[Called By]<UL><LI><a href="#[15e]">&gt;&gt;</a>&nbsp;&nbsp;&nbsp;FP_BN158_progen
<LI><a href="#[163]">&gt;&gt;</a>&nbsp;&nbsp;&nbsp;FP_BN158_pow
<LI><a href="#[f7]">&gt;&gt;</a>&nbsp;&nbsp;&nbsp;ECP2_BN158_mul4
<LI><a href="#[15d]">&gt;&gt;</a>&nbsp;&nbsp;&nbsp;FP_BN158_div2
<LI><a href="#[bd]">&gt;&gt;</a>&nbsp;&nbsp;&nbsp;BIG_160_28_ctmod
<LI><a href="#[ad]">&gt;&gt;</a>&nbsp;&nbsp;&nbsp;BIG_160_28_ctddiv
<LI><a href="#[121]">&gt;&gt;</a>&nbsp;&nbsp;&nbsp;ECP_BN158_mul2
<LI><a href="#[c3]">&gt;&gt;</a>&nbsp;&nbsp;&nbsp;BIG_160_28_invmodp
<LI><a href="#[d3]">&gt;&gt;</a>&nbsp;&nbsp;&nbsp;BIG_160_28_toBytes
</UL>

<P><STRONG><a name="[b1]"></a>BIG_160_28_inc</STRONG> (Thumb, 20 bytes, Stack size 12 bytes, big_160_28.o(i.BIG_160_28_inc))
<BR><BR>[Stack]<UL><LI>Max Depth = 20<LI>Call Chain = BIG_160_28_inc &rArr; BIG_160_28_norm
</UL>
<BR>[Calls]<UL><LI><a href="#[b7]">&gt;&gt;</a>&nbsp;&nbsp;&nbsp;BIG_160_28_norm
</UL>
<BR>[Called By]<UL><LI><a href="#[f7]">&gt;&gt;</a>&nbsp;&nbsp;&nbsp;ECP2_BN158_mul4
<LI><a href="#[108]">&gt;&gt;</a>&nbsp;&nbsp;&nbsp;FP_BN158_imul
<LI><a href="#[ad]">&gt;&gt;</a>&nbsp;&nbsp;&nbsp;BIG_160_28_ctddiv
<LI><a href="#[121]">&gt;&gt;</a>&nbsp;&nbsp;&nbsp;ECP_BN158_mul2
<LI><a href="#[1ce]">&gt;&gt;</a>&nbsp;&nbsp;&nbsp;lagrange
</UL>

<P><STRONG><a name="[c3]"></a>BIG_160_28_invmodp</STRONG> (Thumb, 398 bytes, Stack size 164 bytes, big_160_28.o(i.BIG_160_28_invmodp))
<BR><BR>[Stack]<UL><LI>Max Depth = 284<LI>Call Chain = BIG_160_28_invmodp &rArr; BIG_160_28_mod &rArr; BIG_160_28_ctmod &rArr; BIG_160_28_cmove
</UL>
<BR>[Calls]<UL><LI><a href="#[bf]">&gt;&gt;</a>&nbsp;&nbsp;&nbsp;BIG_160_28_sub
<LI><a href="#[b8]">&gt;&gt;</a>&nbsp;&nbsp;&nbsp;BIG_160_28_cmove
<LI><a href="#[c7]">&gt;&gt;</a>&nbsp;&nbsp;&nbsp;BIG_160_28_parity
<LI><a href="#[c4]">&gt;&gt;</a>&nbsp;&nbsp;&nbsp;BIG_160_28_mod
<LI><a href="#[c5]">&gt;&gt;</a>&nbsp;&nbsp;&nbsp;BIG_160_28_iszilch
<LI><a href="#[ba]">&gt;&gt;</a>&nbsp;&nbsp;&nbsp;BIG_160_28_fshr
<LI><a href="#[c8]">&gt;&gt;</a>&nbsp;&nbsp;&nbsp;BIG_160_28_comp
<LI><a href="#[b0]">&gt;&gt;</a>&nbsp;&nbsp;&nbsp;BIG_160_28_zero
<LI><a href="#[c6]">&gt;&gt;</a>&nbsp;&nbsp;&nbsp;BIG_160_28_one
<LI><a href="#[b7]">&gt;&gt;</a>&nbsp;&nbsp;&nbsp;BIG_160_28_norm
<LI><a href="#[be]">&gt;&gt;</a>&nbsp;&nbsp;&nbsp;BIG_160_28_copy
<LI><a href="#[b6]">&gt;&gt;</a>&nbsp;&nbsp;&nbsp;BIG_160_28_add
</UL>
<BR>[Called By]<UL><LI><a href="#[cc]">&gt;&gt;</a>&nbsp;&nbsp;&nbsp;BIG_160_28_moddiv
</UL>

<P><STRONG><a name="[160]"></a>BIG_160_28_isunity</STRONG> (Thumb, 44 bytes, Stack size 8 bytes, big_160_28.o(i.BIG_160_28_isunity))
<BR><BR>[Stack]<UL><LI>Max Depth = 8<LI>Call Chain = BIG_160_28_isunity
</UL>
<BR>[Called By]<UL><LI><a href="#[15f]">&gt;&gt;</a>&nbsp;&nbsp;&nbsp;FP_BN158_isunity
</UL>

<P><STRONG><a name="[c5]"></a>BIG_160_28_iszilch</STRONG> (Thumb, 32 bytes, Stack size 8 bytes, big_160_28.o(i.BIG_160_28_iszilch))
<BR><BR>[Stack]<UL><LI>Max Depth = 8<LI>Call Chain = BIG_160_28_iszilch
</UL>
<BR>[Called By]<UL><LI><a href="#[120]">&gt;&gt;</a>&nbsp;&nbsp;&nbsp;FP_BN158_iszilch
<LI><a href="#[14a]">&gt;&gt;</a>&nbsp;&nbsp;&nbsp;FP12_BN158_pow
<LI><a href="#[c3]">&gt;&gt;</a>&nbsp;&nbsp;&nbsp;BIG_160_28_invmodp
</UL>

<P><STRONG><a name="[c9]"></a>BIG_160_28_lastbits</STRONG> (Thumb, 24 bytes, Stack size 16 bytes, big_160_28.o(i.BIG_160_28_lastbits))
<BR><BR>[Stack]<UL><LI>Max Depth = 24<LI>Call Chain = BIG_160_28_lastbits &rArr; BIG_160_28_norm
</UL>
<BR>[Calls]<UL><LI><a href="#[b7]">&gt;&gt;</a>&nbsp;&nbsp;&nbsp;BIG_160_28_norm
</UL>
<BR>[Called By]<UL><LI><a href="#[163]">&gt;&gt;</a>&nbsp;&nbsp;&nbsp;FP_BN158_pow
<LI><a href="#[121]">&gt;&gt;</a>&nbsp;&nbsp;&nbsp;ECP_BN158_mul2
</UL>

<P><STRONG><a name="[c4]"></a>BIG_160_28_mod</STRONG> (Thumb, 40 bytes, Stack size 20 bytes, big_160_28.o(i.BIG_160_28_mod))
<BR><BR>[Stack]<UL><LI>Max Depth = 120<LI>Call Chain = BIG_160_28_mod &rArr; BIG_160_28_ctmod &rArr; BIG_160_28_cmove
</UL>
<BR>[Calls]<UL><LI><a href="#[bd]">&gt;&gt;</a>&nbsp;&nbsp;&nbsp;BIG_160_28_ctmod
<LI><a href="#[ca]">&gt;&gt;</a>&nbsp;&nbsp;&nbsp;BIG_160_28_nbits
</UL>
<BR>[Called By]<UL><LI><a href="#[c3]">&gt;&gt;</a>&nbsp;&nbsp;&nbsp;BIG_160_28_invmodp
<LI><a href="#[1c5]">&gt;&gt;</a>&nbsp;&nbsp;&nbsp;PAIR_BN158_G2mul
<LI><a href="#[1c3]">&gt;&gt;</a>&nbsp;&nbsp;&nbsp;PAIR_BN158_G1mul
<LI><a href="#[cf]">&gt;&gt;</a>&nbsp;&nbsp;&nbsp;BIG_160_28_modneg
<LI><a href="#[ce]">&gt;&gt;</a>&nbsp;&nbsp;&nbsp;BIG_160_28_modmul
<LI><a href="#[cc]">&gt;&gt;</a>&nbsp;&nbsp;&nbsp;BIG_160_28_moddiv
<LI><a href="#[cb]">&gt;&gt;</a>&nbsp;&nbsp;&nbsp;BIG_160_28_modadd
</UL>

<P><STRONG><a name="[cb]"></a>BIG_160_28_modadd</STRONG> (Thumb, 74 bytes, Stack size 68 bytes, big_160_28.o(i.BIG_160_28_modadd))
<BR><BR>[Stack]<UL><LI>Max Depth = 188<LI>Call Chain = BIG_160_28_modadd &rArr; BIG_160_28_mod &rArr; BIG_160_28_ctmod &rArr; BIG_160_28_cmove
</UL>
<BR>[Calls]<UL><LI><a href="#[bd]">&gt;&gt;</a>&nbsp;&nbsp;&nbsp;BIG_160_28_ctmod
<LI><a href="#[c4]">&gt;&gt;</a>&nbsp;&nbsp;&nbsp;BIG_160_28_mod
<LI><a href="#[b7]">&gt;&gt;</a>&nbsp;&nbsp;&nbsp;BIG_160_28_norm
<LI><a href="#[be]">&gt;&gt;</a>&nbsp;&nbsp;&nbsp;BIG_160_28_copy
<LI><a href="#[b6]">&gt;&gt;</a>&nbsp;&nbsp;&nbsp;BIG_160_28_add
</UL>
<BR>[Called By]<UL><LI><a href="#[1ce]">&gt;&gt;</a>&nbsp;&nbsp;&nbsp;lagrange
</UL>

<P><STRONG><a name="[cc]"></a>BIG_160_28_moddiv</STRONG> (Thumb, 84 bytes, Stack size 144 bytes, big_160_28.o(i.BIG_160_28_moddiv))
<BR><BR>[Stack]<UL><LI>Max Depth = 428<LI>Call Chain = BIG_160_28_moddiv &rArr; BIG_160_28_invmodp &rArr; BIG_160_28_mod &rArr; BIG_160_28_ctmod &rArr; BIG_160_28_cmove
</UL>
<BR>[Calls]<UL><LI><a href="#[cd]">&gt;&gt;</a>&nbsp;&nbsp;&nbsp;BIG_160_28_mul
<LI><a href="#[c4]">&gt;&gt;</a>&nbsp;&nbsp;&nbsp;BIG_160_28_mod
<LI><a href="#[c3]">&gt;&gt;</a>&nbsp;&nbsp;&nbsp;BIG_160_28_invmodp
<LI><a href="#[ca]">&gt;&gt;</a>&nbsp;&nbsp;&nbsp;BIG_160_28_nbits
<LI><a href="#[bb]">&gt;&gt;</a>&nbsp;&nbsp;&nbsp;BIG_160_28_ctdmod
<LI><a href="#[be]">&gt;&gt;</a>&nbsp;&nbsp;&nbsp;BIG_160_28_copy
</UL>
<BR>[Called By]<UL><LI><a href="#[1ce]">&gt;&gt;</a>&nbsp;&nbsp;&nbsp;lagrange
</UL>

<P><STRONG><a name="[ce]"></a>BIG_160_28_modmul</STRONG> (Thumb, 82 bytes, Stack size 120 bytes, big_160_28.o(i.BIG_160_28_modmul))
<BR><BR>[Stack]<UL><LI>Max Depth = 272<LI>Call Chain = BIG_160_28_modmul &rArr; BIG_160_28_ctdmod &rArr; BIG_160_28_dcmove
</UL>
<BR>[Calls]<UL><LI><a href="#[cd]">&gt;&gt;</a>&nbsp;&nbsp;&nbsp;BIG_160_28_mul
<LI><a href="#[c4]">&gt;&gt;</a>&nbsp;&nbsp;&nbsp;BIG_160_28_mod
<LI><a href="#[ca]">&gt;&gt;</a>&nbsp;&nbsp;&nbsp;BIG_160_28_nbits
<LI><a href="#[bb]">&gt;&gt;</a>&nbsp;&nbsp;&nbsp;BIG_160_28_ctdmod
<LI><a href="#[be]">&gt;&gt;</a>&nbsp;&nbsp;&nbsp;BIG_160_28_copy
</UL>
<BR>[Called By]<UL><LI><a href="#[1c6]">&gt;&gt;</a>&nbsp;&nbsp;&nbsp;gs
<LI><a href="#[1c4]">&gt;&gt;</a>&nbsp;&nbsp;&nbsp;glv
<LI><a href="#[1ce]">&gt;&gt;</a>&nbsp;&nbsp;&nbsp;lagrange
</UL>

<P><STRONG><a name="[cf]"></a>BIG_160_28_modneg</STRONG> (Thumb, 46 bytes, Stack size 40 bytes, big_160_28.o(i.BIG_160_28_modneg))
<BR><BR>[Stack]<UL><LI>Max Depth = 160<LI>Call Chain = BIG_160_28_modneg &rArr; BIG_160_28_mod &rArr; BIG_160_28_ctmod &rArr; BIG_160_28_cmove
</UL>
<BR>[Calls]<UL><LI><a href="#[bf]">&gt;&gt;</a>&nbsp;&nbsp;&nbsp;BIG_160_28_sub
<LI><a href="#[c4]">&gt;&gt;</a>&nbsp;&nbsp;&nbsp;BIG_160_28_mod
<LI><a href="#[b7]">&gt;&gt;</a>&nbsp;&nbsp;&nbsp;BIG_160_28_norm
<LI><a href="#[be]">&gt;&gt;</a>&nbsp;&nbsp;&nbsp;BIG_160_28_copy
</UL>
<BR>[Called By]<UL><LI><a href="#[1c5]">&gt;&gt;</a>&nbsp;&nbsp;&nbsp;PAIR_BN158_G2mul
<LI><a href="#[1c3]">&gt;&gt;</a>&nbsp;&nbsp;&nbsp;PAIR_BN158_G1mul
<LI><a href="#[1ce]">&gt;&gt;</a>&nbsp;&nbsp;&nbsp;lagrange
</UL>

<P><STRONG><a name="[161]"></a>BIG_160_28_monty</STRONG> (Thumb, 1082 bytes, Stack size 136 bytes, big_160_28.o(i.BIG_160_28_monty))
<BR><BR>[Stack]<UL><LI>Max Depth = 136<LI>Call Chain = BIG_160_28_monty
</UL>
<BR>[Called By]<UL><LI><a href="#[15b]">&gt;&gt;</a>&nbsp;&nbsp;&nbsp;FP_BN158_mod
</UL>

<P><STRONG><a name="[cd]"></a>BIG_160_28_mul</STRONG> (Thumb, 952 bytes, Stack size 88 bytes, big_160_28.o(i.BIG_160_28_mul))
<BR><BR>[Stack]<UL><LI>Max Depth = 88<LI>Call Chain = BIG_160_28_mul
</UL>
<BR>[Called By]<UL><LI><a href="#[d8]">&gt;&gt;</a>&nbsp;&nbsp;&nbsp;FP2_BN158_mul
<LI><a href="#[104]">&gt;&gt;</a>&nbsp;&nbsp;&nbsp;FP_BN158_mul
<LI><a href="#[1c6]">&gt;&gt;</a>&nbsp;&nbsp;&nbsp;gs
<LI><a href="#[1c4]">&gt;&gt;</a>&nbsp;&nbsp;&nbsp;glv
<LI><a href="#[128]">&gt;&gt;</a>&nbsp;&nbsp;&nbsp;FP_BN158_nres
<LI><a href="#[ce]">&gt;&gt;</a>&nbsp;&nbsp;&nbsp;BIG_160_28_modmul
<LI><a href="#[cc]">&gt;&gt;</a>&nbsp;&nbsp;&nbsp;BIG_160_28_moddiv
</UL>

<P><STRONG><a name="[ca]"></a>BIG_160_28_nbits</STRONG> (Thumb, 78 bytes, Stack size 44 bytes, big_160_28.o(i.BIG_160_28_nbits))
<BR><BR>[Stack]<UL><LI>Max Depth = 52<LI>Call Chain = BIG_160_28_nbits &rArr; BIG_160_28_norm
</UL>
<BR>[Calls]<UL><LI><a href="#[b7]">&gt;&gt;</a>&nbsp;&nbsp;&nbsp;BIG_160_28_norm
<LI><a href="#[be]">&gt;&gt;</a>&nbsp;&nbsp;&nbsp;BIG_160_28_copy
</UL>
<BR>[Called By]<UL><LI><a href="#[163]">&gt;&gt;</a>&nbsp;&nbsp;&nbsp;FP_BN158_pow
<LI><a href="#[f7]">&gt;&gt;</a>&nbsp;&nbsp;&nbsp;ECP2_BN158_mul4
<LI><a href="#[1c9]">&gt;&gt;</a>&nbsp;&nbsp;&nbsp;PAIR_BN158_nbits
<LI><a href="#[1c6]">&gt;&gt;</a>&nbsp;&nbsp;&nbsp;gs
<LI><a href="#[1c4]">&gt;&gt;</a>&nbsp;&nbsp;&nbsp;glv
<LI><a href="#[14a]">&gt;&gt;</a>&nbsp;&nbsp;&nbsp;FP12_BN158_pow
<LI><a href="#[121]">&gt;&gt;</a>&nbsp;&nbsp;&nbsp;ECP_BN158_mul2
<LI><a href="#[c4]">&gt;&gt;</a>&nbsp;&nbsp;&nbsp;BIG_160_28_mod
<LI><a href="#[1c5]">&gt;&gt;</a>&nbsp;&nbsp;&nbsp;PAIR_BN158_G2mul
<LI><a href="#[1c3]">&gt;&gt;</a>&nbsp;&nbsp;&nbsp;PAIR_BN158_G1mul
<LI><a href="#[ce]">&gt;&gt;</a>&nbsp;&nbsp;&nbsp;BIG_160_28_modmul
<LI><a href="#[cc]">&gt;&gt;</a>&nbsp;&nbsp;&nbsp;BIG_160_28_moddiv
</UL>

<P><STRONG><a name="[b7]"></a>BIG_160_28_norm</STRONG> (Thumb, 54 bytes, Stack size 8 bytes, big_160_28.o(i.BIG_160_28_norm))
<BR><BR>[Stack]<UL><LI>Max Depth = 8<LI>Call Chain = BIG_160_28_norm
</UL>
<BR>[Called By]<UL><LI><a href="#[163]">&gt;&gt;</a>&nbsp;&nbsp;&nbsp;FP_BN158_pow
<LI><a href="#[d8]">&gt;&gt;</a>&nbsp;&nbsp;&nbsp;FP2_BN158_mul
<LI><a href="#[f7]">&gt;&gt;</a>&nbsp;&nbsp;&nbsp;ECP2_BN158_mul4
<LI><a href="#[10e]">&gt;&gt;</a>&nbsp;&nbsp;&nbsp;FP_BN158_reduce
<LI><a href="#[106]">&gt;&gt;</a>&nbsp;&nbsp;&nbsp;FP_BN158_norm
<LI><a href="#[118]">&gt;&gt;</a>&nbsp;&nbsp;&nbsp;FP_BN158_islarger
<LI><a href="#[108]">&gt;&gt;</a>&nbsp;&nbsp;&nbsp;FP_BN158_imul
<LI><a href="#[15d]">&gt;&gt;</a>&nbsp;&nbsp;&nbsp;FP_BN158_div2
<LI><a href="#[d0]">&gt;&gt;</a>&nbsp;&nbsp;&nbsp;BIG_160_28_or
<LI><a href="#[c9]">&gt;&gt;</a>&nbsp;&nbsp;&nbsp;BIG_160_28_lastbits
<LI><a href="#[c0]">&gt;&gt;</a>&nbsp;&nbsp;&nbsp;BIG_160_28_dec
<LI><a href="#[bd]">&gt;&gt;</a>&nbsp;&nbsp;&nbsp;BIG_160_28_ctmod
<LI><a href="#[ad]">&gt;&gt;</a>&nbsp;&nbsp;&nbsp;BIG_160_28_ctddiv
<LI><a href="#[1c9]">&gt;&gt;</a>&nbsp;&nbsp;&nbsp;PAIR_BN158_nbits
<LI><a href="#[14a]">&gt;&gt;</a>&nbsp;&nbsp;&nbsp;FP12_BN158_pow
<LI><a href="#[121]">&gt;&gt;</a>&nbsp;&nbsp;&nbsp;ECP_BN158_mul2
<LI><a href="#[c3]">&gt;&gt;</a>&nbsp;&nbsp;&nbsp;BIG_160_28_invmodp
<LI><a href="#[d3]">&gt;&gt;</a>&nbsp;&nbsp;&nbsp;BIG_160_28_toBytes
<LI><a href="#[ca]">&gt;&gt;</a>&nbsp;&nbsp;&nbsp;BIG_160_28_nbits
<LI><a href="#[1c5]">&gt;&gt;</a>&nbsp;&nbsp;&nbsp;PAIR_BN158_G2mul
<LI><a href="#[1c3]">&gt;&gt;</a>&nbsp;&nbsp;&nbsp;PAIR_BN158_G1mul
<LI><a href="#[cf]">&gt;&gt;</a>&nbsp;&nbsp;&nbsp;BIG_160_28_modneg
<LI><a href="#[cb]">&gt;&gt;</a>&nbsp;&nbsp;&nbsp;BIG_160_28_modadd
<LI><a href="#[b1]">&gt;&gt;</a>&nbsp;&nbsp;&nbsp;BIG_160_28_inc
<LI><a href="#[1ce]">&gt;&gt;</a>&nbsp;&nbsp;&nbsp;lagrange
</UL>

<P><STRONG><a name="[c6]"></a>BIG_160_28_one</STRONG> (Thumb, 22 bytes, Stack size 0 bytes, big_160_28.o(i.BIG_160_28_one))
<BR><BR>[Called By]<UL><LI><a href="#[10b]">&gt;&gt;</a>&nbsp;&nbsp;&nbsp;FP_BN158_one
<LI><a href="#[c3]">&gt;&gt;</a>&nbsp;&nbsp;&nbsp;BIG_160_28_invmodp
<LI><a href="#[1ce]">&gt;&gt;</a>&nbsp;&nbsp;&nbsp;lagrange
</UL>

<P><STRONG><a name="[d0]"></a>BIG_160_28_or</STRONG> (Thumb, 46 bytes, Stack size 20 bytes, big_160_28.o(i.BIG_160_28_or))
<BR><BR>[Stack]<UL><LI>Max Depth = 28<LI>Call Chain = BIG_160_28_or &rArr; BIG_160_28_norm
</UL>
<BR>[Calls]<UL><LI><a href="#[b7]">&gt;&gt;</a>&nbsp;&nbsp;&nbsp;BIG_160_28_norm
</UL>
<BR>[Called By]<UL><LI><a href="#[f7]">&gt;&gt;</a>&nbsp;&nbsp;&nbsp;ECP2_BN158_mul4
</UL>

<P><STRONG><a name="[c7]"></a>BIG_160_28_parity</STRONG> (Thumb, 16 bytes, Stack size 0 bytes, big_160_28.o(i.BIG_160_28_parity))
<BR><BR>[Called By]<UL><LI><a href="#[f7]">&gt;&gt;</a>&nbsp;&nbsp;&nbsp;ECP2_BN158_mul4
<LI><a href="#[11d]">&gt;&gt;</a>&nbsp;&nbsp;&nbsp;FP_BN158_sign
<LI><a href="#[15d]">&gt;&gt;</a>&nbsp;&nbsp;&nbsp;FP_BN158_div2
<LI><a href="#[121]">&gt;&gt;</a>&nbsp;&nbsp;&nbsp;ECP_BN158_mul2
<LI><a href="#[c3]">&gt;&gt;</a>&nbsp;&nbsp;&nbsp;BIG_160_28_invmodp
</UL>

<P><STRONG><a name="[d1]"></a>BIG_160_28_pmul</STRONG> (Thumb, 56 bytes, Stack size 32 bytes, big_160_28.o(i.BIG_160_28_pmul))
<BR><BR>[Stack]<UL><LI>Max Depth = 56<LI>Call Chain = BIG_160_28_pmul &rArr; muladd_160_28
</UL>
<BR>[Calls]<UL><LI><a href="#[d2]">&gt;&gt;</a>&nbsp;&nbsp;&nbsp;muladd_160_28
</UL>
<BR>[Called By]<UL><LI><a href="#[10e]">&gt;&gt;</a>&nbsp;&nbsp;&nbsp;FP_BN158_reduce
<LI><a href="#[108]">&gt;&gt;</a>&nbsp;&nbsp;&nbsp;FP_BN158_imul
<LI><a href="#[1c9]">&gt;&gt;</a>&nbsp;&nbsp;&nbsp;PAIR_BN158_nbits
<LI><a href="#[14a]">&gt;&gt;</a>&nbsp;&nbsp;&nbsp;FP12_BN158_pow
</UL>

<P><STRONG><a name="[fc]"></a>BIG_160_28_rcopy</STRONG> (Thumb, 22 bytes, Stack size 0 bytes, big_160_28.o(i.BIG_160_28_rcopy))
<BR><BR>[Called By]<UL><LI><a href="#[15e]">&gt;&gt;</a>&nbsp;&nbsp;&nbsp;FP_BN158_progen
<LI><a href="#[15b]">&gt;&gt;</a>&nbsp;&nbsp;&nbsp;FP_BN158_mod
<LI><a href="#[d8]">&gt;&gt;</a>&nbsp;&nbsp;&nbsp;FP2_BN158_mul
<LI><a href="#[fb]">&gt;&gt;</a>&nbsp;&nbsp;&nbsp;ECP2_BN158_rhs
<LI><a href="#[12a]">&gt;&gt;</a>&nbsp;&nbsp;&nbsp;FP_BN158_sqrt
<LI><a href="#[10e]">&gt;&gt;</a>&nbsp;&nbsp;&nbsp;FP_BN158_reduce
<LI><a href="#[126]">&gt;&gt;</a>&nbsp;&nbsp;&nbsp;FP_BN158_rcopy
<LI><a href="#[124]">&gt;&gt;</a>&nbsp;&nbsp;&nbsp;FP_BN158_neg
<LI><a href="#[118]">&gt;&gt;</a>&nbsp;&nbsp;&nbsp;FP_BN158_islarger
<LI><a href="#[15d]">&gt;&gt;</a>&nbsp;&nbsp;&nbsp;FP_BN158_div2
<LI><a href="#[1c9]">&gt;&gt;</a>&nbsp;&nbsp;&nbsp;PAIR_BN158_nbits
<LI><a href="#[1c6]">&gt;&gt;</a>&nbsp;&nbsp;&nbsp;gs
<LI><a href="#[1c4]">&gt;&gt;</a>&nbsp;&nbsp;&nbsp;glv
<LI><a href="#[128]">&gt;&gt;</a>&nbsp;&nbsp;&nbsp;FP_BN158_nres
<LI><a href="#[1cd]">&gt;&gt;</a>&nbsp;&nbsp;&nbsp;PAIR_BN158_fexp
<LI><a href="#[1c5]">&gt;&gt;</a>&nbsp;&nbsp;&nbsp;PAIR_BN158_G2mul
<LI><a href="#[1c3]">&gt;&gt;</a>&nbsp;&nbsp;&nbsp;PAIR_BN158_G1mul
<LI><a href="#[11a]">&gt;&gt;</a>&nbsp;&nbsp;&nbsp;ECP_BN158_generator
<LI><a href="#[1ce]">&gt;&gt;</a>&nbsp;&nbsp;&nbsp;lagrange
</UL>

<P><STRONG><a name="[bc]"></a>BIG_160_28_sdcopy</STRONG> (Thumb, 22 bytes, Stack size 0 bytes, big_160_28.o(i.BIG_160_28_sdcopy))
<BR><BR>[Called By]<UL><LI><a href="#[bb]">&gt;&gt;</a>&nbsp;&nbsp;&nbsp;BIG_160_28_ctdmod
</UL>

<P><STRONG><a name="[b2]"></a>BIG_160_28_shl</STRONG> (Thumb, 128 bytes, Stack size 16 bytes, big_160_28.o(i.BIG_160_28_shl))
<BR><BR>[Stack]<UL><LI>Max Depth = 16<LI>Call Chain = BIG_160_28_shl
</UL>
<BR>[Called By]<UL><LI><a href="#[bd]">&gt;&gt;</a>&nbsp;&nbsp;&nbsp;BIG_160_28_ctmod
[...]
<LI><a href="#[1eb]">&gt;&gt;</a>&nbsp;&nbsp;&nbsp;uECC_vli_modMult_fast(unsigned*, const unsigned*, const unsigned*, const uECC_Curve_t*)
<LI><a href="#[1ea]">&gt;&gt;</a>&nbsp;&nbsp;&nbsp;uECC_vli_modSub(unsigned*, const unsigned*, const unsigned*, const unsigned*, signed char)
<LI><a href="#[1e6]">&gt;&gt;</a>&nbsp;&nbsp;&nbsp;uECC_vli_set(unsigned*, const unsigned*, signed char)
</UL>
<BR>[Called By]<UL><LI><a href="#[1bd]">&gt;&gt;</a>&nbsp;&nbsp;&nbsp;uECC_verify
<LI><a href="#[1e5]">&gt;&gt;</a>&nbsp;&nbsp;&nbsp;EccPoint_mult(unsigned*, const unsigned*, const unsigned*, const unsigned*, short, const uECC_Curve_t*)
</UL>

<P><STRONG><a name="[1fd]"></a>bits2int(unsigned*, const unsigned char*, unsigned, const uECC_Curve_t*)</STRONG> (Thumb, 168 bytes, Stack size 56 bytes, uecc.o(i._Z8bits2intPjPKhjPK12uECC_Curve_t))
<BR><BR>[Stack]<UL><LI>Max Depth = 80<LI>Call Chain = bits2int(unsigned*, const unsigned char*, unsigned, const uECC_Curve_t*) &rArr; uECC_vli_bytesToNative(unsigned*, const unsigned char*, int)
</UL>
<BR>[Calls]<UL><LI><a href="#[1fc]">&gt;&gt;</a>&nbsp;&nbsp;&nbsp;uECC_vli_bytesToNative(unsigned*, const unsigned char*, int)
<LI><a href="#[1f6]">&gt;&gt;</a>&nbsp;&nbsp;&nbsp;uECC_vli_cmp_unsafe(const unsigned*, const unsigned*, signed char)
<LI><a href="#[1f0]">&gt;&gt;</a>&nbsp;&nbsp;&nbsp;uECC_vli_clear(unsigned*, signed char)
<LI><a href="#[1e3]">&gt;&gt;</a>&nbsp;&nbsp;&nbsp;uECC_vli_sub(unsigned*, const unsigned*, const unsigned*, signed char)
</UL>
<BR>[Called By]<UL><LI><a href="#[1bd]">&gt;&gt;</a>&nbsp;&nbsp;&nbsp;uECC_verify
<LI><a href="#[1f8]">&gt;&gt;</a>&nbsp;&nbsp;&nbsp;uECC_sign_with_k(const unsigned char*, const unsigned char*, unsigned, unsigned*, unsigned char*, const uECC_Curve_t*)
</UL>

<P><STRONG><a name="[1e8]"></a>XYcZ_addC(unsigned*, unsigned*, unsigned*, unsigned*, const uECC_Curve_t*)</STRONG> (Thumb, 280 bytes, Stack size 128 bytes, uecc.o(i._Z9XYcZ_addCPjS_S_S_PK12uECC_Curve_t))
<BR><BR>[Stack]<UL><LI>Max Depth = 316<LI>Call Chain = XYcZ_addC(unsigned*, unsigned*, unsigned*, unsigned*, const uECC_Curve_t*) &rArr; uECC_vli_modSquare_fast(unsigned*, const unsigned*, const uECC_Curve_t*) &rArr; uECC_vli_modMult_fast(unsigned*, const unsigned*, const unsigned*, const uECC_Curve_t*) &rArr; uECC_vli_mult(unsigned*, const unsigned*, const unsigned*, signed char) &rArr; muladd(unsigned, unsigned, unsigned*, unsigned*, unsigned*)
</UL>
<BR>[Calls]<UL><LI><a href="#[1f4]">&gt;&gt;</a>&nbsp;&nbsp;&nbsp;uECC_vli_modSquare_fast(unsigned*, const unsigned*, const uECC_Curve_t*)
<LI><a href="#[1eb]">&gt;&gt;</a>&nbsp;&nbsp;&nbsp;uECC_vli_modMult_fast(unsigned*, const unsigned*, const unsigned*, const uECC_Curve_t*)
<LI><a href="#[1ea]">&gt;&gt;</a>&nbsp;&nbsp;&nbsp;uECC_vli_modSub(unsigned*, const unsigned*, const unsigned*, const unsigned*, signed char)
<LI><a href="#[1f5]">&gt;&gt;</a>&nbsp;&nbsp;&nbsp;uECC_vli_modAdd(unsigned*, const unsigned*, const unsigned*, const unsigned*, signed char)
<LI><a href="#[1e6]">&gt;&gt;</a>&nbsp;&nbsp;&nbsp;uECC_vli_set(unsigned*, const unsigned*, signed char)
</UL>
<BR>[Called By]<UL><LI><a href="#[1e5]">&gt;&gt;</a>&nbsp;&nbsp;&nbsp;EccPoint_mult(unsigned*, const unsigned*, const unsigned*, const unsigned*, short, const uECC_Curve_t*)
</UL>

<P><STRONG><a name="[110]"></a>ECP_BN158_cmove</STRONG> (Thumb, 48 bytes, Stack size 16 bytes, ecp_bn158.o(i.ECP_BN158_cmove))
<BR><BR>[Stack]<UL><LI>Max Depth = 72<LI>Call Chain = ECP_BN158_cmove &rArr; FP_BN158_cmove &rArr; BIG_160_28_cmove
</UL>
<BR>[Calls]<UL><LI><a href="#[111]">&gt;&gt;</a>&nbsp;&nbsp;&nbsp;FP_BN158_cmove
</UL>
<BR>[Called By]<UL><LI><a href="#[123]">&gt;&gt;</a>&nbsp;&nbsp;&nbsp;ECP_BN158_select
<LI><a href="#[121]">&gt;&gt;</a>&nbsp;&nbsp;&nbsp;ECP_BN158_mul2
</UL>

<P><STRONG><a name="[123]"></a>ECP_BN158_select</STRONG> (Thumb, 240 bytes, Stack size 112 bytes, ecp_bn158.o(i.ECP_BN158_select))
<BR><BR>[Stack]<UL><LI>Max Depth = 288<LI>Call Chain = ECP_BN158_select &rArr; ECP_BN158_neg &rArr; FP_BN158_neg &rArr; FP_BN158_reduce &rArr; BIG_160_28_pmul &rArr; muladd_160_28
</UL>
<BR>[Calls]<UL><LI><a href="#[127]">&gt;&gt;</a>&nbsp;&nbsp;&nbsp;teq
<LI><a href="#[110]">&gt;&gt;</a>&nbsp;&nbsp;&nbsp;ECP_BN158_cmove
<LI><a href="#[119]">&gt;&gt;</a>&nbsp;&nbsp;&nbsp;ECP_BN158_neg
<LI><a href="#[112]">&gt;&gt;</a>&nbsp;&nbsp;&nbsp;ECP_BN158_copy
</UL>
<BR>[Called By]<UL><LI><a href="#[121]">&gt;&gt;</a>&nbsp;&nbsp;&nbsp;ECP_BN158_mul2
</UL>

<P><STRONG><a name="[127]"></a>teq</STRONG> (Thumb, 16 bytes, Stack size 0 bytes, ecp_bn158.o(i.teq))
<BR><BR>[Called By]<UL><LI><a href="#[123]">&gt;&gt;</a>&nbsp;&nbsp;&nbsp;ECP_BN158_select
</UL>

<P><STRONG><a name="[e5]"></a>ECP2_BN158_cmove</STRONG> (Thumb, 48 bytes, Stack size 16 bytes, ecp2_bn158.o(i.ECP2_BN158_cmove))
<BR><BR>[Stack]<UL><LI>Max Depth = 88<LI>Call Chain = ECP2_BN158_cmove &rArr; FP2_BN158_cmove &rArr; FP_BN158_cmove &rArr; BIG_160_28_cmove
</UL>
<BR>[Calls]<UL><LI><a href="#[e6]">&gt;&gt;</a>&nbsp;&nbsp;&nbsp;FP2_BN158_cmove
</UL>
<BR>[Called By]<UL><LI><a href="#[f7]">&gt;&gt;</a>&nbsp;&nbsp;&nbsp;ECP2_BN158_mul4
<LI><a href="#[f8]">&gt;&gt;</a>&nbsp;&nbsp;&nbsp;ECP2_BN158_select
</UL>

<P><STRONG><a name="[f8]"></a>ECP2_BN158_select</STRONG> (Thumb, 240 bytes, Stack size 200 bytes, ecp2_bn158.o(i.ECP2_BN158_select))
<BR><BR>[Stack]<UL><LI>Max Depth = 448<LI>Call Chain = ECP2_BN158_select &rArr; ECP2_BN158_neg &rArr; FP2_BN158_neg &rArr; FP_BN158_neg &rArr; FP_BN158_reduce &rArr; BIG_160_28_pmul &rArr; muladd_160_28
</UL>
<BR>[Calls]<UL><LI><a href="#[fe]">&gt;&gt;</a>&nbsp;&nbsp;&nbsp;teq
<LI><a href="#[e5]">&gt;&gt;</a>&nbsp;&nbsp;&nbsp;ECP2_BN158_cmove
<LI><a href="#[f1]">&gt;&gt;</a>&nbsp;&nbsp;&nbsp;ECP2_BN158_neg
<LI><a href="#[e7]">&gt;&gt;</a>&nbsp;&nbsp;&nbsp;ECP2_BN158_copy
</UL>
<BR>[Called By]<UL><LI><a href="#[f7]">&gt;&gt;</a>&nbsp;&nbsp;&nbsp;ECP2_BN158_mul4
</UL>

<P><STRONG><a name="[fe]"></a>teq</STRONG> (Thumb, 16 bytes, Stack size 0 bytes, ecp2_bn158.o(i.teq))
<BR><BR>[Called By]<UL><LI><a href="#[f8]">&gt;&gt;</a>&nbsp;&nbsp;&nbsp;ECP2_BN158_select
</UL>

<P><STRONG><a name="[162]"></a>logb2</STRONG> (Thumb, 66 bytes, Stack size 0 bytes, fp_bn158.o(i.logb2))
<BR><BR>[Called By]<UL><LI><a href="#[10e]">&gt;&gt;</a>&nbsp;&nbsp;&nbsp;FP_BN158_reduce
<LI><a href="#[124]">&gt;&gt;</a>&nbsp;&nbsp;&nbsp;FP_BN158_neg
</UL>

<P><STRONG><a name="[166]"></a>quo</STRONG> (Thumb, 62 bytes, Stack size 20 bytes, fp_bn158.o(i.quo))
<BR><BR>[Stack]<UL><LI>Max Depth = 20<LI>Call Chain = quo
</UL>
<BR>[Called By]<UL><LI><a href="#[10e]">&gt;&gt;</a>&nbsp;&nbsp;&nbsp;FP_BN158_reduce
</UL>

<P><STRONG><a name="[1c7]"></a>PAIR_BN158_add</STRONG> (Thumb, 202 bytes, Stack size 80 bytes, pair_bn158.o(i.PAIR_BN158_add))
<BR><BR>[Stack]<UL><LI>Max Depth = 1048<LI>Call Chain = PAIR_BN158_add &rArr; ECP2_BN158_add &rArr; FP2_BN158_mul &rArr; FP_BN158_mod &rArr; BIG_160_28_monty
</UL>
<BR>[Calls]<UL><LI><a href="#[db]">&gt;&gt;</a>&nbsp;&nbsp;&nbsp;FP2_BN158_sub
<LI><a href="#[da]">&gt;&gt;</a>&nbsp;&nbsp;&nbsp;FP2_BN158_norm
<LI><a href="#[fa]">&gt;&gt;</a>&nbsp;&nbsp;&nbsp;FP2_BN158_neg
<LI><a href="#[dd]">&gt;&gt;</a>&nbsp;&nbsp;&nbsp;FP2_BN158_mul_ip
<LI><a href="#[d8]">&gt;&gt;</a>&nbsp;&nbsp;&nbsp;FP2_BN158_mul
<LI><a href="#[e4]">&gt;&gt;</a>&nbsp;&nbsp;&nbsp;FP2_BN158_copy
<LI><a href="#[d7]">&gt;&gt;</a>&nbsp;&nbsp;&nbsp;ECP2_BN158_add
</UL>
<BR>[Called By]<UL><LI><a href="#[1ca]">&gt;&gt;</a>&nbsp;&nbsp;&nbsp;PAIR_BN158_line
</UL>

<P><STRONG><a name="[1cb]"></a>PAIR_BN158_double</STRONG> (Thumb, 182 bytes, Stack size 80 bytes, pair_bn158.o(i.PAIR_BN158_double))
<BR><BR>[Stack]<UL><LI>Max Depth = 928<LI>Call Chain = PAIR_BN158_double &rArr; ECP2_BN158_dbl &rArr; FP2_BN158_mul &rArr; FP_BN158_mod &rArr; BIG_160_28_monty
</UL>
<BR>[Calls]<UL><LI><a href="#[db]">&gt;&gt;</a>&nbsp;&nbsp;&nbsp;FP2_BN158_sub
<LI><a href="#[e9]">&gt;&gt;</a>&nbsp;&nbsp;&nbsp;FP2_BN158_sqr
<LI><a href="#[da]">&gt;&gt;</a>&nbsp;&nbsp;&nbsp;FP2_BN158_norm
<LI><a href="#[fa]">&gt;&gt;</a>&nbsp;&nbsp;&nbsp;FP2_BN158_neg
<LI><a href="#[dd]">&gt;&gt;</a>&nbsp;&nbsp;&nbsp;FP2_BN158_mul_ip
<LI><a href="#[d8]">&gt;&gt;</a>&nbsp;&nbsp;&nbsp;FP2_BN158_mul
<LI><a href="#[dc]">&gt;&gt;</a>&nbsp;&nbsp;&nbsp;FP2_BN158_imul
<LI><a href="#[e4]">&gt;&gt;</a>&nbsp;&nbsp;&nbsp;FP2_BN158_copy
<LI><a href="#[d9]">&gt;&gt;</a>&nbsp;&nbsp;&nbsp;FP2_BN158_add
<LI><a href="#[e8]">&gt;&gt;</a>&nbsp;&nbsp;&nbsp;ECP2_BN158_dbl
</UL>
<BR>[Called By]<UL><LI><a href="#[1ca]">&gt;&gt;</a>&nbsp;&nbsp;&nbsp;PAIR_BN158_line
</UL>

<P><STRONG><a name="[1ca]"></a>PAIR_BN158_line</STRONG> (Thumb, 124 bytes, Stack size 536 bytes, pair_bn158.o(i.PAIR_BN158_line))
<BR><BR>[Stack]<UL><LI>Max Depth = 1584<LI>Call Chain = PAIR_BN158_line &rArr; PAIR_BN158_add &rArr; ECP2_BN158_add &rArr; FP2_BN158_mul &rArr; FP_BN158_mod &rArr; BIG_160_28_monty
</UL>
<BR>[Calls]<UL><LI><a href="#[150]">&gt;&gt;</a>&nbsp;&nbsp;&nbsp;FP2_BN158_pmul
<LI><a href="#[1cb]">&gt;&gt;</a>&nbsp;&nbsp;&nbsp;PAIR_BN158_double
<LI><a href="#[1c7]">&gt;&gt;</a>&nbsp;&nbsp;&nbsp;PAIR_BN158_add
<LI><a href="#[138]">&gt;&gt;</a>&nbsp;&nbsp;&nbsp;FP12_BN158_from_FP4s
<LI><a href="#[149]">&gt;&gt;</a>&nbsp;&nbsp;&nbsp;FP4_BN158_zero
<LI><a href="#[151]">&gt;&gt;</a>&nbsp;&nbsp;&nbsp;FP4_BN158_from_FP2s
<LI><a href="#[152]">&gt;&gt;</a>&nbsp;&nbsp;&nbsp;FP4_BN158_from_FP2H
</UL>
<BR>[Called By]<UL><LI><a href="#[1c8]">&gt;&gt;</a>&nbsp;&nbsp;&nbsp;PAIR_BN158_ate
<LI><a href="#[1cc]">&gt;&gt;</a>&nbsp;&nbsp;&nbsp;PAIR_BN158_double_ate
</UL>

<P><STRONG><a name="[1c4]"></a>glv</STRONG> (Thumb, 232 bytes, Stack size 168 bytes, pair_bn158.o(i.glv))
<BR><BR>[Stack]<UL><LI>Max Depth = 440<LI>Call Chain = glv &rArr; BIG_160_28_modmul &rArr; BIG_160_28_ctdmod &rArr; BIG_160_28_dcmove
</UL>
<BR>[Calls]<UL><LI><a href="#[bf]">&gt;&gt;</a>&nbsp;&nbsp;&nbsp;BIG_160_28_sub
<LI><a href="#[cd]">&gt;&gt;</a>&nbsp;&nbsp;&nbsp;BIG_160_28_mul
<LI><a href="#[bd]">&gt;&gt;</a>&nbsp;&nbsp;&nbsp;BIG_160_28_ctmod
<LI><a href="#[ad]">&gt;&gt;</a>&nbsp;&nbsp;&nbsp;BIG_160_28_ctddiv
<LI><a href="#[ca]">&gt;&gt;</a>&nbsp;&nbsp;&nbsp;BIG_160_28_nbits
<LI><a href="#[b0]">&gt;&gt;</a>&nbsp;&nbsp;&nbsp;BIG_160_28_zero
<LI><a href="#[fc]">&gt;&gt;</a>&nbsp;&nbsp;&nbsp;BIG_160_28_rcopy
<LI><a href="#[ce]">&gt;&gt;</a>&nbsp;&nbsp;&nbsp;BIG_160_28_modmul
<LI><a href="#[be]">&gt;&gt;</a>&nbsp;&nbsp;&nbsp;BIG_160_28_copy
<LI><a href="#[b6]">&gt;&gt;</a>&nbsp;&nbsp;&nbsp;BIG_160_28_add
</UL>
<BR>[Called By]<UL><LI><a href="#[1c3]">&gt;&gt;</a>&nbsp;&nbsp;&nbsp;PAIR_BN158_G1mul
</UL>

<P><STRONG><a name="[1c6]"></a>gs</STRONG> (Thumb, 232 bytes, Stack size 216 bytes, pair_bn158.o(i.gs))
<BR><BR>[Stack]<UL><LI>Max Depth = 488<LI>Call Chain = gs &rArr; BIG_160_28_modmul &rArr; BIG_160_28_ctdmod &rArr; BIG_160_28_dcmove
</UL>
<BR>[Calls]<UL><LI><a href="#[bf]">&gt;&gt;</a>&nbsp;&nbsp;&nbsp;BIG_160_28_sub
<LI><a href="#[cd]">&gt;&gt;</a>&nbsp;&nbsp;&nbsp;BIG_160_28_mul
<LI><a href="#[bd]">&gt;&gt;</a>&nbsp;&nbsp;&nbsp;BIG_160_28_ctmod
<LI><a href="#[ad]">&gt;&gt;</a>&nbsp;&nbsp;&nbsp;BIG_160_28_ctddiv
<LI><a href="#[ca]">&gt;&gt;</a>&nbsp;&nbsp;&nbsp;BIG_160_28_nbits
<LI><a href="#[b0]">&gt;&gt;</a>&nbsp;&nbsp;&nbsp;BIG_160_28_zero
<LI><a href="#[fc]">&gt;&gt;</a>&nbsp;&nbsp;&nbsp;BIG_160_28_rcopy
<LI><a href="#[ce]">&gt;&gt;</a>&nbsp;&nbsp;&nbsp;BIG_160_28_modmul
<LI><a href="#[be]">&gt;&gt;</a>&nbsp;&nbsp;&nbsp;BIG_160_28_copy
<LI><a href="#[b6]">&gt;&gt;</a>&nbsp;&nbsp;&nbsp;BIG_160_28_add
</UL>
<BR>[Called By]<UL><LI><a href="#[1c5]">&gt;&gt;</a>&nbsp;&nbsp;&nbsp;PAIR_BN158_G2mul
</UL>

<P><STRONG><a name="[d2]"></a>muladd_160_28</STRONG> (Thumb, 46 bytes, Stack size 24 bytes, big_160_28.o(i.muladd_160_28))
<BR><BR>[Stack]<UL><LI>Max Depth = 24<LI>Call Chain = muladd_160_28
</UL>
<BR>[Called By]<UL><LI><a href="#[d1]">&gt;&gt;</a>&nbsp;&nbsp;&nbsp;BIG_160_28_pmul
</UL>

<P><STRONG><a name="[1a6]"></a>HASH256_transform</STRONG> (Thumb, 498 bytes, Stack size 48 bytes, hash.o(i.HASH256_transform))
<BR><BR>[Stack]<UL><LI>Max Depth = 48<LI>Call Chain = HASH256_transform
</UL>
<BR>[Called By]<UL><LI><a href="#[1a5]">&gt;&gt;</a>&nbsp;&nbsp;&nbsp;HASH256_process
<LI><a href="#[1a4]">&gt;&gt;</a>&nbsp;&nbsp;&nbsp;HASH256_hash
</UL>

<P><STRONG><a name="[177]"></a>NVIC_GetPriorityGrouping</STRONG> (Thumb, 10 bytes, Stack size 0 bytes, stm32f7xx_hal_cortex.o(i.NVIC_GetPriorityGrouping))
<BR><BR>[Called By]<UL><LI><a href="#[176]">&gt;&gt;</a>&nbsp;&nbsp;&nbsp;HAL_NVIC_SetPriority
</UL>

<P><STRONG><a name="[178]"></a>NVIC_SetPriority</STRONG> (Thumb, 32 bytes, Stack size 8 bytes, stm32f7xx_hal_cortex.o(i.NVIC_SetPriority))
<BR><BR>[Stack]<UL><LI>Max Depth = 8<LI>Call Chain = NVIC_SetPriority
</UL>
<BR>[Called By]<UL><LI><a href="#[176]">&gt;&gt;</a>&nbsp;&nbsp;&nbsp;HAL_NVIC_SetPriority
<LI><a href="#[175]">&gt;&gt;</a>&nbsp;&nbsp;&nbsp;HAL_SYSTICK_Config
</UL>

<P><STRONG><a name="[16c]"></a>DMA_CalcBaseAndBitshift</STRONG> (Thumb, 46 bytes, Stack size 0 bytes, stm32f7xx_hal_dma.o(i.DMA_CalcBaseAndBitshift))
<BR><BR>[Called By]<UL><LI><a href="#[16d]">&gt;&gt;</a>&nbsp;&nbsp;&nbsp;HAL_DMA_Init
<LI><a href="#[16b]">&gt;&gt;</a>&nbsp;&nbsp;&nbsp;HAL_DMA_DeInit
</UL>

<P><STRONG><a name="[16e]"></a>DMA_CheckFifoParam</STRONG> (Thumb, 170 bytes, Stack size 0 bytes, stm32f7xx_hal_dma.o(i.DMA_CheckFifoParam))
<BR><BR>[Called By]<UL><LI><a href="#[16d]">&gt;&gt;</a>&nbsp;&nbsp;&nbsp;HAL_DMA_Init
</UL>

<P><STRONG><a name="[170]"></a>DMA_SetConfig</STRONG> (Thumb, 44 bytes, Stack size 12 bytes, stm32f7xx_hal_dma.o(i.DMA_SetConfig))
<BR><BR>[Stack]<UL><LI>Max Depth = 12<LI>Call Chain = DMA_SetConfig
</UL>
<BR>[Called By]<UL><LI><a href="#[16f]">&gt;&gt;</a>&nbsp;&nbsp;&nbsp;HAL_DMA_Start_IT
</UL>

<P><STRONG><a name="[7c]"></a>UART_DMAAbortOnError</STRONG> (Thumb, 24 bytes, Stack size 16 bytes, stm32f7xx_hal_uart.o(i.UART_DMAAbortOnError))
<BR><BR>[Stack]<UL><LI>Max Depth = 16<LI>Call Chain = UART_DMAAbortOnError
</UL>
<BR>[Calls]<UL><LI><a href="#[196]">&gt;&gt;</a>&nbsp;&nbsp;&nbsp;HAL_UART_ErrorCallback
</UL>
<BR>[Address Reference Count : 1]<UL><LI> stm32f7xx_hal_uart.o(i.HAL_UART_IRQHandler)
</UL>
<P><STRONG><a name="[7f]"></a>UART_DMAError</STRONG> (Thumb, 92 bytes, Stack size 24 bytes, stm32f7xx_hal_uart.o(i.UART_DMAError))
<BR><BR>[Stack]<UL><LI>Max Depth = 24<LI>Call Chain = UART_DMAError
</UL>
<BR>[Calls]<UL><LI><a href="#[196]">&gt;&gt;</a>&nbsp;&nbsp;&nbsp;HAL_UART_ErrorCallback
<LI><a href="#[192]">&gt;&gt;</a>&nbsp;&nbsp;&nbsp;UART_EndTxTransfer
<LI><a href="#[193]">&gt;&gt;</a>&nbsp;&nbsp;&nbsp;UART_EndRxTransfer
</UL>
<BR>[Address Reference Count : 1]<UL><LI> stm32f7xx_hal_uart.o(i.UART_Start_Receive_DMA)
</UL>
<P><STRONG><a name="[7d]"></a>UART_DMAReceiveCplt</STRONG> (Thumb, 174 bytes, Stack size 16 bytes, stm32f7xx_hal_uart.o(i.UART_DMAReceiveCplt))
<BR><BR>[Stack]<UL><LI>Max Depth = 16<LI>Call Chain = UART_DMAReceiveCplt
</UL>
<BR>[Calls]<UL><LI><a href="#[1da]">&gt;&gt;</a>&nbsp;&nbsp;&nbsp;HAL_UART_RxCpltCallback
<LI><a href="#[197]">&gt;&gt;</a>&nbsp;&nbsp;&nbsp;HAL_UARTEx_RxEventCallback
</UL>
<BR>[Address Reference Count : 1]<UL><LI> stm32f7xx_hal_uart.o(i.UART_Start_Receive_DMA)
</UL>
<P><STRONG><a name="[7e]"></a>UART_DMARxHalfCplt</STRONG> (Thumb, 38 bytes, Stack size 16 bytes, stm32f7xx_hal_uart.o(i.UART_DMARxHalfCplt))
<BR><BR>[Stack]<UL><LI>Max Depth = 16<LI>Call Chain = UART_DMARxHalfCplt
</UL>
<BR>[Calls]<UL><LI><a href="#[1db]">&gt;&gt;</a>&nbsp;&nbsp;&nbsp;HAL_UART_RxHalfCpltCallback
<LI><a href="#[197]">&gt;&gt;</a>&nbsp;&nbsp;&nbsp;HAL_UARTEx_RxEventCallback
</UL>
<BR>[Address Reference Count : 1]<UL><LI> stm32f7xx_hal_uart.o(i.UART_Start_Receive_DMA)
</UL>
<P><STRONG><a name="[193]"></a>UART_EndRxTransfer</STRONG> (Thumb, 102 bytes, Stack size 0 bytes, stm32f7xx_hal_uart.o(i.UART_EndRxTransfer))
<BR><BR>[Called By]<UL><LI><a href="#[194]">&gt;&gt;</a>&nbsp;&nbsp;&nbsp;HAL_UART_IRQHandler
<LI><a href="#[d4]">&gt;&gt;</a>&nbsp;&nbsp;&nbsp;HAL_UART_DMAStop
<LI><a href="#[7f]">&gt;&gt;</a>&nbsp;&nbsp;&nbsp;UART_DMAError
</UL>

<P><STRONG><a name="[199]"></a>UART_EndTransmit_IT</STRONG> (Thumb, 46 bytes, Stack size 8 bytes, stm32f7xx_hal_uart.o(i.UART_EndTransmit_IT))
<BR><BR>[Stack]<UL><LI>Max Depth = 8<LI>Call Chain = UART_EndTransmit_IT
</UL>
<BR>[Calls]<UL><LI><a href="#[1dc]">&gt;&gt;</a>&nbsp;&nbsp;&nbsp;HAL_UART_TxCpltCallback
</UL>
<BR>[Called By]<UL><LI><a href="#[194]">&gt;&gt;</a>&nbsp;&nbsp;&nbsp;HAL_UART_IRQHandler
</UL>

<P><STRONG><a name="[192]"></a>UART_EndTxTransfer</STRONG> (Thumb, 32 bytes, Stack size 0 bytes, stm32f7xx_hal_uart.o(i.UART_EndTxTransfer))
<BR><BR>[Called By]<UL><LI><a href="#[d4]">&gt;&gt;</a>&nbsp;&nbsp;&nbsp;HAL_UART_DMAStop
<LI><a href="#[7f]">&gt;&gt;</a>&nbsp;&nbsp;&nbsp;UART_DMAError
</UL>

<P><STRONG><a name="[80]"></a>UART_RxISR_16BIT</STRONG> (Thumb, 212 bytes, Stack size 24 bytes, stm32f7xx_hal_uart.o(i.UART_RxISR_16BIT))
<BR><BR>[Stack]<UL><LI>Max Depth = 24<LI>Call Chain = UART_RxISR_16BIT
</UL>
<BR>[Calls]<UL><LI><a href="#[1da]">&gt;&gt;</a>&nbsp;&nbsp;&nbsp;HAL_UART_RxCpltCallback
<LI><a href="#[197]">&gt;&gt;</a>&nbsp;&nbsp;&nbsp;HAL_UARTEx_RxEventCallback
</UL>
<BR>[Address Reference Count : 1]<UL><LI> stm32f7xx_hal_uart.o(i.UART_Start_Receive_IT)
</UL>
<P><STRONG><a name="[81]"></a>UART_RxISR_8BIT</STRONG> (Thumb, 208 bytes, Stack size 16 bytes, stm32f7xx_hal_uart.o(i.UART_RxISR_8BIT))
<BR><BR>[Stack]<UL><LI>Max Depth = 16<LI>Call Chain = UART_RxISR_8BIT
</UL>
<BR>[Calls]<UL><LI><a href="#[1da]">&gt;&gt;</a>&nbsp;&nbsp;&nbsp;HAL_UART_RxCpltCallback
<LI><a href="#[197]">&gt;&gt;</a>&nbsp;&nbsp;&nbsp;HAL_UARTEx_RxEventCallback
</UL>
<BR>[Address Reference Count : 1]<UL><LI> stm32f7xx_hal_uart.o(i.UART_Start_Receive_IT)
</UL>
<P><STRONG><a name="[209]"></a>_fp_digits</STRONG> (Thumb, 366 bytes, Stack size 64 bytes, printfa.o(i._fp_digits), UNUSED)
<BR><BR>[Calls]<UL><LI><a href="#[a5]">&gt;&gt;</a>&nbsp;&nbsp;&nbsp;__aeabi_dmul
<LI><a href="#[a6]">&gt;&gt;</a>&nbsp;&nbsp;&nbsp;__aeabi_ddiv
<LI><a href="#[9f]">&gt;&gt;</a>&nbsp;&nbsp;&nbsp;__aeabi_dadd
<LI><a href="#[a7]">&gt;&gt;</a>&nbsp;&nbsp;&nbsp;__aeabi_d2ulz
<LI><a href="#[20a]">&gt;&gt;</a>&nbsp;&nbsp;&nbsp;__aeabi_cdrcmple
<LI><a href="#[99]">&gt;&gt;</a>&nbsp;&nbsp;&nbsp;__aeabi_uldivmod
</UL>
<BR>[Called By]<UL><LI><a href="#[206]">&gt;&gt;</a>&nbsp;&nbsp;&nbsp;_printf_core
</UL>

<P><STRONG><a name="[206]"></a>_printf_core</STRONG> (Thumb, 1704 bytes, Stack size 136 bytes, printfa.o(i._printf_core), UNUSED)
<BR><BR>[Calls]<UL><LI><a href="#[20d]">&gt;&gt;</a>&nbsp;&nbsp;&nbsp;__aeabi_uidivmod
<LI><a href="#[20b]">&gt;&gt;</a>&nbsp;&nbsp;&nbsp;_printf_pre_padding
<LI><a href="#[20c]">&gt;&gt;</a>&nbsp;&nbsp;&nbsp;_printf_post_padding
<LI><a href="#[209]">&gt;&gt;</a>&nbsp;&nbsp;&nbsp;_fp_digits
<LI><a href="#[99]">&gt;&gt;</a>&nbsp;&nbsp;&nbsp;__aeabi_uldivmod
</UL>
<BR>[Called By]<UL><LI><a href="#[208]">&gt;&gt;</a>&nbsp;&nbsp;&nbsp;__0vsprintf
<LI><a href="#[207]">&gt;&gt;</a>&nbsp;&nbsp;&nbsp;__0sprintf
<LI><a href="#[205]">&gt;&gt;</a>&nbsp;&nbsp;&nbsp;__0printf
</UL>

<P><STRONG><a name="[20c]"></a>_printf_post_padding</STRONG> (Thumb, 36 bytes, Stack size 24 bytes, printfa.o(i._printf_post_padding), UNUSED)
<BR><BR>[Called By]<UL><LI><a href="#[206]">&gt;&gt;</a>&nbsp;&nbsp;&nbsp;_printf_core
</UL>

<P><STRONG><a name="[20b]"></a>_printf_pre_padding</STRONG> (Thumb, 46 bytes, Stack size 24 bytes, printfa.o(i._printf_pre_padding), UNUSED)
<BR><BR>[Called By]<UL><LI><a href="#[206]">&gt;&gt;</a>&nbsp;&nbsp;&nbsp;_printf_core
</UL>

<P><STRONG><a name="[83]"></a>_sputc</STRONG> (Thumb, 10 bytes, Stack size 0 bytes, printfa.o(i._sputc))
<BR><BR>[Called By]<UL><LI><a href="#[208]">&gt;&gt;</a>&nbsp;&nbsp;&nbsp;__0vsprintf
<LI><a href="#[207]">&gt;&gt;</a>&nbsp;&nbsp;&nbsp;__0sprintf
</UL>
<BR>[Address Reference Count : 2]<UL><LI> printfa.o(i.__0sprintf)
<LI> printfa.o(i.__0vsprintf)
</UL><P>
<H3>
Undefined Global Symbols
</H3><HR></body></html>
