Component: ARM Compiler 5.06 update 7 (build 960) Tool: armlink [4d3601]

==============================================================================

Section Cross References

    main.o(i.PACKET_handler) refers to delay.o(i.delay_ms) for delay_ms
    main.o(i.PACKET_handler) refers to stm32f7xx_hal_uart.o(i.HAL_UART_DMAStop) for HAL_UART_DMAStop
    main.o(i.PACKET_handler) refers to stm32f7xx_hal_uart.o(i.HAL_UART_Receive_DMA) for HAL_UART_Receive_DMA
    main.o(i.PACKET_handler) refers to memseta.o(.text) for __aeabi_memclr4
    main.o(i.PACKET_handler) refers to hash.o(i.HASH256_init) for HASH256_init
    main.o(i.PACKET_handler) refers to hash.o(i.HASH256_process) for HASH256_process
    main.o(i.PACKET_handler) refers to hash.o(i.HASH256_hash) for HASH256_hash
    main.o(i.PACKET_handler) refers to uecc.o(i.uECC_secp160r1) for uECC_secp160r1
    main.o(i.PACKET_handler) refers to uecc.o(i.uECC_verify) for uECC_verify
    main.o(i.PACKET_handler) refers to ecp_bn158.o(i.ECP_BN158_fromOctet) for ECP_BN158_fromOctet
    main.o(i.PACKET_handler) refers to tasks.o(i.xTaskGenericNotify) for xTaskGenericNotify
    main.o(i.PACKET_handler) refers to main.o(.data) for ttt
    main.o(i.PACKET_handler) refers to dma.o(.bss) for ReceBuff
    main.o(i.PACKET_handler) refers to usart3.o(.bss) for uart3_handler
    main.o(i.PACKET_handler) refers to main.o(.bss) for buff
    main.o(i.PACKET_handler) refers to utility.o(.bss) for public_key
    main.o(i.PACKET_handler) refers to thres_sig.o(i.PRBC_SK_sign) for PRBC_SK_sign
    main.o(i.PACKET_handler) refers to thres_sig.o(i.PRBC_PK_verify_sig_share) for PRBC_PK_verify_sig_share
    main.o(i.PACKET_handler) refers to printfa.o(i.__0sprintf) for __2sprintf
    main.o(i.PACKET_handler) refers to mw1268_app.o(i.LoRa_SendData) for LoRa_SendData
    main.o(i.PACKET_handler) refers to thres_sig.o(i.PRBC_PK_sig_combine_share) for PRBC_PK_sig_combine_share
    main.o(i.PACKET_handler) refers to thres_sig.o(i.PRBC_PK_verify_sig) for PRBC_PK_verify_sig
    main.o(i.PRBC_SIG_handler) refers to memseta.o(.text) for __aeabi_memclr4
    main.o(i.PRBC_SIG_handler) refers to hash.o(i.HASH256_init) for HASH256_init
    main.o(i.PRBC_SIG_handler) refers to hash.o(i.HASH256_process) for HASH256_process
    main.o(i.PRBC_SIG_handler) refers to hash.o(i.HASH256_hash) for HASH256_hash
    main.o(i.PRBC_SIG_handler) refers to thres_sig.o(i.sign_data) for sign_data
    main.o(i.PRBC_SIG_handler) refers to stm32f7xx_hal_uart.o(i.HAL_UART_Transmit) for HAL_UART_Transmit
    main.o(i.PRBC_SIG_handler) refers to main.o(.bss) for Send_Data_buff
    main.o(i.PRBC_SIG_handler) refers to main.o(.data) for parallel_D
    main.o(i.PRBC_SIG_handler) refers to usart3.o(.bss) for uart3_handler
    main.o(i.RBC_ER_handler) refers to memseta.o(.text) for __aeabi_memclr4
    main.o(i.RBC_ER_handler) refers to hash.o(i.HASH256_init) for HASH256_init
    main.o(i.RBC_ER_handler) refers to hash.o(i.HASH256_process) for HASH256_process
    main.o(i.RBC_ER_handler) refers to hash.o(i.HASH256_hash) for HASH256_hash
    main.o(i.RBC_ER_handler) refers to thres_sig.o(i.sign_data) for sign_data
    main.o(i.RBC_ER_handler) refers to stm32f7xx_hal_uart.o(i.HAL_UART_Transmit) for HAL_UART_Transmit
    main.o(i.RBC_ER_handler) refers to main.o(.bss) for Send_Data_buff
    main.o(i.RBC_ER_handler) refers to usart3.o(.bss) for uart3_handler
    main.o(i.RBC_INIT_handler) refers to memseta.o(.text) for __aeabi_memclr4
    main.o(i.RBC_INIT_handler) refers to hash.o(i.HASH256_init) for HASH256_init
    main.o(i.RBC_INIT_handler) refers to hash.o(i.HASH256_process) for HASH256_process
    main.o(i.RBC_INIT_handler) refers to hash.o(i.HASH256_hash) for HASH256_hash
    main.o(i.RBC_INIT_handler) refers to thres_sig.o(i.sign_data) for sign_data
    main.o(i.RBC_INIT_handler) refers to stm32f7xx_hal_uart.o(i.HAL_UART_Transmit) for HAL_UART_Transmit
    main.o(i.RBC_INIT_handler) refers to rng.o(i.RNG_Get_RandomRange) for RNG_Get_RandomRange
    main.o(i.RBC_INIT_handler) refers to delay.o(i.delay_ms) for delay_ms
    main.o(i.RBC_INIT_handler) refers to main.o(.bss) for Send_Data_buff
    main.o(i.RBC_INIT_handler) refers to usart3.o(.bss) for uart3_handler
    main.o(i.RBC_init) refers to rng.o(i.RNG_Get_RandomNum) for RNG_Get_RandomNum
    main.o(i.RBC_init) refers to hash.o(i.HASH256_init) for HASH256_init
    main.o(i.RBC_init) refers to hash.o(i.HASH256_process) for HASH256_process
    main.o(i.RBC_init) refers to hash.o(i.HASH256_hash) for HASH256_hash
    main.o(i.RBC_init) refers to dma.o(i.MYDMA_Config_Rece) for MYDMA_Config_Rece
    main.o(i.RBC_init) refers to stm32f7xx_hal_uart.o(i.HAL_UART_Receive_DMA) for HAL_UART_Receive_DMA
    main.o(i.RBC_init) refers to main.o(.bss) for RBC_Init
    main.o(i.RBC_init) refers to main.o(.data) for RBC_done_Number
    main.o(i.RBC_init) refers to dma.o(.bss) for ReceBuff
    main.o(i.RBC_init) refers to usart3.o(.bss) for uart3_handler
[...]
    vPortSuppressTicksAndSleep               0x0800f171   Thumb Code   404  port.o(i.vPortSuppressTicksAndSleep)
    vPortValidateInterruptPriority           0x0800f32d   Thumb Code    86  port.o(i.vPortValidateInterruptPriority)
    vQueueAddToRegistry                      0x0800f3d1   Thumb Code    38  queue.o(i.vQueueAddToRegistry)
    vQueueWaitForMessageRestricted           0x0800f3fd   Thumb Code    74  queue.o(i.vQueueWaitForMessageRestricted)
    vTaskDelay                               0x0800f449   Thumb Code    72  tasks.o(i.vTaskDelay)
    vTaskDelete                              0x0800f4bd   Thumb Code   192  tasks.o(i.vTaskDelete)
    vTaskMissedYield                         0x0800f5c9   Thumb Code     8  tasks.o(i.vTaskMissedYield)
    vTaskPlaceOnEventList                    0x0800f5d5   Thumb Code    42  tasks.o(i.vTaskPlaceOnEventList)
    vTaskPlaceOnEventListRestricted          0x0800f629   Thumb Code    50  tasks.o(i.vTaskPlaceOnEventListRestricted)
    vTaskPriorityInherit                     0x0800f685   Thumb Code   164  tasks.o(i.vTaskPriorityInherit)
    vTaskSetTimeOutState                     0x0800f735   Thumb Code    32  tasks.o(i.vTaskSetTimeOutState)
    vTaskStartScheduler                      0x0800f781   Thumb Code   112  tasks.o(i.vTaskStartScheduler)
    vTaskStepTick                            0x0800f831   Thumb Code    50  tasks.o(i.vTaskStepTick)
    vTaskSuspendAll                          0x0800f891   Thumb Code    12  tasks.o(i.vTaskSuspendAll)
    vTaskSwitchContext                       0x0800f8a1   Thumb Code   110  tasks.o(i.vTaskSwitchContext)
    xPortStartScheduler                      0x0800f949   Thumb Code   192  port.o(i.xPortStartScheduler)
    xQueueGenericCreate                      0x0800fa61   Thumb Code    78  queue.o(i.xQueueGenericCreate)
    xQueueGenericReceive                     0x0800fad5   Thumb Code   416  queue.o(i.xQueueGenericReceive)
    xQueueGenericReset                       0x0800fc9d   Thumb Code   136  queue.o(i.xQueueGenericReset)
    xQueueGenericSend                        0x0800fd4d   Thumb Code   412  queue.o(i.xQueueGenericSend)
    xQueueGenericSendFromISR                 0x0800ff11   Thumb Code   238  queue.o(i.xQueueGenericSendFromISR)
    xTaskCheckForTimeOut                     0x08010025   Thumb Code   116  tasks.o(i.xTaskCheckForTimeOut)
    xTaskCreate                              0x080100c5   Thumb Code    96  tasks.o(i.xTaskCreate)
    xTaskGenericNotify                       0x08010125   Thumb Code   226  tasks.o(i.xTaskGenericNotify)
    xTaskGenericNotifyFromISR                0x0801023d   Thumb Code   282  tasks.o(i.xTaskGenericNotifyFromISR)
    xTaskGetSchedulerState                   0x08010395   Thumb Code    24  tasks.o(i.xTaskGetSchedulerState)
    xTaskGetTickCount                        0x080103b5   Thumb Code     6  tasks.o(i.xTaskGetTickCount)
    xTaskIncrementTick                       0x080103c1   Thumb Code   272  tasks.o(i.xTaskIncrementTick)
    xTaskNotifyWait                          0x08010521   Thumb Code   150  tasks.o(i.xTaskNotifyWait)
    xTaskPriorityDisinherit                  0x080105c1   Thumb Code   168  tasks.o(i.xTaskPriorityDisinherit)
    xTaskRemoveFromEventList                 0x08010699   Thumb Code   122  tasks.o(i.xTaskRemoveFromEventList)
    xTaskResumeAll                           0x08010751   Thumb Code   214  tasks.o(i.xTaskResumeAll)
    xTimerCreateTimerTask                    0x08010871   Thumb Code    56  timers.o(i.xTimerCreateTimerTask)
    xTimerGenericCommand                     0x080108e5   Thumb Code   118  timers.o(i.xTimerGenericCommand)
    AHBPrescTable                            0x08010988   Data          16  system_stm32f7xx.o(.constdata)
    APBPrescTable                            0x08010998   Data           8  system_stm32f7xx.o(.constdata)
    CURVE_Cof_I_BN158                        0x08011178   Data           4  rom_curve_bn158.o(.constdata)
    CURVE_Cof_BN158                          0x0801117c   Data          24  rom_curve_bn158.o(.constdata)
    CURVE_B_I_BN158                          0x08011194   Data           4  rom_curve_bn158.o(.constdata)
    CURVE_B_BN158                            0x08011198   Data          24  rom_curve_bn158.o(.constdata)
    CURVE_Order_BN158                        0x080111b0   Data          24  rom_curve_bn158.o(.constdata)
    CURVE_Gx_BN158                           0x080111c8   Data          24  rom_curve_bn158.o(.constdata)
    CURVE_Gy_BN158                           0x080111e0   Data          24  rom_curve_bn158.o(.constdata)
    CURVE_HTPC_BN158                         0x080111f8   Data          24  rom_curve_bn158.o(.constdata)
    CURVE_Bnx_BN158                          0x08011210   Data          24  rom_curve_bn158.o(.constdata)
    CURVE_Pxa_BN158                          0x08011228   Data          24  rom_curve_bn158.o(.constdata)
    CURVE_Pxb_BN158                          0x08011240   Data          24  rom_curve_bn158.o(.constdata)
    CURVE_Pya_BN158                          0x08011258   Data          24  rom_curve_bn158.o(.constdata)
    CURVE_Pyb_BN158                          0x08011270   Data          24  rom_curve_bn158.o(.constdata)
    CURVE_W_BN158                            0x08011288   Data          48  rom_curve_bn158.o(.constdata)
    CURVE_SB_BN158                           0x080112b8   Data          96  rom_curve_bn158.o(.constdata)
    CURVE_WB_BN158                           0x08011318   Data          96  rom_curve_bn158.o(.constdata)
    CURVE_BB_BN158                           0x08011378   Data         384  rom_curve_bn158.o(.constdata)
    Modulus_BN158                            0x080114f8   Data          24  rom_field_bn158.o(.constdata)
    R2modp_BN158                             0x08011510   Data          24  rom_field_bn158.o(.constdata)
    ROI_BN158                                0x08011528   Data          24  rom_field_bn158.o(.constdata)
    SQRTm3_BN158                             0x08011540   Data          24  rom_field_bn158.o(.constdata)
    CRu_BN158                                0x08011558   Data          24  rom_field_bn158.o(.constdata)
    MConst_BN158                             0x08011570   Data           4  rom_field_bn158.o(.constdata)
    Fra_BN158                                0x08011574   Data          24  rom_field_bn158.o(.constdata)
    Frb_BN158                                0x0801158c   Data          24  rom_field_bn158.o(.constdata)
    Region$$Table$$Base                      0x080115ac   Number         0  anon$$obj.o(Region$$Table)
    Region$$Table$$Limit                     0x080115ec   Number         0  anon$$obj.o(Region$$Table)
    Total_low_time                           0x20000000   Data           4  main.o(.data)
    low_flag                                 0x20000004   Data           1  main.o(.data)
    low_IDX                                  0x20000008   Data           4  main.o(.data)
    MY_TIME                                  0x2000000c   Data           4  main.o(.data)
    MY_Consensus_TIME                        0x20000010   Data           4  main.o(.data)
    parallel_D                               0x20000014   Data           1  main.o(.data)
    TIM9_Exceed_Times                        0x20000018   Data           4  main.o(.data)
    cur_aba_id                               0x2000001c   Data           1  main.o(.data)
    state_aba                                0x2000001d   Data           1  main.o(.data)
    TIM5_Exceed_Times                        0x20000020   Data           4  main.o(.data)
    TIM2_Exceed_Times                        0x20000024   Data           4  main.o(.data)
    STATE_Set_Number                         0x20000028   Data           1  main.o(.data)
    NACK_Set_Number                          0x20000029   Data           1  main.o(.data)
    RBC_done_Number                          0x2000002a   Data           1  main.o(.data)
    PRBC_done_Number                         0x2000002b   Data           1  main.o(.data)
    need_EVENT_RBC_ER                        0x2000002c   Data           1  main.o(.data)
    My_CBC_Echo_Number                       0x2000002d   Data           1  main.o(.data)
    CBC_done_Number                          0x2000002e   Data           1  main.o(.data)
    My_VAL_CBC_Echo_Number                   0x2000002f   Data           1  main.o(.data)
    VAL_CBC_done_Number                      0x20000030   Data           1  main.o(.data)
    W_arr                                    0x20000031   Data           2  main.o(.data)
    Proposal_Packet_Size                     0x20000034   Data           4  main.o(.data)
    dec_tx_number                            0x20000038   Data           1  main.o(.data)
    dec_done_number                          0x20000039   Data           1  main.o(.data)
    RBC_init_Number                          0x2000003a   Data           1  main.o(.data)
    CBC_v_number                             0x2000003b   Data           1  main.o(.data)
    StartTask_Handler                        0x2000003c   Data           4  main.o(.data)
    EventSetBit_Handler                      0x20000040   Data           4  main.o(.data)
    EventGroupTask_Handler                   0x20000044   Data           4  main.o(.data)
    decidd_flag                              0x20000048   Data           1  main.o(.data)
    ttt                                      0x20000049   Data           1  main.o(.data)
    xxx                                      0x2000004a   Data           1  main.o(.data)
    mmm                                      0x2000004b   Data           1  main.o(.data)
    nnn                                      0x2000004c   Data           1  main.o(.data)
    __stdout                                 0x20000050   Data           4  usart.o(.data)
    USART_RX_STA                             0x20000054   Data           2  usart.o(.data)
    aRxBuffer                                0x20000056   Data           1  usart.o(.data)
    pxCurrentTCB                             0x20000058   Data           4  tasks.o(.data)
    LoRa_CFG                                 0x200000a8   Data          14  mw1268_app.o(.data)
    Lora_Device_Sta                          0x200000b6   Data           1  mw1268_app.o(.data)
    Lora_Int_Sta                             0x200000b7   Data           1  mw1268_app.o(.data)
    Dire_Date                                0x200000b8   Data           5  mw1268_app.o(.data)
    thres_private_key_string                 0x200000c4   Data         476  thres_sig.o(.data)
    thres_public_key_string                  0x200002a0   Data         610  thres_sig.o(.data)
    players                                  0x20000502   Data           1  thres_sig.o(.data)
    Thres_k                                  0x20000503   Data           1  thres_sig.o(.data)
    uwTick                                   0x20000504   Data           4  stm32f7xx_hal.o(.data)
    uwTickPrio                               0x20000508   Data           4  stm32f7xx_hal.o(.data)
    uwTickFreq                               0x2000050c   Data           1  stm32f7xx_hal.o(.data)
    private_key                              0x20000510   Data         448  utility.o(.bss)
    public_key                               0x200006d0   Data         896  utility.o(.bss)
    UART3RxDMA_Handler                       0x20000a50   Data          96  dma.o(.bss)
    UART3TxDMA_Handler                       0x20000ab0   Data          96  dma.o(.bss)
    ReceBuff                                 0x20000b10   Data         400  dma.o(.bss)
    DMA_buffer                               0x20000ca0   Data       30000  dma.o(.bss)
    RNG_Handler                              0x200081d0   Data          16  rng.o(.bss)
    timx_handler                             0x200081e0   Data          76  btim.o(.bss)
    tim5_handler                             0x2000822c   Data          76  btim.o(.bss)
    tim2_handler                             0x20008278   Data          76  btim.o(.bss)
    tim9_handler                             0x200082c4   Data          76  btim.o(.bss)
    tim10_handler                            0x20008310   Data          76  btim.o(.bss)
    hlptim1                                  0x2000835c   Data          48  btim.o(.bss)
    xQueueRegistry                           0x2000838c   Data          64  queue.o(.bss)
    date                                     0x2000841c   Data          30  mw1268_app.o(.bss)
    Tran_Data                                0x2000843a   Data         800  mw1268_app.o(.bss)
    public_key_string                        0x20020000   Data        2496  utility.o(.data)
    private_key_string                       0x200209c0   Data        1248  utility.o(.data)
    total_data                               0x20020ea8   Data           4  dma.o(.data)
    buff_data                                0x20020eac   Data           4  dma.o(.data)
    start_flag                               0x20020eb0   Data           1  dma.o(.data)
    buffer_IDX                               0x20020eb4   Data           4  dma.o(.data)
    PACKET_LEN                               0x20020eb8   Data           1  dma.o(.data)
    iii                                      0x20020eb9   Data           1  dma.o(.data)
    led2sta                                  0x20020eba   Data           1  led.o(.data)
    led1sta                                  0x20020ebb   Data           1  led.o(.data)
    led0sta                                  0x20020ebc   Data           1  led.o(.data)
    USART3_RX_STA                            0x20020ed4   Data           2  usart3.o(.data)
    tmp_1                                    0x20020ef4   Data           4  port.o(.data)
    tmp_times                                0x20020ef8   Data           4  port.o(.data)
    SystemCoreClock                          0x20020f14   Data           4  system_stm32f7xx.o(.data)
    thres_enc_private_key_string             0x20020f18   Data         476  thres_enc.o(.data)
    thres_enc_public_key_string              0x200210f4   Data         610  thres_enc.o(.data)
    Enc_players                              0x20021356   Data           1  thres_enc.o(.data)
    Enc_Thres_k                              0x20021357   Data           1  thres_enc.o(.data)
    low_time                                 0x20021358   Data        1600  main.o(.bss)
    wfi_time                                 0x20021998   Data        1600  main.o(.bss)
    Send_Data_buff                           0x20021fd8   Data         800  main.o(.bss)
    ABA_share                                0x200222f8   Data       18900  main.o(.bss)
    ACK_ABA_share                            0x20026ccc   Data         900  main.o(.bss)
    ABA_share_Number                         0x20027050   Data          90  main.o(.bss)
    Shared_Coin                              0x200270aa   Data          90  main.o(.bss)
    COIN                                     0x20027104   Data          21  main.o(.bss)
    est                                      0x20027119   Data          90  main.o(.bss)
    bin_values                               0x20027173   Data         180  main.o(.bss)
    BVAL                                     0x20027227   Data         180  main.o(.bss)
    ACK_BVAL                                 0x200272db   Data        1800  main.o(.bss)
    ACK_BVAL_Number                          0x200279e3   Data         180  main.o(.bss)
    AUX                                      0x20027a97   Data         180  main.o(.bss)
    vals                                     0x20027b4b   Data         180  main.o(.bss)
    ACK_AUX                                  0x20027bff   Data        1800  main.o(.bss)
    ACK_AUX_Number                           0x20028307   Data         180  main.o(.bss)
    STATE_Set                                0x200283bb   Data          10  main.o(.bss)
    NACK_Set                                 0x200283c5   Data          10  main.o(.bss)
    ABA_decided                              0x200283cf   Data          10  main.o(.bss)
    ABA_time                                 0x200283dc   Data          40  main.o(.bss)
    ABA_round                                0x20028404   Data          10  main.o(.bss)
    ABA_R                                    0x2002840e   Data          10  main.o(.bss)
    ABA_round_time                           0x20028418   Data         160  main.o(.bss)
    Block                                    0x200284b8   Data        1930  main.o(.bss)
    Block_each_Size                          0x20028c42   Data          10  main.o(.bss)
    hash_v                                   0x20028c4c   Data         320  main.o(.bss)
    RBC_Block                                0x20028d8c   Data          10  main.o(.bss)
    RBC_Block_Number                         0x20028d96   Data          10  main.o(.bss)
    RBC_Init                                 0x20028da0   Data          10  main.o(.bss)
    ACK_RBC_Echo                             0x20028daa   Data         100  main.o(.bss)
    RBC_Echo                                 0x20028e0e   Data          10  main.o(.bss)
    RBC_Echo_Number                          0x20028e18   Data          10  main.o(.bss)
    ACK_RBC_Ready                            0x20028e22   Data         100  main.o(.bss)
    RBC_Ready                                0x20028e86   Data          10  main.o(.bss)
    RBC_Ready_Number                         0x20028e90   Data          10  main.o(.bss)
    RBC_done                                 0x20028e9a   Data          10  main.o(.bss)
    ACK_PRBC_share_Number                    0x20028ea4   Data          10  main.o(.bss)
    ACK_PRBC_share                           0x20028eae   Data         100  main.o(.bss)
    PRBC_share                               0x20028f12   Data        2100  main.o(.bss)
    PRBC_sig                                 0x20029746   Data         210  main.o(.bss)
    tmp_block                                0x20029818   Data         193  main.o(.bss)
    tmp_hash                                 0x200298d9   Data          32  main.o(.bss)
    CBC_v                                    0x200298f9   Data          30  main.o(.bss)
    ACK_CBC_Echo                             0x20029917   Data          10  main.o(.bss)
    CBC_Echo                                 0x20029921   Data          10  main.o(.bss)
    CBC_Echo_Share                           0x2002992b   Data         210  main.o(.bss)
    My_CBC_Echo_Share                        0x200299fd   Data         210  main.o(.bss)
    ACK_CBC_Finish                           0x20029acf   Data          10  main.o(.bss)
    CBC_Finish_Share                         0x20029ad9   Data         210  main.o(.bss)
    VAL_CBC_v                                0x20029bab   Data        2100  main.o(.bss)
    ACK_VAL_CBC                              0x2002a3df   Data         100  main.o(.bss)
    ACK_VAL_CBC_Number                       0x2002a443   Data          10  main.o(.bss)
    ACK_VAL_CBC_Echo                         0x2002a44d   Data          10  main.o(.bss)
    VAL_CBC_Echo                             0x2002a457   Data          10  main.o(.bss)
    VAL_CBC_Echo_Share                       0x2002a461   Data         210  main.o(.bss)
    My_VAL_CBC_Echo_Share                    0x2002a533   Data         210  main.o(.bss)
    ACK_VAL_CBC_Finish                       0x2002a605   Data          10  main.o(.bss)
    VAL_CBC_Finish_Share                     0x2002a60f   Data         210  main.o(.bss)
    Transaction                              0x2002a6e1   Data        7040  main.o(.bss)
    tx_passwd                                0x2002c261   Data          16  main.o(.bss)
    enc_tx_passwd                            0x2002c271   Data         160  main.o(.bss)
    dec_tx_passwd                            0x2002c311   Data         160  main.o(.bss)
    tmp_tx_buff                              0x2002c3b1   Data         900  main.o(.bss)
    tmp_enc_tx_buff                          0x2002c735   Data         900  main.o(.bss)
    tmp_dec_tx_buff                          0x2002cab9   Data         900  main.o(.bss)
    ACK_Share                                0x2002ce3d   Data         100  main.o(.bss)
    Tx_Share                                 0x2002cea1   Data        2100  main.o(.bss)
    Tx_U                                     0x2002d6d8   Data         840  main.o(.bss)
    Tx_U_str                                 0x2002da20   Data         210  main.o(.bss)
    Tx_W                                     0x2002daf4   Data        1680  main.o(.bss)
    Tx_H                                     0x2002e184   Data        1680  main.o(.bss)
    Tx_shares                                0x2002e814   Data       16800  main.o(.bss)
    Tx_shares_str                            0x200329b4   Data        4200  main.o(.bss)
    Tx_shares_Number                         0x20033a1c   Data          10  main.o(.bss)
    dec_tx_flag                              0x20033a26   Data          10  main.o(.bss)
    tmp_buff                                 0x20033a30   Data        3000  main.o(.bss)
    buff                                     0x200345e8   Data        3000  main.o(.bss)
    USART_RX_BUF                             0x200351a0   Data         200  usart.o(.bss)
    UART1_Handler                            0x20035268   Data         136  usart.o(.bss)
    uart3RxBuffer                            0x200352f0   Data        1024  usart3.o(.bss)
    uart3TxBuffer                            0x200356f0   Data        1024  usart3.o(.bss)
    uart3_handler                            0x20035af0   Data         136  usart3.o(.bss)
    M                                        0x20044e5c   Data          50  thres_sig.o(.bss)
    G1                                       0x20044e90   Data          84  thres_sig.o(.bss)
    G2                                       0x20044ee4   Data         168  thres_sig.o(.bss)
    g1                                       0x20044f8c   Data          84  thres_sig.o(.bss)
    g2                                       0x20044fe0   Data         168  thres_sig.o(.bss)
    a                                        0x20045088   Data         240  thres_sig.o(.bss)
    S                                        0x20045178   Data          20  thres_sig.o(.bss)
    SECRET                                   0x2004518c   Data          24  thres_sig.o(.bss)
    SKs                                      0x200451a4   Data         480  thres_sig.o(.bss)
    VK                                       0x20045384   Data         168  thres_sig.o(.bss)
    VKs                                      0x2004542c   Data        3360  thres_sig.o(.bss)
    M_point                                  0x2004614c   Data          84  thres_sig.o(.bss)
    Sigs                                     0x200461a0   Data        1680  thres_sig.o(.bss)
    SIG                                      0x20046830   Data          84  thres_sig.o(.bss)
    g1_num                                   0x20046884   Data          24  thres_sig.o(.bss)
    Enc_SKs                                  0x2004689c   Data         480  thres_enc.o(.bss)
    Enc_VK                                   0x20046a7c   Data         168  thres_enc.o(.bss)
    Enc_VKs                                  0x20046b24   Data        3360  thres_enc.o(.bss)
    Enc_G1                                   0x20047844   Data          84  thres_enc.o(.bss)
    Enc_G2                                   0x20047898   Data         168  thres_enc.o(.bss)
    Enc_g1                                   0x20047940   Data          84  thres_enc.o(.bss)
    Enc_g2                                   0x20047994   Data         168  thres_enc.o(.bss)
    Enc_S                                    0x20047a3c   Data          20  thres_enc.o(.bss)
    R_num                                    0x20047a50   Data          24  thres_enc.o(.bss)
    R                                        0x20047a68   Data          24  thres_enc.o(.bss)
    RES                                      0x20047a80   Data          84  thres_enc.o(.bss)
    g12                                      0x20047ad4   Data         168  thres_enc.o(.bss)
    pair1                                    0x20047b7c   Data         340  thres_enc.o(.bss)
    g21                                      0x20047cd0   Data          84  thres_enc.o(.bss)
    pair2                                    0x20047d24   Data         340  thres_enc.o(.bss)
    U                                        0x20047e78   Data          84  thres_enc.o(.bss)
    shares                                   0x20047ecc   Data        1680  thres_enc.o(.bss)
    V                                        0x2004855c   Data          50  thres_enc.o(.bss)
    W                                        0x20048590   Data         168  thres_enc.o(.bss)
    H                                        0x20048638   Data         168  thres_enc.o(.bss)
    Enc_M                                    0x200486e0   Data          50  thres_enc.o(.bss)
    Enc_M_                                   0x20048712   Data          50  thres_enc.o(.bss)
    Enc_g1_num                               0x20048744   Data          24  thres_enc.o(.bss)
    __initial_sp                             0x20068760   Data           0  startup_stm32f767xx.o(STACK)



==============================================================================

Memory Map of the image

  Image Entry point : 0x080001f9

  Load Region LR_IROM1 (Base: 0x08000000, Size: 0x00012e54, Max: 0x00200000, ABSOLUTE, COMPRESSED[0x00012350])

    Execution Region ER_IROM1 (Exec base: 0x08000000, Load base: 0x08000000, Size: 0x000115ec, Max: 0x00200000, ABSOLUTE)

    Exec Addr    Load Addr    Size         Type   Attr      Idx    E Section Name        Object

    0x08000000   0x08000000   0x000001f8   Data   RO          900    RESET               startup_stm32f767xx.o
    0x080001f8   0x080001f8   0x00000000   Code   RO        10406  * .ARM.Collect$$$$00000000  mc_w.l(entry.o)
    0x080001f8   0x080001f8   0x00000004   Code   RO        10698    .ARM.Collect$$$$00000001  mc_w.l(entry2.o)
    0x080001fc   0x080001fc   0x00000004   Code   RO        10701    .ARM.Collect$$$$00000004  mc_w.l(entry5.o)
    0x08000200   0x08000200   0x00000000   Code   RO        10703    .ARM.Collect$$$$00000008  mc_w.l(entry7b.o)
    0x08000200   0x08000200   0x00000000   Code   RO        10705    .ARM.Collect$$$$0000000A  mc_w.l(entry8b.o)
    0x08000200   0x08000200   0x00000008   Code   RO        10706    .ARM.Collect$$$$0000000B  mc_w.l(entry9a.o)
    0x08000208   0x08000208   0x00000004   Code   RO        10713    .ARM.Collect$$$$0000000E  mc_w.l(entry12b.o)
    0x0800020c   0x0800020c   0x00000000   Code   RO        10708    .ARM.Collect$$$$0000000F  mc_w.l(entry10a.o)
    0x0800020c   0x0800020c   0x00000000   Code   RO        10710    .ARM.Collect$$$$00000011  mc_w.l(entry11a.o)
    0x0800020c   0x0800020c   0x00000004   Code   RO        10699    .ARM.Collect$$$$00002712  mc_w.l(entry2.o)
    0x08000210   0x08000210   0x000000ba   Code   RO         2351    .emb_text           port.o
    0x080002ca   0x080002ca   0x00000002   PAD
    0x080002cc   0x080002cc   0x00000024   Code   RO          901    .text               startup_stm32f767xx.o
    0x080002f0   0x080002f0   0x00000062   Code   RO        10417    .text               mc_w.l(uldiv.o)
    0x08000352   0x08000352   0x0000001e   Code   RO        10419    .text               mc_w.l(llshl.o)
    0x08000370   0x08000370   0x00000020   Code   RO        10421    .text               mc_w.l(llushr.o)
    0x08000390   0x08000390   0x00000024   Code   RO        10423    .text               mc_w.l(memcpya.o)
    0x080003b4   0x080003b4   0x00000024   Code   RO        10427    .text               mc_w.l(memseta.o)
    0x080003d8   0x080003d8   0x00000024   Code   RO        10429    .text               mc_w.l(strstr.o)
    0x080003fc   0x080003fc   0x0000000e   Code   RO        10431    .text               mc_w.l(strlen.o)
    0x0800040a   0x0800040a   0x0000002c   Code   RO        10725    .text               mc_w.l(uidiv.o)
    0x08000436   0x08000436   0x00000000   Code   RO        10727    .text               mc_w.l(iusefp.o)
    0x08000436   0x08000436   0x0000014e   Code   RO        10728    .text               mf_w.l(dadd.o)
    0x08000584   0x08000584   0x000000e4   Code   RO        10730    .text               mf_w.l(dmul.o)
    0x08000668   0x08000668   0x000000de   Code   RO        10732    .text               mf_w.l(ddiv.o)
    0x08000746   0x08000746   0x00000030   Code   RO        10734    .text               mf_w.l(dfixul.o)
    0x08000776   0x08000776   0x00000002   PAD
    0x08000778   0x08000778   0x00000030   Code   RO        10736    .text               mf_w.l(cdrcmple.o)
    0x080007a8   0x080007a8   0x00000024   Code   RO        10738    .text               mc_w.l(init.o)
    0x080007cc   0x080007cc   0x00000024   Code   RO        10741    .text               mc_w.l(llsshr.o)
    0x080007f0   0x080007f0   0x000000ba   Code   RO        10744    .text               mf_w.l(depilogue.o)
    0x080008aa   0x080008aa   0x0000005e   Code   RO        10754    .text               mc_w.l(__dclz77c.o)
    0x08000908   0x08000908   0x0000004c   Code   RO         2448    i.Aux_Int           mw1268_app.o
    0x08000954   0x08000954   0x0000001e   Code   RO         5047    i.BIG_160_28_add    big_160_28.o
    0x08000972   0x08000972   0x0000002c   Code   RO         5048    i.BIG_160_28_bit    big_160_28.o
    0x0800099e   0x0800099e   0x00000054   Code   RO         5049    i.BIG_160_28_cmove  big_160_28.o
    0x080009f2   0x080009f2   0x0000003c   Code   RO         5050    i.BIG_160_28_comp   big_160_28.o
    0x08000a2e   0x08000a2e   0x00000016   Code   RO         5051    i.BIG_160_28_copy   big_160_28.o
    0x08000a44   0x08000a44   0x000000a0   Code   RO         5053    i.BIG_160_28_ctddiv  big_160_28.o
    0x08000ae4   0x08000ae4   0x00000068   Code   RO         5054    i.BIG_160_28_ctdmod  big_160_28.o
    0x08000b4c   0x08000b4c   0x0000005a   Code   RO         5055    i.BIG_160_28_ctmod  big_160_28.o
    0x08000ba6   0x08000ba6   0x0000001e   Code   RO         5057    i.BIG_160_28_dadd   big_160_28.o
    0x08000bc4   0x08000bc4   0x00000054   Code   RO         5058    i.BIG_160_28_dcmove  big_160_28.o
    0x08000c18   0x08000c18   0x00000014   Code   RO         5062    i.BIG_160_28_dec    big_160_28.o
    0x08000c2c   0x08000c2c   0x00000030   Code   RO         5068    i.BIG_160_28_dnorm  big_160_28.o
    0x08000c5c   0x08000c5c   0x00000034   Code   RO         5071    i.BIG_160_28_dscopy  big_160_28.o
    0x08000c90   0x08000c90   0x00000076   Code   RO         5072    i.BIG_160_28_dshl   big_160_28.o
    0x08000d06   0x08000d06   0x00000062   Code   RO         5073    i.BIG_160_28_dshr   big_160_28.o
    0x08000d68   0x08000d68   0x0000001e   Code   RO         5074    i.BIG_160_28_dsub   big_160_28.o
    0x08000d86   0x08000d86   0x00000028   Code   RO         5075    i.BIG_160_28_dsucopy  big_160_28.o
    0x08000dae   0x08000dae   0x00000014   Code   RO         5076    i.BIG_160_28_dzero  big_160_28.o
    0x08000dc2   0x08000dc2   0x00000028   Code   RO         5077    i.BIG_160_28_fromBytes  big_160_28.o
    0x08000dea   0x08000dea   0x0000004a   Code   RO         5079    i.BIG_160_28_fshl   big_160_28.o
    0x08000e34   0x08000e34   0x0000003e   Code   RO         5080    i.BIG_160_28_fshr   big_160_28.o
    0x08000e72   0x08000e72   0x00000014   Code   RO         5082    i.BIG_160_28_inc    big_160_28.o
    0x08000e86   0x08000e86   0x0000018e   Code   RO         5084    i.BIG_160_28_invmodp  big_160_28.o
    0x08001014   0x08001014   0x0000002c   Code   RO         5085    i.BIG_160_28_isunity  big_160_28.o
    0x08001040   0x08001040   0x00000020   Code   RO         5086    i.BIG_160_28_iszilch  big_160_28.o
    0x08001060   0x08001060   0x00000018   Code   RO         5088    i.BIG_160_28_lastbits  big_160_28.o
    0x08001078   0x08001078   0x00000028   Code   RO         5089    i.BIG_160_28_mod    big_160_28.o
    0x080010a0   0x080010a0   0x0000004a   Code   RO         5091    i.BIG_160_28_modadd  big_160_28.o
    0x080010ea   0x080010ea   0x00000054   Code   RO         5092    i.BIG_160_28_moddiv  big_160_28.o
    0x0800113e   0x0800113e   0x00000052   Code   RO         5093    i.BIG_160_28_modmul  big_160_28.o
    0x08001190   0x08001190   0x0000002e   Code   RO         5094    i.BIG_160_28_modneg  big_160_28.o
    0x080011be   0x080011be   0x0000043a   Code   RO         5096    i.BIG_160_28_monty  big_160_28.o
    0x080015f8   0x080015f8   0x000003b8   Code   RO         5097    i.BIG_160_28_mul    big_160_28.o
    0x080019b0   0x080019b0   0x0000004e   Code   RO         5098    i.BIG_160_28_nbits  big_160_28.o
    0x080019fe   0x080019fe   0x00000036   Code   RO         5099    i.BIG_160_28_norm   big_160_28.o
    0x08001a34   0x08001a34   0x00000016   Code   RO         5100    i.BIG_160_28_one    big_160_28.o
    0x08001a4a   0x08001a4a   0x0000002e   Code   RO         5101    i.BIG_160_28_or     big_160_28.o
    0x08001a78   0x08001a78   0x00000010   Code   RO         5103    i.BIG_160_28_parity  big_160_28.o
    0x08001a88   0x08001a88   0x00000038   Code   RO         5104    i.BIG_160_28_pmul   big_160_28.o
    0x08001ac0   0x08001ac0   0x00000016   Code   RO         5110    i.BIG_160_28_rcopy  big_160_28.o
    0x08001ad6   0x08001ad6   0x00000016   Code   RO         5111    i.BIG_160_28_sdcopy  big_160_28.o
    0x08001aec   0x08001aec   0x00000080   Code   RO         5114    i.BIG_160_28_shl    big_160_28.o
    0x08001b6c   0x08001b6c   0x00000066   Code   RO         5115    i.BIG_160_28_shr    big_160_28.o
    0x08001bd2   0x08001bd2   0x000001e0   Code   RO         5118    i.BIG_160_28_sqr    big_160_28.o
    0x08001db2   0x08001db2   0x0000009a   Code   RO         5119    i.BIG_160_28_ssn    big_160_28.o
    0x08001e4c   0x08001e4c   0x0000001e   Code   RO         5120    i.BIG_160_28_sub    big_160_28.o
    0x08001e6a   0x08001e6a   0x00000030   Code   RO         5121    i.BIG_160_28_toBytes  big_160_28.o
    0x08001e9a   0x08001e9a   0x00000014   Code   RO         5122    i.BIG_160_28_zero   big_160_28.o
    0x08001eae   0x08001eae   0x00000004   Code   RO          479    i.BusFault_Handler  stm32f7xx_it.o
    0x08001eb2   0x08001eb2   0x00000002   PAD
    0x08001eb4   0x08001eb4   0x00000198   Code   RO          908    i.DMA1_Stream1_IRQHandler  dma.o
    0x0800204c   0x0800204c   0x00000164   Code   RO          909    i.DMA1_Stream3_IRQHandler  dma.o
    0x080021b0   0x080021b0   0x00000034   Code   RO         6519    i.DMA_CalcBaseAndBitshift  stm32f7xx_hal_dma.o
    0x080021e4   0x080021e4   0x000000aa   Code   RO         6520    i.DMA_CheckFifoParam  stm32f7xx_hal_dma.o
    0x0800228e   0x0800228e   0x0000002c   Code   RO         6521    i.DMA_SetConfig     stm32f7xx_hal_dma.o
    0x080022ba   0x080022ba   0x00000002   Code   RO          480    i.DebugMon_Handler  stm32f7xx_it.o
    0x080022bc   0x080022bc   0x000001f8   Code   RO         3741    i.ECP2_BN158_add    ecp2_bn158.o
    0x080024b4   0x080024b4   0x00000070   Code   RO         3742    i.ECP2_BN158_affine  ecp2_bn158.o
    0x08002524   0x08002524   0x00000030   Code   RO         3744    i.ECP2_BN158_cmove  ecp2_bn158.o
    0x08002554   0x08002554   0x00000028   Code   RO         3745    i.ECP2_BN158_copy   ecp2_bn158.o
    0x0800257c   0x0800257c   0x00000124   Code   RO         3746    i.ECP2_BN158_dbl    ecp2_bn158.o
    0x080026a0   0x080026a0   0x0000005a   Code   RO         3748    i.ECP2_BN158_frob   ecp2_bn158.o
    0x080026fa   0x080026fa   0x000000ce   Code   RO         3749    i.ECP2_BN158_fromOctet  ecp2_bn158.o
    0x080027c8   0x080027c8   0x00000038   Code   RO         3750    i.ECP2_BN158_generator  ecp2_bn158.o
    0x08002800   0x08002800   0x0000001c   Code   RO         3752    i.ECP2_BN158_inf    ecp2_bn158.o
    0x0800281c   0x0800281c   0x00000018   Code   RO         3753    i.ECP2_BN158_isinf  ecp2_bn158.o
    0x08002834   0x08002834   0x00000218   Code   RO         3756    i.ECP2_BN158_mul4   ecp2_bn158.o
    0x08002a4c   0x08002a4c   0x00000020   Code   RO         3757    i.ECP2_BN158_neg    ecp2_bn158.o
    0x08002a6c   0x08002a6c   0x00000054   Code   RO         3760    i.ECP2_BN158_rhs    ecp2_bn158.o
    0x08002ac0   0x08002ac0   0x000000f0   Code   RO         3761    i.ECP2_BN158_select  ecp2_bn158.o
    0x08002bb0   0x08002bb0   0x0000004e   Code   RO         3762    i.ECP2_BN158_set    ecp2_bn158.o
    0x08002bfe   0x08002bfe   0x0000006e   Code   RO         3763    i.ECP2_BN158_setx   ecp2_bn158.o
    0x08002c6c   0x08002c6c   0x00000022   Code   RO         3764    i.ECP2_BN158_sub    ecp2_bn158.o
    0x08002c8e   0x08002c8e   0x00000002   PAD
    0x08002c90   0x08002c90   0x000001dc   Code   RO         3559    i.ECP_BN158_add     ecp_bn158.o
    0x08002e6c   0x08002e6c   0x00000064   Code   RO         3560    i.ECP_BN158_affine  ecp_bn158.o
    0x08002ed0   0x08002ed0   0x00000030   Code   RO         3563    i.ECP_BN158_cmove   ecp_bn158.o
    0x08002f00   0x08002f00   0x00000028   Code   RO         3564    i.ECP_BN158_copy    ecp_bn158.o
    0x08002f28   0x08002f28   0x00000114   Code   RO         3566    i.ECP_BN158_dbl     ecp_bn158.o
    0x0800303c   0x0800303c   0x000000d6   Code   RO         3568    i.ECP_BN158_fromOctet  ecp_bn158.o
    0x08003112   0x08003112   0x00000002   PAD
    0x08003114   0x08003114   0x0000002c   Code   RO         3569    i.ECP_BN158_generator  ecp_bn158.o
    0x08003140   0x08003140   0x00000040   Code   RO         3570    i.ECP_BN158_get     ecp_bn158.o
    0x08003180   0x08003180   0x0000001c   Code   RO         3571    i.ECP_BN158_inf     ecp_bn158.o
    0x0800319c   0x0800319c   0x0000001e   Code   RO         3572    i.ECP_BN158_isinf   ecp_bn158.o
    0x080031ba   0x080031ba   0x00000272   Code   RO         3575    i.ECP_BN158_mul2    ecp_bn158.o
    0x0800342c   0x0800342c   0x00000018   Code   RO         3577    i.ECP_BN158_neg     ecp_bn158.o
    0x08003444   0x08003444   0x00000044   Code   RO         3582    i.ECP_BN158_rhs     ecp_bn158.o
    0x08003488   0x08003488   0x000000f0   Code   RO         3583    i.ECP_BN158_select  ecp_bn158.o
    0x08003578   0x08003578   0x00000064   Code   RO         3584    i.ECP_BN158_set     ecp_bn158.o
    0x080035dc   0x080035dc   0x0000006e   Code   RO         3585    i.ECP_BN158_setx    ecp_bn158.o
    0x0800364a   0x0800364a   0x00000022   Code   RO         3586    i.ECP_BN158_sub     ecp_bn158.o
    0x0800366c   0x0800366c   0x000000a8   Code   RO         3587    i.ECP_BN158_toOctet  ecp_bn158.o
    0x08003714   0x08003714   0x00000118   Code   RO         2449    i.EXTI15_10_IRQHandler  mw1268_app.o
    0x0800382c   0x0800382c   0x0000002c   Code   RO         4615    i.FP12_BN158_conj   fp12_bn158.o
    0x08003858   0x08003858   0x00000038   Code   RO         4616    i.FP12_BN158_copy   fp12_bn158.o
    0x08003890   0x08003890   0x00000058   Code   RO         4618    i.FP12_BN158_frob   fp12_bn158.o
    0x080038e8   0x080038e8   0x00000032   Code   RO         4621    i.FP12_BN158_from_FP4s  fp12_bn158.o
    0x0800391a   0x0800391a   0x0000010a   Code   RO         4622    i.FP12_BN158_inv    fp12_bn158.o
    0x08003a24   0x08003a24   0x00000028   Code   RO         4623    i.FP12_BN158_isunity  fp12_bn158.o
    0x08003a4c   0x08003a4c   0x0000015a   Code   RO         4625    i.FP12_BN158_mul    fp12_bn158.o
    0x08003ba6   0x08003ba6   0x0000001c   Code   RO         4626    i.FP12_BN158_norm   fp12_bn158.o
    0x08003bc2   0x08003bc2   0x00000022   Code   RO         4627    i.FP12_BN158_one    fp12_bn158.o
    0x08003be4   0x08003be4   0x000000c2   Code   RO         4630    i.FP12_BN158_pow    fp12_bn158.o
    0x08003ca6   0x08003ca6   0x0000001c   Code   RO         4632    i.FP12_BN158_reduce  fp12_bn158.o
    0x08003cc2   0x08003cc2   0x000001d4   Code   RO         4634    i.FP12_BN158_smul   fp12_bn158.o
    0x08003e96   0x08003e96   0x00000120   Code   RO         4635    i.FP12_BN158_sqr    fp12_bn158.o
    0x08003fb6   0x08003fb6   0x00000328   Code   RO         4636    i.FP12_BN158_ssmul  fp12_bn158.o
    0x080042de   0x080042de   0x000000f4   Code   RO         4639    i.FP12_BN158_usqr   fp12_bn158.o
    0x080043d2   0x080043d2   0x00000024   Code   RO         4145    i.FP2_BN158_add     fp2_bn158.o
    0x080043f6   0x080043f6   0x00000022   Code   RO         4146    i.FP2_BN158_cmove   fp2_bn158.o
    0x08004418   0x08004418   0x00000024   Code   RO         4147    i.FP2_BN158_conj    fp2_bn158.o
    0x0800443c   0x0800443c   0x00000024   Code   RO         4148    i.FP2_BN158_copy    fp2_bn158.o
    0x08004460   0x08004460   0x00000020   Code   RO         4151    i.FP2_BN158_equals  fp2_bn158.o
    0x08004480   0x08004480   0x0000001c   Code   RO         4152    i.FP2_BN158_fromBytes  fp2_bn158.o
    0x0800449c   0x0800449c   0x00000018   Code   RO         4153    i.FP2_BN158_from_BIG  fp2_bn158.o
    0x080044b4   0x080044b4   0x00000018   Code   RO         4155    i.FP2_BN158_from_FP  fp2_bn158.o
    0x080044cc   0x080044cc   0x0000001c   Code   RO         4156    i.FP2_BN158_from_FPs  fp2_bn158.o
    0x080044e8   0x080044e8   0x00000022   Code   RO         4158    i.FP2_BN158_imul    fp2_bn158.o
    0x0800450a   0x0800450a   0x00000060   Code   RO         4159    i.FP2_BN158_inv     fp2_bn158.o
    0x0800456a   0x0800456a   0x00000028   Code   RO         4160    i.FP2_BN158_islarger  fp2_bn158.o
    0x08004592   0x08004592   0x00000024   Code   RO         4161    i.FP2_BN158_isunity  fp2_bn158.o
    0x080045b6   0x080045b6   0x00000018   Code   RO         4162    i.FP2_BN158_iszilch  fp2_bn158.o
    0x080045ce   0x080045ce   0x00000002   PAD
    0x080045d0   0x080045d0   0x000000ec   Code   RO         4163    i.FP2_BN158_mul     fp2_bn158.o
    0x080046bc   0x080046bc   0x0000003c   Code   RO         4164    i.FP2_BN158_mul_ip  fp2_bn158.o
    0x080046f8   0x080046f8   0x00000040   Code   RO         4165    i.FP2_BN158_neg     fp2_bn158.o
    0x08004738   0x08004738   0x00000014   Code   RO         4166    i.FP2_BN158_norm    fp2_bn158.o
    0x0800474c   0x0800474c   0x00000018   Code   RO         4167    i.FP2_BN158_one     fp2_bn158.o
    0x08004764   0x08004764   0x00000022   Code   RO         4169    i.FP2_BN158_pmul    fp2_bn158.o
    0x08004786   0x08004786   0x00000026   Code   RO         4170    i.FP2_BN158_qr      fp2_bn158.o
    0x080047ac   0x080047ac   0x0000001c   Code   RO         4173    i.FP2_BN158_rcopy   fp2_bn158.o
    0x080047c8   0x080047c8   0x00000014   Code   RO         4174    i.FP2_BN158_reduce  fp2_bn158.o
    0x080047dc   0x080047dc   0x00000028   Code   RO         4175    i.FP2_BN158_sign    fp2_bn158.o
    0x08004804   0x08004804   0x00000060   Code   RO         4176    i.FP2_BN158_sqr     fp2_bn158.o
    0x08004864   0x08004864   0x00000120   Code   RO         4177    i.FP2_BN158_sqrt    fp2_bn158.o
    0x08004984   0x08004984   0x00000020   Code   RO         4178    i.FP2_BN158_sub     fp2_bn158.o
    0x080049a4   0x080049a4   0x00000026   Code   RO         4179    i.FP2_BN158_times_i  fp2_bn158.o
    0x080049ca   0x080049ca   0x00000014   Code   RO         4181    i.FP2_BN158_zero    fp2_bn158.o
    0x080049de   0x080049de   0x00000024   Code   RO         4373    i.FP4_BN158_add     fp4_bn158.o
    0x08004a02   0x08004a02   0x00000022   Code   RO         4375    i.FP4_BN158_conj    fp4_bn158.o
    0x08004a24   0x08004a24   0x00000024   Code   RO         4376    i.FP4_BN158_copy    fp4_bn158.o
    0x08004a48   0x08004a48   0x00000026   Code   RO         4379    i.FP4_BN158_frob    fp4_bn158.o
    0x08004a6e   0x08004a6e   0x00000018   Code   RO         4383    i.FP4_BN158_from_FP2H  fp4_bn158.o
    0x08004a86   0x08004a86   0x0000001c   Code   RO         4384    i.FP4_BN158_from_FP2s  fp4_bn158.o
    0x08004aa2   0x08004aa2   0x00000066   Code   RO         4386    i.FP4_BN158_inv     fp4_bn158.o
    0x08004b08   0x08004b08   0x00000018   Code   RO         4389    i.FP4_BN158_isunity  fp4_bn158.o
    0x08004b20   0x08004b20   0x00000018   Code   RO         4390    i.FP4_BN158_iszilch  fp4_bn158.o
    0x08004b38   0x08004b38   0x00000096   Code   RO         4391    i.FP4_BN158_mul     fp4_bn158.o
    0x08004bce   0x08004bce   0x00000022   Code   RO         4392    i.FP4_BN158_nconj   fp4_bn158.o
    0x08004bf0   0x08004bf0   0x0000004c   Code   RO         4393    i.FP4_BN158_neg     fp4_bn158.o
    0x08004c3c   0x08004c3c   0x00000014   Code   RO         4394    i.FP4_BN158_norm    fp4_bn158.o
    0x08004c50   0x08004c50   0x00000014   Code   RO         4395    i.FP4_BN158_one     fp4_bn158.o
    0x08004c64   0x08004c64   0x00000022   Code   RO         4397    i.FP4_BN158_pmul    fp4_bn158.o
    0x08004c86   0x08004c86   0x00000022   Code   RO         4398    i.FP4_BN158_qmul    fp4_bn158.o
    0x08004ca8   0x08004ca8   0x00000014   Code   RO         4401    i.FP4_BN158_reduce  fp4_bn158.o
    0x08004cbc   0x08004cbc   0x00000096   Code   RO         4403    i.FP4_BN158_sqr     fp4_bn158.o
    0x08004d52   0x08004d52   0x00000020   Code   RO         4404    i.FP4_BN158_sub     fp4_bn158.o
    0x08004d72   0x08004d72   0x00000032   Code   RO         4405    i.FP4_BN158_times_i  fp4_bn158.o
    0x08004da4   0x08004da4   0x00000014   Code   RO         4411    i.FP4_BN158_zero    fp4_bn158.o
    0x08004db8   0x08004db8   0x0000002a   Code   RO         3913    i.FP_BN158_add      fp_bn158.o
    0x08004de2   0x08004de2   0x00000028   Code   RO         3914    i.FP_BN158_cmove    fp_bn158.o
    0x08004e0a   0x08004e0a   0x00000014   Code   RO         3915    i.FP_BN158_copy     fp_bn158.o
    0x08004e1e   0x08004e1e   0x00000002   PAD
    0x08004e20   0x08004e20   0x0000005c   Code   RO         3917    i.FP_BN158_div2     fp_bn158.o
    0x08004e7c   0x08004e7c   0x00000038   Code   RO         3918    i.FP_BN158_equals   fp_bn158.o
    0x08004eb4   0x08004eb4   0x0000001c   Code   RO         3919    i.FP_BN158_fromBytes  fp_bn158.o
    0x08004ed0   0x08004ed0   0x0000006a   Code   RO         3921    i.FP_BN158_imul     fp_bn158.o
    0x08004f3a   0x08004f3a   0x00000076   Code   RO         3922    i.FP_BN158_inv      fp_bn158.o
    0x08004fb0   0x08004fb0   0x00000044   Code   RO         3924    i.FP_BN158_islarger  fp_bn158.o
    0x08004ff4   0x08004ff4   0x00000026   Code   RO         3925    i.FP_BN158_isunity  fp_bn158.o
    0x0800501a   0x0800501a   0x00000026   Code   RO         3926    i.FP_BN158_iszilch  fp_bn158.o
    0x08005040   0x08005040   0x0000002c   Code   RO         3927    i.FP_BN158_mod      fp_bn158.o
    0x0800506c   0x0800506c   0x0000003e   Code   RO         3928    i.FP_BN158_mul      fp_bn158.o
    0x080050aa   0x080050aa   0x00000002   PAD
    0x080050ac   0x080050ac   0x0000004c   Code   RO         3929    i.FP_BN158_neg      fp_bn158.o
    0x080050f8   0x080050f8   0x0000000c   Code   RO         3930    i.FP_BN158_norm     fp_bn158.o
    0x08005104   0x08005104   0x00000030   Code   RO         3931    i.FP_BN158_nres     fp_bn158.o
    0x08005134   0x08005134   0x00000018   Code   RO         3932    i.FP_BN158_one      fp_bn158.o
    0x0800514c   0x0800514c   0x00000106   Code   RO         3934    i.FP_BN158_pow      fp_bn158.o
    0x08005252   0x08005252   0x00000002   PAD
    0x08005254   0x08005254   0x00000044   Code   RO         3935    i.FP_BN158_progen   fp_bn158.o
    0x08005298   0x08005298   0x0000004c   Code   RO         3936    i.FP_BN158_qr       fp_bn158.o
    0x080052e4   0x080052e4   0x0000001c   Code   RO         3939    i.FP_BN158_rcopy    fp_bn158.o
    0x08005300   0x08005300   0x00000022   Code   RO         3940    i.FP_BN158_redc     fp_bn158.o
    0x08005322   0x08005322   0x00000002   PAD
    0x08005324   0x08005324   0x00000090   Code   RO         3941    i.FP_BN158_reduce   fp_bn158.o
    0x080053b4   0x080053b4   0x00000026   Code   RO         3942    i.FP_BN158_sign     fp_bn158.o
    0x080053da   0x080053da   0x00000038   Code   RO         3943    i.FP_BN158_sqr      fp_bn158.o
    0x08005412   0x08005412   0x00000002   PAD
    0x08005414   0x08005414   0x000000e8   Code   RO         3944    i.FP_BN158_sqrt     fp_bn158.o
    0x080054fc   0x080054fc   0x00000020   Code   RO         3945    i.FP_BN158_sub      fp_bn158.o
    0x0800551c   0x0800551c   0x00000010   Code   RO         3948    i.FP_BN158_zero     fp_bn158.o
    0x0800552c   0x0800552c   0x00000010   Code   RO          748    i.GPIO_Pin_Set      sys.o
    0x0800553c   0x0800553c   0x000000ac   Code   RO         6522    i.HAL_DMA_Abort     stm32f7xx_hal_dma.o
    0x080055e8   0x080055e8   0x00000028   Code   RO         6523    i.HAL_DMA_Abort_IT  stm32f7xx_hal_dma.o
    0x08005610   0x08005610   0x0000006e   Code   RO         6524    i.HAL_DMA_DeInit    stm32f7xx_hal_dma.o
    0x0800567e   0x0800567e   0x00000006   Code   RO         6525    i.HAL_DMA_GetError  stm32f7xx_hal_dma.o
    0x08005684   0x08005684   0x000000ec   Code   RO         6528    i.HAL_DMA_Init      stm32f7xx_hal_dma.o
    0x08005770   0x08005770   0x0000009e   Code   RO         6532    i.HAL_DMA_Start_IT  stm32f7xx_hal_dma.o
    0x0800580e   0x0800580e   0x00000002   PAD
    0x08005810   0x08005810   0x0000020c   Code   RO         6628    i.HAL_GPIO_Init     stm32f7xx_hal_gpio.o
    0x08005a1c   0x08005a1c   0x00000010   Code   RO         6630    i.HAL_GPIO_ReadPin  stm32f7xx_hal_gpio.o
    0x08005a2c   0x08005a2c   0x0000000c   Code   RO         6632    i.HAL_GPIO_WritePin  stm32f7xx_hal_gpio.o
    0x08005a38   0x08005a38   0x0000000c   Code   RO         6150    i.HAL_GetTick       stm32f7xx_hal.o
    0x08005a44   0x08005a44   0x00000030   Code   RO         6157    i.HAL_Init          stm32f7xx_hal.o
    0x08005a74   0x08005a74   0x0000004c   Code   RO         6158    i.HAL_InitTick      stm32f7xx_hal.o
    0x08005ac0   0x08005ac0   0x0000005c   Code   RO         6379    i.HAL_MPU_ConfigRegion  stm32f7xx_hal_cortex.o
    0x08005b1c   0x08005b1c   0x0000002c   Code   RO         6380    i.HAL_MPU_Disable   stm32f7xx_hal_cortex.o
    0x08005b48   0x08005b48   0x00000040   Code   RO         6381    i.HAL_MPU_Enable    stm32f7xx_hal_cortex.o
    0x08005b88   0x08005b88   0x00000002   Code   RO         6160    i.HAL_MspInit       stm32f7xx_hal.o
    0x08005b8a   0x08005b8a   0x00000002   PAD
    0x08005b8c   0x08005b8c   0x0000001c   Code   RO         6383    i.HAL_NVIC_DisableIRQ  stm32f7xx_hal_cortex.o
    0x08005ba8   0x08005ba8   0x0000001a   Code   RO         6384    i.HAL_NVIC_EnableIRQ  stm32f7xx_hal_cortex.o
    0x08005bc2   0x08005bc2   0x0000007c   Code   RO         6390    i.HAL_NVIC_SetPriority  stm32f7xx_hal_cortex.o
    0x08005c3e   0x08005c3e   0x00000002   PAD
    0x08005c40   0x08005c40   0x00000028   Code   RO         6391    i.HAL_NVIC_SetPriorityGrouping  stm32f7xx_hal_cortex.o
    0x08005c68   0x08005c68   0x00000090   Code   RO         7607    i.HAL_PWREx_EnableOverDrive  stm32f7xx_hal_pwr_ex.o
    0x08005cf8   0x08005cf8   0x00000194   Code   RO         7694    i.HAL_RCC_ClockConfig  stm32f7xx_hal_rcc.o
    0x08005e8c   0x08005e8c   0x0000000c   Code   RO         7699    i.HAL_RCC_GetHCLKFreq  stm32f7xx_hal_rcc.o
    0x08005e98   0x08005e98   0x00000020   Code   RO         7701    i.HAL_RCC_GetPCLK1Freq  stm32f7xx_hal_rcc.o
    0x08005eb8   0x08005eb8   0x00000020   Code   RO         7702    i.HAL_RCC_GetPCLK2Freq  stm32f7xx_hal_rcc.o
    0x08005ed8   0x08005ed8   0x000000b0   Code   RO         7703    i.HAL_RCC_GetSysClockFreq  stm32f7xx_hal_rcc.o
    0x08005f88   0x08005f88   0x00000514   Code   RO         7706    i.HAL_RCC_OscConfig  stm32f7xx_hal_rcc.o
    0x0800649c   0x0800649c   0x00000086   Code   RO         7857    i.HAL_RNG_GenerateRandomNumber  stm32f7xx_hal_rng.o
    0x08006522   0x08006522   0x00000018   Code   RO         7860    i.HAL_RNG_GetRandomNumber  stm32f7xx_hal_rng.o
    0x0800653a   0x0800653a   0x00000034   Code   RO         7864    i.HAL_RNG_Init      stm32f7xx_hal_rng.o
    0x0800656e   0x0800656e   0x00000002   PAD
    0x08006570   0x08006570   0x00000024   Code   RO          997    i.HAL_RNG_MspInit   rng.o
    0x08006594   0x08006594   0x00000028   Code   RO         6393    i.HAL_SYSTICK_CLKSourceConfig  stm32f7xx_hal_cortex.o
    0x080065bc   0x080065bc   0x00000034   Code   RO         6395    i.HAL_SYSTICK_Config  stm32f7xx_hal_cortex.o
    0x080065f0   0x080065f0   0x00000002   Code   RO         8684    i.HAL_TIMEx_Break2Callback  stm32f7xx_hal_tim_ex.o
    0x080065f2   0x080065f2   0x00000002   Code   RO         8685    i.HAL_TIMEx_BreakCallback  stm32f7xx_hal_tim_ex.o
    0x080065f4   0x080065f4   0x00000002   Code   RO         8686    i.HAL_TIMEx_CommutCallback  stm32f7xx_hal_tim_ex.o
    0x080065f6   0x080065f6   0x0000006e   Code   RO         7959    i.HAL_TIM_Base_Init  stm32f7xx_hal_tim.o
    0x08006664   0x08006664   0x0000012c   Code   RO         1043    i.HAL_TIM_Base_MspInit  btim.o
    0x08006790   0x08006790   0x000000b4   Code   RO         7964    i.HAL_TIM_Base_Start_IT  stm32f7xx_hal_tim.o
    0x08006844   0x08006844   0x00000002   Code   RO         7993    i.HAL_TIM_IC_CaptureCallback  stm32f7xx_hal_tim.o
    0x08006846   0x08006846   0x000001b8   Code   RO         8007    i.HAL_TIM_IRQHandler  stm32f7xx_hal_tim.o
    0x080069fe   0x080069fe   0x00000002   Code   RO         8010    i.HAL_TIM_OC_DelayElapsedCallback  stm32f7xx_hal_tim.o
    0x08006a00   0x08006a00   0x00000002   Code   RO         8037    i.HAL_TIM_PWM_PulseFinishedCallback  stm32f7xx_hal_tim.o
    0x08006a02   0x08006a02   0x00000002   PAD
    0x08006a04   0x08006a04   0x0000011c   Code   RO         1044    i.HAL_TIM_PeriodElapsedCallback  btim.o
    0x08006b20   0x08006b20   0x00000002   Code   RO         8050    i.HAL_TIM_TriggerCallback  stm32f7xx_hal_tim.o
    0x08006b22   0x08006b22   0x00000002   Code   RO         8978    i.HAL_UARTEx_RxEventCallback  stm32f7xx_hal_uart.o
    0x08006b24   0x08006b24   0x00000002   Code   RO         8979    i.HAL_UARTEx_WakeupCallback  stm32f7xx_hal_uart.o
    0x08006b26   0x08006b26   0x000000b6   Code   RO         8991    i.HAL_UART_DMAStop  stm32f7xx_hal_uart.o
    0x08006bdc   0x08006bdc   0x00000002   Code   RO         8995    i.HAL_UART_ErrorCallback  stm32f7xx_hal_uart.o
    0x08006bde   0x08006bde   0x0000000e   Code   RO         8997    i.HAL_UART_GetState  stm32f7xx_hal_uart.o
    0x08006bec   0x08006bec   0x00000350   Code   RO         8998    i.HAL_UART_IRQHandler  stm32f7xx_hal_uart.o
    0x08006f3c   0x08006f3c   0x00000074   Code   RO         8999    i.HAL_UART_Init     stm32f7xx_hal_uart.o
    0x08006fb0   0x08006fb0   0x00000002   Code   RO          444    i.HAL_UART_MspInit  stm32f7xx_hal_msp.o
    0x08006fb2   0x08006fb2   0x00000050   Code   RO         9003    i.HAL_UART_Receive_DMA  stm32f7xx_hal_uart.o
    0x08007002   0x08007002   0x00000050   Code   RO         9004    i.HAL_UART_Receive_IT  stm32f7xx_hal_uart.o
    0x08007052   0x08007052   0x00000002   PAD
    0x08007054   0x08007054   0x00000088   Code   RO          842    i.HAL_UART_RxCpltCallback  usart.o
    0x080070dc   0x080070dc   0x00000002   Code   RO         9007    i.HAL_UART_RxHalfCpltCallback  stm32f7xx_hal_uart.o
    0x080070de   0x080070de   0x000000b2   Code   RO         9008    i.HAL_UART_Transmit  stm32f7xx_hal_uart.o
    0x08007190   0x08007190   0x00000002   Code   RO         9011    i.HAL_UART_TxCpltCallback  stm32f7xx_hal_uart.o
    0x08007192   0x08007192   0x0000007a   Code   RO         5626    i.HASH256_hash      hash.o
    0x0800720c   0x0800720c   0x00000064   Code   RO         5627    i.HASH256_init      hash.o
    0x08007270   0x08007270   0x00000052   Code   RO         5628    i.HASH256_process   hash.o
    0x080072c2   0x080072c2   0x00000002   PAD
    0x080072c4   0x080072c4   0x000001f8   Code   RO         5629    i.HASH256_transform  hash.o
    0x080074bc   0x080074bc   0x00000004   Code   RO          481    i.HardFault_Handler  stm32f7xx_it.o
    0x080074c0   0x080074c0   0x00000058   Code   RO          967    i.LED_Init          led.o
    0x08007518   0x08007518   0x00000284   Code   RO         2450    i.LoRa_Init         mw1268_app.o
    0x0800779c   0x0800779c   0x00000028   Code   RO         2452    i.LoRa_SendData     mw1268_app.o
    0x080077c4   0x080077c4   0x0000021c   Code   RO         2453    i.LoRa_Set          mw1268_app.o
    0x080079e0   0x080079e0   0x0000004e   Code   RO          613    i.MPU_Config        utility.o
    0x08007a2e   0x08007a2e   0x00000002   PAD
    0x08007a30   0x08007a30   0x000000c0   Code   RO          910    i.MYDMA_Config_Rece  dma.o
    0x08007af0   0x08007af0   0x00000004   Code   RO          482    i.MemManage_Handler  stm32f7xx_it.o
    0x08007af4   0x08007af4   0x00000002   Code   RO          483    i.NMI_Handler       stm32f7xx_it.o
    0x08007af6   0x08007af6   0x00000002   PAD
    0x08007af8   0x08007af8   0x00000010   Code   RO         6397    i.NVIC_GetPriorityGrouping  stm32f7xx_hal_cortex.o
    0x08007b08   0x08007b08   0x00000028   Code   RO         6398    i.NVIC_SetPriority  stm32f7xx_hal_cortex.o
    0x08007b30   0x08007b30   0x000007a4   Code   RO            9    i.PACKET_handler    main.o
    0x080082d4   0x080082d4   0x000000c4   Code   RO         4911    i.PAIR_BN158_G1mul  pair_bn158.o
    0x08008398   0x08008398   0x00000124   Code   RO         4913    i.PAIR_BN158_G2mul  pair_bn158.o
    0x080084bc   0x080084bc   0x000000ca   Code   RO         4917    i.PAIR_BN158_add    pair_bn158.o
    0x08008586   0x08008586   0x00000002   PAD
    0x08008588   0x08008588   0x000001b8   Code   RO         4920    i.PAIR_BN158_ate    pair_bn158.o
    0x08008740   0x08008740   0x000000bc   Code   RO         4921    i.PAIR_BN158_double  pair_bn158.o
    0x080087fc   0x080087fc   0x00000300   Code   RO         4922    i.PAIR_BN158_double_ate  pair_bn158.o
    0x08008afc   0x08008afc   0x0000020c   Code   RO         4923    i.PAIR_BN158_fexp   pair_bn158.o
    0x08008d08   0x08008d08   0x0000007c   Code   RO         4925    i.PAIR_BN158_line   pair_bn158.o
    0x08008d84   0x08008d84   0x00000048   Code   RO         4927    i.PAIR_BN158_nbits  pair_bn158.o
    0x08008dcc   0x08008dcc   0x0000016c   Code   RO         3179    i.PRBC_PK_sig_combine_share  thres_sig.o
    0x08008f38   0x08008f38   0x000000d8   Code   RO         3180    i.PRBC_PK_verify_sig  thres_sig.o
    0x08009010   0x08009010   0x000000f0   Code   RO         3181    i.PRBC_PK_verify_sig_share  thres_sig.o
    0x08009100   0x08009100   0x000001a0   Code   RO           11    i.PRBC_SIG_handler  main.o
    0x080092a0   0x080092a0   0x00000118   Code   RO         3182    i.PRBC_SK_sign      thres_sig.o
    0x080093b8   0x080093b8   0x000000c0   Code   RO          614    i.PostSleepProcessing  utility.o
    0x08009478   0x08009478   0x00000050   Code   RO          615    i.PreSleepProcessing  utility.o
    0x080094c8   0x080094c8   0x000001a8   Code   RO           12    i.RBC_ER_handler    main.o
    0x08009670   0x08009670   0x00000138   Code   RO           13    i.RBC_INIT_handler  main.o
    0x080097a8   0x080097a8   0x000001d0   Code   RO           14    i.RBC_init          main.o
    0x08009978   0x08009978   0x00000010   Code   RO          998    i.RNG_Get_RandomNum  rng.o
    0x08009988   0x08009988   0x00000020   Code   RO          999    i.RNG_Get_RandomRange  rng.o
    0x080099a8   0x080099a8   0x00000048   Code   RO         1000    i.RNG_Init          rng.o
    0x080099f0   0x080099f0   0x0000002a   Code   RO          617    i.Sixteen2Ten       utility.o
    0x08009a1a   0x08009a1a   0x00000002   PAD
    0x08009a1c   0x08009a1c   0x00000038   Code   RO         2352    i.SysTick_Handler   port.o
    0x08009a54   0x08009a54   0x00000070   Code   RO          618    i.SystemClock_Config  utility.o
    0x08009ac4   0x08009ac4   0x00000014   Code   RO         2558    i.SystemInit        system_stm32f7xx.o
    0x08009ad8   0x08009ad8   0x00000010   Code   RO         1046    i.TIM1_BRK_TIM9_IRQHandler  btim.o
    0x08009ae8   0x08009ae8   0x00000010   Code   RO         1047    i.TIM1_UP_TIM10_IRQHandler  btim.o
    0x08009af8   0x08009af8   0x00000010   Code   RO         1048    i.TIM2_IRQHandler   btim.o
    0x08009b08   0x08009b08   0x00000010   Code   RO         1050    i.TIM5_IRQHandler   btim.o
    0x08009b18   0x08009b18   0x00000010   Code   RO         1051    i.TIM7_IRQHandler   btim.o
    0x08009b28   0x08009b28   0x000000d8   Code   RO         8052    i.TIM_Base_SetConfig  stm32f7xx_hal_tim.o
    0x08009c00   0x08009c00   0x000000f8   Code   RO         9013    i.UART_AdvFeatureConfig  stm32f7xx_hal_uart.o
    0x08009cf8   0x08009cf8   0x00000076   Code   RO         9014    i.UART_CheckIdleState  stm32f7xx_hal_uart.o
    0x08009d6e   0x08009d6e   0x00000018   Code   RO         9015    i.UART_DMAAbortOnError  stm32f7xx_hal_uart.o
    0x08009d86   0x08009d86   0x0000005c   Code   RO         9016    i.UART_DMAError     stm32f7xx_hal_uart.o
    0x08009de2   0x08009de2   0x000000ae   Code   RO         9017    i.UART_DMAReceiveCplt  stm32f7xx_hal_uart.o
    0x08009e90   0x08009e90   0x00000026   Code   RO         9019    i.UART_DMARxHalfCplt  stm32f7xx_hal_uart.o
    0x08009eb6   0x08009eb6   0x00000066   Code   RO         9025    i.UART_EndRxTransfer  stm32f7xx_hal_uart.o
    0x08009f1c   0x08009f1c   0x0000002e   Code   RO         9026    i.UART_EndTransmit_IT  stm32f7xx_hal_uart.o
    0x08009f4a   0x08009f4a   0x00000020   Code   RO         9027    i.UART_EndTxTransfer  stm32f7xx_hal_uart.o
    0x08009f6a   0x08009f6a   0x000000d4   Code   RO         9028    i.UART_RxISR_16BIT  stm32f7xx_hal_uart.o
    0x0800a03e   0x0800a03e   0x000000d0   Code   RO         9029    i.UART_RxISR_8BIT   stm32f7xx_hal_uart.o
    0x0800a10e   0x0800a10e   0x00000002   PAD
    0x0800a110   0x0800a110   0x0000033c   Code   RO         9030    i.UART_SetConfig    stm32f7xx_hal_uart.o
    0x0800a44c   0x0800a44c   0x000000c0   Code   RO         9031    i.UART_Start_Receive_DMA  stm32f7xx_hal_uart.o
    0x0800a50c   0x0800a50c   0x000000f4   Code   RO         9032    i.UART_Start_Receive_IT  stm32f7xx_hal_uart.o
    0x0800a600   0x0800a600   0x000000fc   Code   RO         9035    i.UART_WaitOnFlagUntilTimeout  stm32f7xx_hal_uart.o
    0x0800a6fc   0x0800a6fc   0x00000050   Code   RO          843    i.USART1_IRQHandler  usart.o
    0x0800a74c   0x0800a74c   0x0000007c   Code   RO         1248    i.USART3_IRQHandler  usart3.o
    0x0800a7c8   0x0800a7c8   0x00000004   Code   RO          484    i.UsageFault_Handler  stm32f7xx_it.o
    0x0800a7cc   0x0800a7cc   0x0000007c   Code   RO         2455    i.User_GpioInit     mw1268_app.o
    0x0800a848   0x0800a848   0x00000060   Code   RO         2670    i._Z12regularize_kPKjPjS1_PK12uECC_Curve_t  uecc.o
    0x0800a8a8   0x0800a8a8   0x00000040   Code   RO         2671    i._Z12uECC_vli_addPjPKjS1_a  uecc.o
    0x0800a8e8   0x0800a8e8   0x00000042   Code   RO         2672    i._Z12uECC_vli_cmpPKjS0_a  uecc.o
    0x0800a92a   0x0800a92a   0x0000001a   Code   RO         2673    i._Z12uECC_vli_setPjPKja  uecc.o
    0x0800a944   0x0800a944   0x00000042   Code   RO         2674    i._Z12uECC_vli_subPjPKjS1_a  uecc.o
    0x0800a986   0x0800a986   0x000001ae   Code   RO         2675    i._Z13EccPoint_multPjPKjS1_S1_sPK12uECC_Curve_t  uecc.o
    0x0800ab34   0x0800ab34   0x00000142   Code   RO         2676    i._Z13uECC_vli_mmodPjS_PKja  uecc.o
    0x0800ac76   0x0800ac76   0x000000ae   Code   RO         2677    i._Z13uECC_vli_multPjPKjS1_a  uecc.o
    0x0800ad24   0x0800ad24   0x00000020   Code   RO         2678    i._Z13vli_numDigitsPKja  uecc.o
    0x0800ad44   0x0800ad44   0x00000016   Code   RO         2679    i._Z14uECC_vli_clearPja  uecc.o
    0x0800ad5a   0x0800ad5a   0x0000002c   Code   RO         2680    i._Z14uECC_vli_equalPKjS0_a  uecc.o
    0x0800ad86   0x0800ad86   0x00000002   PAD
    0x0800ad88   0x0800ad88   0x00000058   Code   RO         2681    i._Z14x_side_defaultPjPKjPK12uECC_Curve_t  uecc.o
    0x0800ade0   0x0800ade0   0x00000024   Code   RO         2682    i._Z15uECC_vli_isZeroPKja  uecc.o
    0x0800ae04   0x0800ae04   0x00000040   Code   RO         2683    i._Z15uECC_vli_modAddPjPKjS1_S1_a  uecc.o
    0x0800ae44   0x0800ae44   0x00000132   Code   RO         2684    i._Z15uECC_vli_modInvPjPKjS1_a  uecc.o
    0x0800af76   0x0800af76   0x00000034   Code   RO         2685    i._Z15uECC_vli_modSubPjPKjS1_S1_a  uecc.o
    0x0800afaa   0x0800afaa   0x00000002   PAD
    0x0800afac   0x0800afac   0x00000080   Code   RO         2686    i._Z16mod_sqrt_defaultPjPK12uECC_Curve_t  uecc.o
    0x0800b02c   0x0800b02c   0x0000018c   Code   RO         2687    i._Z16uECC_sign_with_kPKhS0_jPjPhPK12uECC_Curve_t  uecc.o
    0x0800b1b8   0x0800b1b8   0x00000030   Code   RO         2689    i._Z16uECC_vli_modMultPjPKjS1_S1_a  uecc.o
    0x0800b1e8   0x0800b1e8   0x00000036   Code   RO         2690    i._Z16uECC_vli_numBitsPKja  uecc.o
    0x0800b21e   0x0800b21e   0x00000022   Code   RO         2691    i._Z16uECC_vli_rshift1Pja  uecc.o
    0x0800b240   0x0800b240   0x00000016   Code   RO         2692    i._Z16uECC_vli_testBitPKjs  uecc.o
    0x0800b256   0x0800b256   0x00000032   Code   RO         2693    i._Z16x_side_secp256k1PjPKjPK12uECC_Curve_t  uecc.o
    0x0800b288   0x0800b288   0x00000040   Code   RO         2694    i._Z17vli_modInv_updatePjPKja  uecc.o
    0x0800b2c8   0x0800b2c8   0x00000098   Code   RO         2695    i._Z18mod_sqrt_secp224r1PjPK12uECC_Curve_t  uecc.o
    0x0800b360   0x0800b360   0x00000074   Code   RO         2696    i._Z19XYcZ_initial_doublePjS_S_S_PKjPK12uECC_Curve_t  uecc.o
    0x0800b3d4   0x0800b3d4   0x0000003a   Code   RO         2697    i._Z19uECC_vli_cmp_unsafePKjS0_a  uecc.o
    0x0800b40e   0x0800b40e   0x0000004e   Code   RO         2698    i._Z20omega_mult_secp160r1PjPKj  uecc.o
    0x0800b45c   0x0800b45c   0x00000044   Code   RO         2699    i._Z20omega_mult_secp256k1PjPKj  uecc.o
    0x0800b4a0   0x0800b4a0   0x000000c4   Code   RO         2700    i._Z21mod_sqrt_secp224r1_rmPjS_S_PKjS1_S1_S1_S1_  uecc.o
    0x0800b564   0x0800b564   0x000000b4   Code   RO         2701    i._Z21mod_sqrt_secp224r1_rpPjS_S_PKjS1_  uecc.o
    0x0800b618   0x0800b618   0x00000088   Code   RO         2702    i._Z21mod_sqrt_secp224r1_rsPjS_S_PKjS1_S1_  uecc.o
    0x0800b6a0   0x0800b6a0   0x00000028   Code   RO         2703    i._Z21uECC_vli_modMult_fastPjPKjS1_PK12uECC_Curve_t  uecc.o
    0x0800b6c8   0x0800b6c8   0x00000058   Code   RO         2704    i._Z22mod_sqrt_secp224r1_rssPjS_S_PKjS1_S1_s  uecc.o
    0x0800b720   0x0800b720   0x0000004a   Code   RO         2705    i._Z22uECC_vli_bytesToNativePjPKhi  uecc.o
    0x0800b76a   0x0800b76a   0x00000024   Code   RO         2706    i._Z22uECC_vli_nativeToBytesPhiPKj  uecc.o
    0x0800b78e   0x0800b78e   0x00000154   Code   RO         2707    i._Z23double_jacobian_defaultPjS_S_PK12uECC_Curve_t  uecc.o
    0x0800b8e2   0x0800b8e2   0x00000016   Code   RO         2708    i._Z23uECC_vli_modSquare_fastPjPKjPK12uECC_Curve_t  uecc.o
    0x0800b8f8   0x0800b8f8   0x00000084   Code   RO         2709    i._Z23vli_mmod_fast_secp160r1PjS_  uecc.o
    0x0800b97c   0x0800b97c   0x0000009c   Code   RO         2710    i._Z23vli_mmod_fast_secp192r1PjS_  uecc.o
    0x0800ba18   0x0800ba18   0x000000e8   Code   RO         2711    i._Z23vli_mmod_fast_secp224r1PjS_  uecc.o
    0x0800bb00   0x0800bb00   0x00000084   Code   RO         2712    i._Z23vli_mmod_fast_secp256k1PjS_  uecc.o
    0x0800bb84   0x0800bb84   0x000001c8   Code   RO         2713    i._Z23vli_mmod_fast_secp256r1PjS_  uecc.o
    0x0800bd4c   0x0800bd4c   0x00000078   Code   RO         2714    i._Z24uECC_generate_random_intPjPKja  uecc.o
    0x0800bdc4   0x0800bdc4   0x00000100   Code   RO         2715    i._Z25double_jacobian_secp256k1PjS_S_PK12uECC_Curve_t  uecc.o
    0x0800bec4   0x0800bec4   0x0000000e   Code   RO         2717    i._Z4smaxss         uecc.o
    0x0800bed2   0x0800bed2   0x0000004e   Code   RO         2718    i._Z6muladdjjPjS_S_  uecc.o
    0x0800bf20   0x0800bf20   0x0000003e   Code   RO         2719    i._Z7apply_zPjS_PKjPK12uECC_Curve_t  uecc.o
    0x0800bf5e   0x0800bf5e   0x000000ca   Code   RO         2720    i._Z8XYcZ_addPjS_S_S_PK12uECC_Curve_t  uecc.o
    0x0800c028   0x0800c028   0x000000a8   Code   RO         2721    i._Z8bits2intPjPKhjPK12uECC_Curve_t  uecc.o
    0x0800c0d0   0x0800c0d0   0x00000118   Code   RO         2724    i._Z9XYcZ_addCPjS_S_S_PK12uECC_Curve_t  uecc.o
    0x0800c1e8   0x0800c1e8   0x00000020   Code   RO        10670    i.__0printf         mc_w.l(printfa.o)
    0x0800c208   0x0800c208   0x00000028   Code   RO        10672    i.__0sprintf        mc_w.l(printfa.o)
    0x0800c230   0x0800c230   0x00000024   Code   RO        10676    i.__0vsprintf       mc_w.l(printfa.o)
    0x0800c254   0x0800c254   0x0000000e   Code   RO        10748    i.__scatterload_copy  mc_w.l(handlers.o)
    0x0800c262   0x0800c262   0x00000002   Code   RO        10749    i.__scatterload_null  mc_w.l(handlers.o)
    0x0800c264   0x0800c264   0x0000000e   Code   RO        10750    i.__scatterload_zeroinit  mc_w.l(handlers.o)
    0x0800c272   0x0800c272   0x00000002   PAD
    0x0800c274   0x0800c274   0x00000184   Code   RO        10677    i._fp_digits        mc_w.l(printfa.o)
    0x0800c3f8   0x0800c3f8   0x000006b4   Code   RO        10678    i._printf_core      mc_w.l(printfa.o)
    0x0800caac   0x0800caac   0x00000024   Code   RO        10679    i._printf_post_padding  mc_w.l(printfa.o)
    0x0800cad0   0x0800cad0   0x0000002e   Code   RO        10680    i._printf_pre_padding  mc_w.l(printfa.o)
    0x0800cafe   0x0800cafe   0x0000000a   Code   RO        10682    i._sputc            mc_w.l(printfa.o)
    0x0800cb08   0x0800cb08   0x0000002c   Code   RO         1059    i.btim_tim2_int_init  btim.o
    0x0800cb34   0x0800cb34   0x00000034   Code   RO         1062    i.btim_tim5_enable  btim.o
    0x0800cb68   0x0800cb68   0x0000002c   Code   RO         1063    i.btim_tim5_int_init  btim.o
    0x0800cb94   0x0800cb94   0x0000000c   Code   RO         1069    i.btim_timx_counterset  btim.o
    0x0800cba0   0x0800cba0   0x00000034   Code   RO         1070    i.btim_timx_enable  btim.o
    0x0800cbd4   0x0800cbd4   0x0000002c   Code   RO         1071    i.btim_timx_int_init  btim.o
    0x0800cc00   0x0800cc00   0x00000044   Code   RO          699    i.delay_init        delay.o
    0x0800cc44   0x0800cc44   0x00000040   Code   RO          700    i.delay_ms          delay.o
    0x0800cc84   0x0800cc84   0x00000048   Code   RO          701    i.delay_us          delay.o
    0x0800cccc   0x0800cccc   0x0000003c   Code   RO         1753    i.eTaskConfirmSleepModeStatus  tasks.o
    0x0800cd08   0x0800cd08   0x00000148   Code   RO           21    i.eventgroup_task   main.o
    0x0800ce50   0x0800ce50   0x00000028   Code   RO           22    i.eventsetbit_task  main.o
    0x0800ce78   0x0800ce78   0x0000001c   Code   RO          845    i.fputc             usart.o
    0x0800ce94   0x0800ce94   0x000000f4   Code   RO         4931    i.glv               pair_bn158.o
    0x0800cf88   0x0800cf88   0x000000f4   Code   RO         4932    i.gs                pair_bn158.o
    0x0800d07c   0x0800d07c   0x00000034   Code   RO           23    i.init              main.o
    0x0800d0b0   0x0800d0b0   0x000000d0   Code   RO          620    i.init_public_key   utility.o
    0x0800d180   0x0800d180   0x00000374   Code   RO         3335    i.init_thres_enc    thres_enc.o
    0x0800d4f4   0x0800d4f4   0x000002c8   Code   RO         3189    i.init_thres_sig    thres_sig.o
    0x0800d7bc   0x0800d7bc   0x00000120   Code   RO         3190    i.lagrange          thres_sig.o
    0x0800d8dc   0x0800d8dc   0x00000042   Code   RO         3949    i.logb2             fp_bn158.o
    0x0800d91e   0x0800d91e   0x00000002   PAD
    0x0800d920   0x0800d920   0x00000034   Code   RO         2527    i.lora_check_cmd    mw1268_uart.o
    0x0800d954   0x0800d954   0x00000080   Code   RO         2528    i.lora_send_cmd     mw1268_uart.o
    0x0800d9d4   0x0800d9d4   0x0000004c   Code   RO           24    i.main              main.o
    0x0800da20   0x0800da20   0x0000002e   Code   RO         5124    i.muladd_160_28     big_160_28.o
    0x0800da4e   0x0800da4e   0x00000044   Code   RO          621    i.my_RNG            utility.o
    0x0800da92   0x0800da92   0x00000002   PAD
    0x0800da94   0x0800da94   0x00000098   Code   RO         1756    i.prvAddCurrentTaskToDelayedList  tasks.o
    0x0800db2c   0x0800db2c   0x000000b8   Code   RO         1757    i.prvAddNewTaskToReadyList  tasks.o
    0x0800dbe4   0x0800dbe4   0x00000064   Code   RO         2148    i.prvCheckForValidListAndQueue  timers.o
    0x0800dc48   0x0800dc48   0x00000064   Code   RO         1758    i.prvCheckTasksWaitingTermination  tasks.o
    0x0800dcac   0x0800dcac   0x0000002a   Code   RO         1507    i.prvCopyDataFromQueue  queue.o
    0x0800dcd6   0x0800dcd6   0x0000007c   Code   RO         1508    i.prvCopyDataToQueue  queue.o
    0x0800dd52   0x0800dd52   0x00000012   Code   RO         1759    i.prvDeleteTCB      tasks.o
    0x0800dd64   0x0800dd64   0x0000004c   Code   RO         1760    i.prvGetExpectedIdleTime  tasks.o
    0x0800ddb0   0x0800ddb0   0x00000028   Code   RO         2149    i.prvGetNextExpireTime  timers.o
    0x0800ddd8   0x0800ddd8   0x0000007c   Code   RO         2290    i.prvHeapInit       heap_4.o
    0x0800de54   0x0800de54   0x00000098   Code   RO         1761    i.prvIdleTask       tasks.o
    0x0800deec   0x0800deec   0x0000002e   Code   RO         1510    i.prvInitialiseNewQueue  queue.o
    0x0800df1a   0x0800df1a   0x00000002   PAD
    0x0800df1c   0x0800df1c   0x000000d0   Code   RO         1762    i.prvInitialiseNewTask  tasks.o
    0x0800dfec   0x0800dfec   0x00000068   Code   RO         1763    i.prvInitialiseTaskLists  tasks.o
    0x0800e054   0x0800e054   0x00000068   Code   RO         2291    i.prvInsertBlockIntoFreeList  heap_4.o
    0x0800e0bc   0x0800e0bc   0x00000058   Code   RO         2151    i.prvInsertTimerInActiveList  timers.o
    0x0800e114   0x0800e114   0x0000001a   Code   RO         1511    i.prvIsQueueEmpty   queue.o
    0x0800e12e   0x0800e12e   0x0000001e   Code   RO         1512    i.prvIsQueueFull    queue.o
    0x0800e14c   0x0800e14c   0x000000a0   Code   RO         1513    i.prvNotifyQueueSetContainer  queue.o
    0x0800e1ec   0x0800e1ec   0x00000080   Code   RO         2152    i.prvProcessExpiredTimer  timers.o
    0x0800e26c   0x0800e26c   0x0000012c   Code   RO         2153    i.prvProcessReceivedCommands  timers.o
    0x0800e398   0x0800e398   0x00000074   Code   RO         2154    i.prvProcessTimerOrBlockTask  timers.o
    0x0800e40c   0x0800e40c   0x00000034   Code   RO         1765    i.prvResetNextTaskUnblockTime  tasks.o
    0x0800e440   0x0800e440   0x0000002c   Code   RO         2155    i.prvSampleTimeNow  timers.o
    0x0800e46c   0x0800e46c   0x000000bc   Code   RO         2156    i.prvSwitchTimerLists  timers.o
    0x0800e528   0x0800e528   0x0000007c   Code   RO         2353    i.prvTaskExitError  port.o
    0x0800e5a4   0x0800e5a4   0x0000001a   Code   RO         2157    i.prvTimerTask      timers.o
    0x0800e5be   0x0800e5be   0x00000092   Code   RO         1514    i.prvUnlockQueue    queue.o
    0x0800e650   0x0800e650   0x00000154   Code   RO         2292    i.pvPortMalloc      heap_4.o
    0x0800e7a4   0x0800e7a4   0x00000020   Code   RO         1769    i.pvTaskIncrementMutexHeldCount  tasks.o
    0x0800e7c4   0x0800e7c4   0x0000002c   Code   RO         2354    i.pxPortInitialiseStack  port.o
    0x0800e7f0   0x0800e7f0   0x0000003e   Code   RO         3950    i.quo               fp_bn158.o
    0x0800e82e   0x0800e82e   0x00000002   PAD
    0x0800e830   0x0800e830   0x00000054   Code   RO         3191    i.sign_data         thres_sig.o
    0x0800e884   0x0800e884   0x000000c0   Code   RO           25    i.start_task        main.o
    0x0800e944   0x0800e944   0x00000010   Code   RO         3588    i.teq               ecp_bn158.o
    0x0800e954   0x0800e954   0x00000010   Code   RO         3766    i.teq               ecp2_bn158.o
    0x0800e964   0x0800e964   0x00000008   Code   RO         2732    i.uECC_secp160r1    uecc.o
    0x0800e96c   0x0800e96c   0x0000000c   Code   RO         2737    i.uECC_set_rng      uecc.o
    0x0800e978   0x0800e978   0x0000005a   Code   RO         2739    i.uECC_sign         uecc.o
    0x0800e9d2   0x0800e9d2   0x000002d0   Code   RO         2742    i.uECC_verify       uecc.o
    0x0800eca2   0x0800eca2   0x00000002   PAD
    0x0800eca4   0x0800eca4   0x000000c0   Code   RO         1249    i.usart3_bpsset     usart3.o
    0x0800ed64   0x0800ed64   0x00000078   Code   RO         1250    i.usart3_gpioinit   usart3.o
    0x0800eddc   0x0800eddc   0x00000068   Code   RO         1251    i.usart3_init       usart3.o
    0x0800ee44   0x0800ee44   0x00000044   Code   RO         1252    i.usart3_rx         usart3.o
    0x0800ee88   0x0800ee88   0x0000003c   Code   RO         1253    i.usart3_sendData   usart3.o
    0x0800eec4   0x0800eec4   0x00000028   Code   RO         1458    i.uxListRemove      list.o
    0x0800eeec   0x0800eeec   0x0000001a   Code   RO         1459    i.vListInitialise   list.o
    0x0800ef06   0x0800ef06   0x00000006   Code   RO         1460    i.vListInitialiseItem  list.o
    0x0800ef0c   0x0800ef0c   0x00000034   Code   RO         1461    i.vListInsert       list.o
    0x0800ef40   0x0800ef40   0x00000018   Code   RO         1462    i.vListInsertEnd    list.o
    0x0800ef58   0x0800ef58   0x00000090   Code   RO         2356    i.vPortEnterCritical  port.o
    0x0800efe8   0x0800efe8   0x00000074   Code   RO         2357    i.vPortExitCritical  port.o
    0x0800f05c   0x0800f05c   0x000000b8   Code   RO         2293    i.vPortFree         heap_4.o
    0x0800f114   0x0800f114   0x0000005c   Code   RO         2358    i.vPortSetupTimerInterrupt  port.o
    0x0800f170   0x0800f170   0x000001bc   Code   RO         2359    i.vPortSuppressTicksAndSleep  port.o
    0x0800f32c   0x0800f32c   0x000000a4   Code   RO         2360    i.vPortValidateInterruptPriority  port.o
    0x0800f3d0   0x0800f3d0   0x0000002c   Code   RO         1520    i.vQueueAddToRegistry  queue.o
    0x0800f3fc   0x0800f3fc   0x0000004a   Code   RO         1524    i.vQueueWaitForMessageRestricted  queue.o
    0x0800f446   0x0800f446   0x00000002   PAD
    0x0800f448   0x0800f448   0x00000074   Code   RO         1777    i.vTaskDelay        tasks.o
    0x0800f4bc   0x0800f4bc   0x0000010c   Code   RO         1779    i.vTaskDelete       tasks.o
    0x0800f5c8   0x0800f5c8   0x0000000c   Code   RO         1783    i.vTaskMissedYield  tasks.o
    0x0800f5d4   0x0800f5d4   0x00000054   Code   RO         1785    i.vTaskPlaceOnEventList  tasks.o
    0x0800f628   0x0800f628   0x0000005c   Code   RO         1786    i.vTaskPlaceOnEventListRestricted  tasks.o
    0x0800f684   0x0800f684   0x000000b0   Code   RO         1788    i.vTaskPriorityInherit  tasks.o
    0x0800f734   0x0800f734   0x0000004c   Code   RO         1792    i.vTaskSetTimeOutState  tasks.o
    0x0800f780   0x0800f780   0x000000b0   Code   RO         1793    i.vTaskStartScheduler  tasks.o
    0x0800f830   0x0800f830   0x00000060   Code   RO         1794    i.vTaskStepTick     tasks.o
    0x0800f890   0x0800f890   0x00000010   Code   RO         1796    i.vTaskSuspendAll   tasks.o
    0x0800f8a0   0x0800f8a0   0x000000a8   Code   RO         1797    i.vTaskSwitchContext  tasks.o
    0x0800f948   0x0800f948   0x00000118   Code   RO         2361    i.xPortStartScheduler  port.o
    0x0800fa60   0x0800fa60   0x00000074   Code   RO         1529    i.xQueueGenericCreate  queue.o
    0x0800fad4   0x0800fad4   0x000001c8   Code   RO         1530    i.xQueueGenericReceive  queue.o
    0x0800fc9c   0x0800fc9c   0x000000b0   Code   RO         1531    i.xQueueGenericReset  queue.o
    0x0800fd4c   0x0800fd4c   0x000001c4   Code   RO         1532    i.xQueueGenericSend  queue.o
    0x0800ff10   0x0800ff10   0x00000114   Code   RO         1533    i.xQueueGenericSendFromISR  queue.o
    0x08010024   0x08010024   0x000000a0   Code   RO         1798    i.xTaskCheckForTimeOut  tasks.o
    0x080100c4   0x080100c4   0x00000060   Code   RO         1799    i.xTaskCreate       tasks.o
    0x08010124   0x08010124   0x00000118   Code   RO         1800    i.xTaskGenericNotify  tasks.o
    0x0801023c   0x0801023c   0x00000158   Code   RO         1801    i.xTaskGenericNotifyFromISR  tasks.o
    0x08010394   0x08010394   0x00000020   Code   RO         1803    i.xTaskGetSchedulerState  tasks.o
    0x080103b4   0x080103b4   0x0000000c   Code   RO         1804    i.xTaskGetTickCount  tasks.o
    0x080103c0   0x080103c0   0x00000160   Code   RO         1806    i.xTaskIncrementTick  tasks.o
    0x08010520   0x08010520   0x000000a0   Code   RO         1808    i.xTaskNotifyWait   tasks.o
    0x080105c0   0x080105c0   0x000000d8   Code   RO         1809    i.xTaskPriorityDisinherit  tasks.o
    0x08010698   0x08010698   0x000000b8   Code   RO         1810    i.xTaskRemoveFromEventList  tasks.o
    0x08010750   0x08010750   0x00000120   Code   RO         1812    i.xTaskResumeAll    tasks.o
    0x08010870   0x08010870   0x00000074   Code   RO         2161    i.xTimerCreateTimerTask  timers.o
    0x080108e4   0x080108e4   0x000000a4   Code   RO         2162    i.xTimerGenericCommand  timers.o
    0x08010988   0x08010988   0x00000018   Data   RO         2559    .constdata          system_stm32f7xx.o
    0x080109a0   0x080109a0   0x00000394   Data   RO         2818    .constdata          uecc.o
    0x08010d34   0x08010d34   0x00000004   PAD
    0x08010d38   0x08010d38   0x00000440   Data   RO         5647    .constdata          hash.o
    0x08011178   0x08011178   0x00000380   Data   RO         6104    .constdata          rom_curve_bn158.o
    0x080114f8   0x080114f8   0x000000ac   Data   RO         6117    .constdata          rom_field_bn158.o
    0x080115a4   0x080115a4   0x00000008   Data   RO         6534    .constdata          stm32f7xx_hal_dma.o
    0x080115ac   0x080115ac   0x00000040   Data   RO        10746    Region$$Table       anon$$obj.o


    Execution Region RW_IRAM2 (Exec base: 0x20000000, Load base: 0x08012060, Size: 0x0000875c, Max: 0x00020000, ABSOLUTE, COMPRESSED[0x000002f0])

    Exec Addr    Load Addr    Size         Type   Attr      Idx    E Section Name        Object

    0x20000000   COMPRESSED   0x00000050   Data   RW           28    .data               main.o
    0x20000050   COMPRESSED   0x00000007   Data   RW          848    .data               usart.o
    0x20000057   COMPRESSED   0x00000001   PAD
    0x20000058   COMPRESSED   0x0000003c   Data   RW         1815    .data               tasks.o
    0x20000094   COMPRESSED   0x00000014   Data   RW         2170    .data               timers.o
    0x200000a8   COMPRESSED   0x00000016   Data   RW         2457    .data               mw1268_app.o
    0x200000be   COMPRESSED   0x00000002   PAD
    0x200000c0   COMPRESSED   0x00000004   Data   RW         2819    .data               uecc.o
    0x200000c4   COMPRESSED   0x00000440   Data   RW         3193    .data               thres_sig.o
    0x20000504   COMPRESSED   0x00000009   Data   RW         6164    .data               stm32f7xx_hal.o
    0x2000050d   COMPRESSED   0x00000003   PAD
    0x20000510        -       0x00000540   Zero   RW          622    .bss                utility.o
    0x20000a50        -       0x00007780   Zero   RW          912    .bss                dma.o
    0x200081d0        -       0x00000010   Zero   RW         1001    .bss                rng.o
    0x200081e0        -       0x000001ac   Zero   RW         1072    .bss                btim.o
    0x2000838c        -       0x00000040   Zero   RW         1544    .bss                queue.o
    0x200083cc        -       0x00000028   Zero   RW         2169    .bss                timers.o
    0x200083f4        -       0x00000366   Zero   RW         2456    .bss                mw1268_app.o


    Execution Region RW_IRAM1 (Exec base: 0x20020000, Load base: 0x080115ec, Size: 0x00048760, Max: 0x00060000, ABSOLUTE, COMPRESSED[0x00000a74])

    Exec Addr    Load Addr    Size         Type   Attr      Idx    E Section Name        Object

    0x20020000   COMPRESSED   0x00000ea0   Data   RW          623    .data               utility.o
    0x20020ea0   COMPRESSED   0x00000006   Data   RW          703    .data               delay.o
    0x20020ea6   COMPRESSED   0x00000002   PAD
    0x20020ea8   COMPRESSED   0x00000012   Data   RW          913    .data               dma.o
    0x20020eba   COMPRESSED   0x00000003   Data   RW          968    .data               led.o
    0x20020ebd   COMPRESSED   0x00000003   PAD
    0x20020ec0   COMPRESSED   0x00000014   Data   RW         1073    .data               btim.o
    0x20020ed4   COMPRESSED   0x00000008   Data   RW         1255    .data               usart3.o
    0x20020edc   COMPRESSED   0x00000018   Data   RW         2298    .data               heap_4.o
    0x20020ef4   COMPRESSED   0x00000020   Data   RW         2362    .data               port.o
    0x20020f14   COMPRESSED   0x00000004   Data   RW         2560    .data               system_stm32f7xx.o
    0x20020f18   COMPRESSED   0x00000440   Data   RW         3339    .data               thres_enc.o
    0x20021358        -       0x00013e48   Zero   RW           27    .bss                main.o
    0x200351a0        -       0x00000150   Zero   RW          847    .bss                usart.o
    0x200352f0        -       0x00000888   Zero   RW         1254    .bss                usart3.o
    0x20035b78        -       0x000002e4   Zero   RW         1814    .bss                tasks.o
    0x20035e5c        -       0x0000f000   Zero   RW         2297    .bss                heap_4.o
    0x20044e5c        -       0x00001a40   Zero   RW         3192    .bss                thres_sig.o
    0x2004689c        -       0x00001ec0   Zero   RW         3337    .bss                thres_enc.o
    0x2004875c   COMPRESSED   0x00000004   PAD
    0x20048760        -       0x00020000   Zero   RW          898    STACK               startup_stm32f767xx.o


==============================================================================

Image component sizes


      Code (inc. data)   RO Data    RW Data    ZI Data      Debug   Object Name

      5512          0          0          0          0      36561   big_160_28.o
       912        148          0         20        428      41864   btim.o
       204         18          0          6          0       2143   delay.o
       956         72          0         18      30592       3499   dma.o
         0          0          0          0          0       3191   ecdh_bn158.o
      2530         30          0          0          0      14913   ecp2_bn158.o
      2706         24          0          0          0      14712   ecp_bn158.o
         0          0          0          0          0      11904   event_groups.o
      2982          0          0          0          0      11840   fp12_bn158.o
      1546          4          0          0          0      19693   fp2_bn158.o
       986          0          0          0          0      13920   fp4_bn158.o
      2026         50          0          0          0      21200   fp_bn158.o
       808         40       1088          0          0       4652   hash.o
       752        176          0         24      61440       4155   heap_4.o
        88          8          0          3          0       1245   led.o
       148          0          0          0          0       3406   list.o
      4260        554          0         80      81480     934247   main.o
      1704        436          0         22        870       7649   mw1268_app.o
       180         26          0          0          0       1897   mw1268_uart.o
      3294         88          0          0          0      10448   pair_bn158.o
      1650        460          0         32          0      12898   port.o
      2168        238          0          0         64      16357   queue.o
       156         22          0          0         16       3037   rng.o
         0          0        896          0          0       1582   rom_curve_bn158.o
         0          0        172          0          0        935   rom_field_bn158.o
        36          8        504          0     131072        812   startup_stm32f767xx.o
       138         22          0          9          0       8797   stm32f7xx_hal.o
       566         44          0          0          0      39697   stm32f7xx_hal_cortex.o
       988         10          8          0          0       7669   stm32f7xx_hal_dma.o
       552         52          0          0          0       2967   stm32f7xx_hal_gpio.o
         2          0          0          0          0        815   stm32f7xx_hal_msp.o
       144          8          0          0          0       1348   stm32f7xx_hal_pwr_ex.o
      1956         74          0          0          0       5868   stm32f7xx_hal_rcc.o
       210          0          0          0          0       2808   stm32f7xx_hal_rng.o
       954         80          0          0          0       6315   stm32f7xx_hal_tim.o
         6          0          0          0          0       2340   stm32f7xx_hal_tim_ex.o
      4318         98          0          0          0      23798   stm32f7xx_hal_uart.o
        20          0          0          0          0       2901   stm32f7xx_it.o
        16          0          0          0          0        919   sys.o
        20          6         24          4          0       1479   system_stm32f7xx.o
      4542       1146          0         60        740      35748   tasks.o
       884        182          0       1088       7872       5524   thres_enc.o
      2184        246          0       1088       6720       9694   thres_sig.o
      1310        312          0         20         40       9239   timers.o
      7386         76        916          4          0      54390   uecc.o
       244         36          0          7        336       3870   usart.o
       668         74          0          8       2184       5410   usart3.o
       780         30          0       3744       1344       5459   utility.o

    ----------------------------------------------------------------------
     63552       4898       3676       6248     325204    1435815   Object Totals
         0          0         64          0          0          0   (incl. Generated)
        60          0          4         11          6          0   (incl. Padding)

    ----------------------------------------------------------------------

      Code (inc. data)   RO Data    RW Data    ZI Data      Debug   Library Member Name

        94          0          0          0          0          0   __dclz77c.o
         0          0          0          0          0          0   entry.o
         0          0          0          0          0          0   entry10a.o
         0          0          0          0          0          0   entry11a.o
         4          0          0          0          0          0   entry12b.o
         8          4          0          0          0          0   entry2.o
         4          0          0          0          0          0   entry5.o
         0          0          0          0          0          0   entry7b.o
         0          0          0          0          0          0   entry8b.o
         8          4          0          0          0          0   entry9a.o
        30          0          0          0          0          0   handlers.o
        36          8          0          0          0         68   init.o
         0          0          0          0          0          0   iusefp.o
        30          0          0          0          0         68   llshl.o
        36          0          0          0          0         68   llsshr.o
        32          0          0          0          0         68   llushr.o
        36          0          0          0          0         68   memcpya.o
        36          0          0          0          0        108   memseta.o
      2304        102          0          0          0        696   printfa.o
        14          0          0          0          0         68   strlen.o
        36          0          0          0          0         80   strstr.o
        44          0          0          0          0         80   uidiv.o
        98          0          0          0          0         92   uldiv.o
        48          0          0          0          0         68   cdrcmple.o
       334          0          0          0          0        148   dadd.o
       222          0          0          0          0        100   ddiv.o
       186          0          0          0          0        176   depilogue.o
        48          0          0          0          0         68   dfixul.o
       228          0          0          0          0         96   dmul.o

    ----------------------------------------------------------------------
      3920        118          0          0          0       2120   Library Totals
         4          0          0          0          0          0   (incl. Padding)

    ----------------------------------------------------------------------

      Code (inc. data)   RO Data    RW Data    ZI Data      Debug   Library Name

      2850        118          0          0          0       1464   mc_w.l
      1066          0          0          0          0        656   mf_w.l

    ----------------------------------------------------------------------
      3920        118          0          0          0       2120   Library Totals

    ----------------------------------------------------------------------

==============================================================================


      Code (inc. data)   RO Data    RW Data    ZI Data      Debug   

     67472       5016       3676       6248     325204    1389927   Grand Totals
     67472       5016       3676       3428     325204    1389927   ELF Image Totals (compressed)
     67472       5016       3676       3428          0          0   ROM Totals

==============================================================================

    Total RO  Size (Code + RO Data)                71148 (  69.48kB)
    Total RW  Size (RW Data + ZI Data)            331452 ( 323.68kB)
    Total ROM Size (Code + RO Data + RW Data)      74576 (  72.83kB)

==============================================================================

