Component: ARM Compiler 5.06 update 7 (build 960) Tool: armlink [4d3601]

==============================================================================

Section Cross References

    main.o(i.ABA_STATE_handler) refers to memseta.o(.text) for __aeabi_memclr4
    main.o(i.ABA_STATE_handler) refers to sha2.o(i.sha2) for sha2
    main.o(i.ABA_STATE_handler) refers to thres_sig.o(i.sign_data) for sign_data
    main.o(i.ABA_STATE_handler) refers to stm32f7xx_hal_uart.o(i.HAL_UART_Transmit) for HAL_UART_Transmit
    main.o(i.ABA_STATE_handler) refers to main.o(.bss) for Send_Data_buff
    main.o(i.ABA_STATE_handler) refers to main.o(.data) for state_aba
    main.o(i.ABA_STATE_handler) refers to usart3.o(.bss) for uart3_handler
    main.o(i.ABA_init) refers to dma.o(i.MYDMA_Config_Rece) for MYDMA_Config_Rece
    main.o(i.ABA_init) refers to stm32f7xx_hal_uart.o(i.HAL_UART_Receive_DMA) for HAL_UART_Receive_DMA
    main.o(i.ABA_init) refers to rng.o(i.RNG_Get_RandomNum) for RNG_Get_RandomNum
    main.o(i.ABA_init) refers to btim.o(i.btim_tim5_enable) for btim_tim5_enable
    main.o(i.ABA_init) refers to dma.o(.bss) for ReceBuff
    main.o(i.ABA_init) refers to usart3.o(.bss) for uart3_handler
    main.o(i.ABA_init) refers to main.o(.data) for cur_aba_id
    main.o(i.ABA_init) refers to main.o(.bss) for ABA_decided
    main.o(i.PACKET_handler) refers to delay.o(i.delay_ms) for delay_ms
    main.o(i.PACKET_handler) refers to stm32f7xx_hal_uart.o(i.HAL_UART_DMAStop) for HAL_UART_DMAStop
    main.o(i.PACKET_handler) refers to stm32f7xx_hal_uart.o(i.HAL_UART_Receive_DMA) for HAL_UART_Receive_DMA
    main.o(i.PACKET_handler) refers to memseta.o(.text) for __aeabi_memclr4
    main.o(i.PACKET_handler) refers to hash.o(i.HASH256_init) for HASH256_init
    main.o(i.PACKET_handler) refers to hash.o(i.HASH256_process) for HASH256_process
    main.o(i.PACKET_handler) refers to hash.o(i.HASH256_hash) for HASH256_hash
    main.o(i.PACKET_handler) refers to uecc.o(i.uECC_secp160r1) for uECC_secp160r1
    main.o(i.PACKET_handler) refers to uecc.o(i.uECC_verify) for uECC_verify
    main.o(i.PACKET_handler) refers to main.o(.data) for ttt
    main.o(i.PACKET_handler) refers to dma.o(.bss) for ReceBuff
    main.o(i.PACKET_handler) refers to usart3.o(.bss) for uart3_handler
    main.o(i.PACKET_handler) refers to main.o(.bss) for buff
    main.o(i.PACKET_handler) refers to utility.o(.bss) for public_key
    main.o(i.PACKET_handler) refers to mw1268_app.o(i.LoRa_Set) for LoRa_Set
    main.o(i.PACKET_handler) refers to printfa.o(i.__0sprintf) for __2sprintf
    main.o(i.PACKET_handler) refers to mw1268_app.o(i.LoRa_SendData) for LoRa_SendData
    main.o(i.PACKET_handler) refers to mw1268_app.o(.data) for LoRa_CFG
    main.o(i.PACKET_handler) refers to rng.o(i.RNG_Get_RandomNum) for RNG_Get_RandomNum
    main.o(i.PACKET_handler) refers to tasks.o(i.xTaskGenericNotify) for xTaskGenericNotify
    main.o(i.Tx_decrypt) refers to aes_1.o(i.mbedtls_aes_setkey_dec) for mbedtls_aes_setkey_dec
    main.o(i.Tx_decrypt) refers to aes_1.o(i.mbedtls_aes_crypt_cbc) for mbedtls_aes_crypt_cbc
    main.o(i.Tx_decrypt) refers to main.o(.bss) for tmp_buff
    main.o(i.Tx_encrypt) refers to aes_1.o(i.mbedtls_aes_setkey_enc) for mbedtls_aes_setkey_enc
    main.o(i.Tx_encrypt) refers to aes_1.o(i.mbedtls_aes_crypt_cbc) for mbedtls_aes_crypt_cbc
    main.o(i.Tx_encrypt) refers to main.o(.bss) for tmp_buff
    main.o(i.eventgroup_task) refers to tasks.o(i.xTaskNotifyWait) for xTaskNotifyWait
    main.o(i.eventgroup_task) refers to main.o(i.ABA_STATE_handler) for ABA_STATE_handler
    main.o(i.eventgroup_task) refers to main.o(i.PACKET_handler) for PACKET_handler
    main.o(i.eventgroup_task) refers to printfa.o(i.__0sprintf) for __2sprintf
    main.o(i.eventgroup_task) refers to mw1268_app.o(i.LoRa_SendData) for LoRa_SendData
    main.o(i.eventgroup_task) refers to dma.o(.bss) for ReceBuff
    main.o(i.eventgroup_task) refers to main.o(.bss) for Send_Data_buff
    main.o(i.eventsetbit_task) refers to tasks.o(i.vTaskDelay) for vTaskDelay
    main.o(i.eventsetbit_task) refers to main.o(.data) for EventGroupTask_Handler
    main.o(i.init) refers to delay.o(i.delay_ms) for delay_ms
    main.o(i.init) refers to mw1268_app.o(i.LoRa_Init) for LoRa_Init
    main.o(i.init) refers to mw1268_app.o(i.LoRa_Set) for LoRa_Set
    main.o(i.init) refers to mw1268_app.o(.data) for LoRa_CFG
    main.o(i.main) refers to utility.o(i.MPU_Config) for MPU_Config
    main.o(i.main) refers to stm32f7xx_hal.o(i.HAL_Init) for HAL_Init
    main.o(i.main) refers to utility.o(i.SystemClock_Config) for SystemClock_Config
    main.o(i.main) refers to delay.o(i.delay_init) for delay_init
    main.o(i.main) refers to led.o(i.LED_Init) for LED_Init
    main.o(i.main) refers to tasks.o(i.xTaskCreate) for xTaskCreate
    main.o(i.main) refers to tasks.o(i.vTaskStartScheduler) for vTaskStartScheduler
    main.o(i.main) refers to main.o(.data) for StartTask_Handler
[...]
    __2printf                                0x0800ae11   Thumb Code     0  printfa.o(i.__0printf)
    __c89printf                              0x0800ae11   Thumb Code     0  printfa.o(i.__0printf)
    printf                                   0x0800ae11   Thumb Code     0  printfa.o(i.__0printf)
    __0sprintf                               0x0800ae31   Thumb Code    34  printfa.o(i.__0sprintf)
    __1sprintf                               0x0800ae31   Thumb Code     0  printfa.o(i.__0sprintf)
    __2sprintf                               0x0800ae31   Thumb Code     0  printfa.o(i.__0sprintf)
    __c89sprintf                             0x0800ae31   Thumb Code     0  printfa.o(i.__0sprintf)
    sprintf                                  0x0800ae31   Thumb Code     0  printfa.o(i.__0sprintf)
    __0vsprintf                              0x0800ae59   Thumb Code    30  printfa.o(i.__0vsprintf)
    __1vsprintf                              0x0800ae59   Thumb Code     0  printfa.o(i.__0vsprintf)
    __2vsprintf                              0x0800ae59   Thumb Code     0  printfa.o(i.__0vsprintf)
    __c89vsprintf                            0x0800ae59   Thumb Code     0  printfa.o(i.__0vsprintf)
    vsprintf                                 0x0800ae59   Thumb Code     0  printfa.o(i.__0vsprintf)
    __scatterload_copy                       0x0800ae7d   Thumb Code    14  handlers.o(i.__scatterload_copy)
    __scatterload_null                       0x0800ae8b   Thumb Code     2  handlers.o(i.__scatterload_null)
    __scatterload_zeroinit                   0x0800ae8d   Thumb Code    14  handlers.o(i.__scatterload_zeroinit)
    btim_tim2_int_init                       0x0800b731   Thumb Code    38  btim.o(i.btim_tim2_int_init)
    btim_tim5_enable                         0x0800b75d   Thumb Code    46  btim.o(i.btim_tim5_enable)
    btim_tim5_int_init                       0x0800b791   Thumb Code    36  btim.o(i.btim_tim5_int_init)
    btim_timx_counterset                     0x0800b7bd   Thumb Code     8  btim.o(i.btim_timx_counterset)
    btim_timx_enable                         0x0800b7c9   Thumb Code    46  btim.o(i.btim_timx_enable)
    btim_timx_int_init                       0x0800b7fd   Thumb Code    36  btim.o(i.btim_timx_int_init)
    delay_init                               0x0800b829   Thumb Code    58  delay.o(i.delay_init)
    delay_ms                                 0x0800b86d   Thumb Code    60  delay.o(i.delay_ms)
    delay_us                                 0x0800b8ad   Thumb Code    68  delay.o(i.delay_us)
    eTaskConfirmSleepModeStatus              0x0800b8f5   Thumb Code    42  tasks.o(i.eTaskConfirmSleepModeStatus)
    eventgroup_task                          0x0800b931   Thumb Code   134  main.o(i.eventgroup_task)
    eventsetbit_task                         0x0800b9d5   Thumb Code    34  main.o(i.eventsetbit_task)
    fputc                                    0x0800b9fd   Thumb Code    22  usart.o(i.fputc)
    init                                     0x0800bc01   Thumb Code    48  main.o(i.init)
    init_public_key                          0x0800bc35   Thumb Code   188  utility.o(i.init_public_key)
    init_thres_enc                           0x0800bd05   Thumb Code   702  thres_enc.o(i.init_thres_enc)
    init_thres_sig                           0x0800c079   Thumb Code   612  thres_sig.o(i.init_thres_sig)
    lora_check_cmd                           0x0800c385   Thumb Code    44  mw1268_uart.o(i.lora_check_cmd)
    lora_send_cmd                            0x0800c3b9   Thumb Code   110  mw1268_uart.o(i.lora_send_cmd)
    main                                     0x0800c439   Thumb Code    54  main.o(i.main)
    pvPortMalloc                             0x0800d0b5   Thumb Code   262  heap_4.o(i.pvPortMalloc)
    pvTaskIncrementMutexHeldCount            0x0800d209   Thumb Code    26  tasks.o(i.pvTaskIncrementMutexHeldCount)
    pxPortInitialiseStack                    0x0800d229   Thumb Code    38  port.o(i.pxPortInitialiseStack)
    sha2                                     0x0800d293   Thumb Code    50  sha2.o(i.sha2)
    sha2_finish                              0x0800d2c5   Thumb Code   304  sha2.o(i.sha2_finish)
    sha2_starts                              0x08010855   Thumb Code    80  sha2.o(i.sha2_starts)
    sha2_update                              0x080108e5   Thumb Code   128  sha2.o(i.sha2_update)
    sign_data                                0x08010965   Thumb Code    60  thres_sig.o(i.sign_data)
    start_task                               0x080109b9   Thumb Code   126  main.o(i.start_task)
    uECC_secp160r1                           0x08010a99   Thumb Code     4  uecc.o(i.uECC_secp160r1)
    uECC_set_rng                             0x08010aa1   Thumb Code     6  uecc.o(i.uECC_set_rng)
    uECC_sign                                0x08010aad   Thumb Code    90  uecc.o(i.uECC_sign)
    uECC_verify                              0x08010b07   Thumb Code   720  uecc.o(i.uECC_verify)
    usart3_bpsset                            0x08010dd9   Thumb Code   182  usart3.o(i.usart3_bpsset)
    usart3_init                              0x08010f11   Thumb Code    90  usart3.o(i.usart3_init)
    usart3_rx                                0x08010f79   Thumb Code    62  usart3.o(i.usart3_rx)
    usart3_sendData                          0x08010fbd   Thumb Code    52  usart3.o(i.usart3_sendData)
    uxListRemove                             0x08010ff9   Thumb Code    40  list.o(i.uxListRemove)
    vListInitialise                          0x08011021   Thumb Code    26  list.o(i.vListInitialise)
    vListInitialiseItem                      0x0801103b   Thumb Code     6  list.o(i.vListInitialiseItem)
    vListInsert                              0x08011041   Thumb Code    52  list.o(i.vListInsert)
    vListInsertEnd                           0x08011075   Thumb Code    24  list.o(i.vListInsertEnd)
    vPortEnterCritical                       0x0801108d   Thumb Code    72  port.o(i.vPortEnterCritical)
    vPortExitCritical                        0x0801111d   Thumb Code    48  port.o(i.vPortExitCritical)
    vPortFree                                0x08011191   Thumb Code   120  heap_4.o(i.vPortFree)
    vPortSetupTimerInterrupt                 0x08011249   Thumb Code    76  port.o(i.vPortSetupTimerInterrupt)
    vPortSuppressTicksAndSleep               0x080112a5   Thumb Code   404  port.o(i.vPortSuppressTicksAndSleep)
    vPortValidateInterruptPriority           0x08011461   Thumb Code    86  port.o(i.vPortValidateInterruptPriority)
    vQueueAddToRegistry                      0x08011505   Thumb Code    38  queue.o(i.vQueueAddToRegistry)
    vQueueWaitForMessageRestricted           0x08011531   Thumb Code    74  queue.o(i.vQueueWaitForMessageRestricted)
    vTaskDelay                               0x0801157d   Thumb Code    72  tasks.o(i.vTaskDelay)
    vTaskDelete                              0x080115f1   Thumb Code   192  tasks.o(i.vTaskDelete)
    vTaskMissedYield                         0x080116fd   Thumb Code     8  tasks.o(i.vTaskMissedYield)
    vTaskPlaceOnEventList                    0x08011709   Thumb Code    42  tasks.o(i.vTaskPlaceOnEventList)
    vTaskPlaceOnEventListRestricted          0x0801175d   Thumb Code    50  tasks.o(i.vTaskPlaceOnEventListRestricted)
    vTaskPriorityInherit                     0x080117b9   Thumb Code   164  tasks.o(i.vTaskPriorityInherit)
    vTaskSetTimeOutState                     0x08011869   Thumb Code    32  tasks.o(i.vTaskSetTimeOutState)
    vTaskStartScheduler                      0x080118b5   Thumb Code   112  tasks.o(i.vTaskStartScheduler)
    vTaskStepTick                            0x08011965   Thumb Code    50  tasks.o(i.vTaskStepTick)
    vTaskSuspendAll                          0x080119c5   Thumb Code    12  tasks.o(i.vTaskSuspendAll)
    vTaskSwitchContext                       0x080119d5   Thumb Code   110  tasks.o(i.vTaskSwitchContext)
    xPortStartScheduler                      0x08011a7d   Thumb Code   192  port.o(i.xPortStartScheduler)
    xQueueGenericCreate                      0x08011b95   Thumb Code    78  queue.o(i.xQueueGenericCreate)
    xQueueGenericReceive                     0x08011c09   Thumb Code   416  queue.o(i.xQueueGenericReceive)
    xQueueGenericReset                       0x08011dd1   Thumb Code   136  queue.o(i.xQueueGenericReset)
    xQueueGenericSend                        0x08011e81   Thumb Code   412  queue.o(i.xQueueGenericSend)
    xQueueGenericSendFromISR                 0x08012045   Thumb Code   238  queue.o(i.xQueueGenericSendFromISR)
    xTaskCheckForTimeOut                     0x08012159   Thumb Code   116  tasks.o(i.xTaskCheckForTimeOut)
    xTaskCreate                              0x080121f9   Thumb Code    96  tasks.o(i.xTaskCreate)
    xTaskGenericNotify                       0x08012259   Thumb Code   226  tasks.o(i.xTaskGenericNotify)
    xTaskGenericNotifyFromISR                0x08012371   Thumb Code   282  tasks.o(i.xTaskGenericNotifyFromISR)
    xTaskGetSchedulerState                   0x080124c9   Thumb Code    24  tasks.o(i.xTaskGetSchedulerState)
    xTaskGetTickCount                        0x080124e9   Thumb Code     6  tasks.o(i.xTaskGetTickCount)
    xTaskIncrementTick                       0x080124f5   Thumb Code   272  tasks.o(i.xTaskIncrementTick)
    xTaskNotifyWait                          0x08012655   Thumb Code   150  tasks.o(i.xTaskNotifyWait)
    xTaskPriorityDisinherit                  0x080126f5   Thumb Code   168  tasks.o(i.xTaskPriorityDisinherit)
    xTaskRemoveFromEventList                 0x080127cd   Thumb Code   122  tasks.o(i.xTaskRemoveFromEventList)
    xTaskResumeAll                           0x08012885   Thumb Code   214  tasks.o(i.xTaskResumeAll)
    xTimerCreateTimerTask                    0x080129a5   Thumb Code    56  timers.o(i.xTimerCreateTimerTask)
    xTimerGenericCommand                     0x08012a19   Thumb Code   118  timers.o(i.xTimerGenericCommand)
    AHBPrescTable                            0x08012ac4   Data          16  system_stm32f7xx.o(.constdata)
    APBPrescTable                            0x08012ad4   Data           8  system_stm32f7xx.o(.constdata)
    CURVE_Cof_I_BN158                        0x080132f0   Data           4  rom_curve_bn158.o(.constdata)
    CURVE_Cof_BN158                          0x080132f4   Data          24  rom_curve_bn158.o(.constdata)
    CURVE_B_I_BN158                          0x0801330c   Data           4  rom_curve_bn158.o(.constdata)
    CURVE_B_BN158                            0x08013310   Data          24  rom_curve_bn158.o(.constdata)
    CURVE_Order_BN158                        0x08013328   Data          24  rom_curve_bn158.o(.constdata)
    CURVE_Gx_BN158                           0x08013340   Data          24  rom_curve_bn158.o(.constdata)
    CURVE_Gy_BN158                           0x08013358   Data          24  rom_curve_bn158.o(.constdata)
    CURVE_HTPC_BN158                         0x08013370   Data          24  rom_curve_bn158.o(.constdata)
    CURVE_Bnx_BN158                          0x08013388   Data          24  rom_curve_bn158.o(.constdata)
    CURVE_Pxa_BN158                          0x080133a0   Data          24  rom_curve_bn158.o(.constdata)
    CURVE_Pxb_BN158                          0x080133b8   Data          24  rom_curve_bn158.o(.constdata)
    CURVE_Pya_BN158                          0x080133d0   Data          24  rom_curve_bn158.o(.constdata)
    CURVE_Pyb_BN158                          0x080133e8   Data          24  rom_curve_bn158.o(.constdata)
    CURVE_W_BN158                            0x08013400   Data          48  rom_curve_bn158.o(.constdata)
    CURVE_SB_BN158                           0x08013430   Data          96  rom_curve_bn158.o(.constdata)
    CURVE_WB_BN158                           0x08013490   Data          96  rom_curve_bn158.o(.constdata)
    CURVE_BB_BN158                           0x080134f0   Data         384  rom_curve_bn158.o(.constdata)
    Modulus_BN158                            0x08013670   Data          24  rom_field_bn158.o(.constdata)
    R2modp_BN158                             0x08013688   Data          24  rom_field_bn158.o(.constdata)
    ROI_BN158                                0x080136a0   Data          24  rom_field_bn158.o(.constdata)
    SQRTm3_BN158                             0x080136b8   Data          24  rom_field_bn158.o(.constdata)
    CRu_BN158                                0x080136d0   Data          24  rom_field_bn158.o(.constdata)
    MConst_BN158                             0x080136e8   Data           4  rom_field_bn158.o(.constdata)
    Fra_BN158                                0x080136ec   Data          24  rom_field_bn158.o(.constdata)
    Frb_BN158                                0x08013704   Data          24  rom_field_bn158.o(.constdata)
    Region$$Table$$Base                      0x0801371c   Number         0  anon$$obj.o(Region$$Table)
    Region$$Table$$Limit                     0x0801375c   Number         0  anon$$obj.o(Region$$Table)
    __stdout                                 0x20000000   Data           4  usart.o(.data)
    USART_RX_STA                             0x20000004   Data           2  usart.o(.data)
    aRxBuffer                                0x20000006   Data           1  usart.o(.data)
    total_data                               0x20000008   Data           4  dma.o(.data)
    buff_data                                0x2000000c   Data           4  dma.o(.data)
    start_flag                               0x20000010   Data           1  dma.o(.data)
    buffer_IDX                               0x20000014   Data           4  dma.o(.data)
    PACKET_LEN                               0x20000018   Data           1  dma.o(.data)
    iii                                      0x20000019   Data           1  dma.o(.data)
    led2sta                                  0x2000001a   Data           1  led.o(.data)
    led1sta                                  0x2000001b   Data           1  led.o(.data)
    led0sta                                  0x2000001c   Data           1  led.o(.data)
    pxCurrentTCB                             0x20000020   Data           4  tasks.o(.data)
    LoRa_CFG                                 0x20000074   Data          14  mw1268_app.o(.data)
    Lora_Device_Sta                          0x20000082   Data           1  mw1268_app.o(.data)
    Lora_Int_Sta                             0x20000083   Data           1  mw1268_app.o(.data)
    Dire_Date                                0x20000084   Data           5  mw1268_app.o(.data)
    SystemCoreClock                          0x2000008c   Data           4  system_stm32f7xx.o(.data)
    thres_enc_private_key_string             0x20000090   Data         476  thres_enc.o(.data)
    thres_enc_public_key_string              0x2000026c   Data         610  thres_enc.o(.data)
    Enc_players                              0x200004ce   Data           1  thres_enc.o(.data)
    Enc_Thres_k                              0x200004cf   Data           1  thres_enc.o(.data)
    private_key                              0x200004d0   Data         448  utility.o(.bss)
    public_key                               0x20000690   Data         896  utility.o(.bss)
    USART_RX_BUF                             0x20000a10   Data         200  usart.o(.bss)
    UART1_Handler                            0x20000ad8   Data         136  usart.o(.bss)
    UART3RxDMA_Handler                       0x20000b60   Data          96  dma.o(.bss)
    UART3TxDMA_Handler                       0x20000bc0   Data          96  dma.o(.bss)
    ReceBuff                                 0x20000c20   Data         400  dma.o(.bss)
    DMA_buffer                               0x20000db0   Data       30000  dma.o(.bss)
    RNG_Handler                              0x200082e0   Data          16  rng.o(.bss)
    xQueueRegistry                           0x200082f0   Data          64  queue.o(.bss)
    Total_low_time                           0x20020000   Data           4  main.o(.data)
    low_flag                                 0x20020004   Data           1  main.o(.data)
    low_IDX                                  0x20020008   Data           4  main.o(.data)
    MY_TIME                                  0x2002000c   Data           4  main.o(.data)
    cur_aba_id                               0x20020010   Data           1  main.o(.data)
    state_aba                                0x20020011   Data           1  main.o(.data)
    TIM5_Exceed_Times                        0x20020014   Data           4  main.o(.data)
    TIM2_Exceed_Times                        0x20020018   Data           4  main.o(.data)
    TIM9_Exceed_Times                        0x2002001c   Data           4  main.o(.data)
    MY_Consensus_TIME                        0x20020020   Data           4  main.o(.data)
    run_round_flag                           0x20020024   Data           1  main.o(.data)
    run_round                                0x20020025   Data           1  main.o(.data)
    STATE_Set_Number                         0x20020026   Data           1  main.o(.data)
    NACK_Set_Number                          0x20020027   Data           1  main.o(.data)
    RBC_done_Number                          0x20020028   Data           1  main.o(.data)
    PRBC_done_Number                         0x20020029   Data           1  main.o(.data)
    need_EVENT_RBC_ER                        0x2002002a   Data           1  main.o(.data)
    My_CBC_Echo_Number                       0x2002002b   Data           1  main.o(.data)
    CBC_done_Number                          0x2002002c   Data           1  main.o(.data)
    My_VAL_CBC_Echo_Number                   0x2002002d   Data           1  main.o(.data)
    VAL_CBC_done_Number                      0x2002002e   Data           1  main.o(.data)
    W_arr                                    0x2002002f   Data           2  main.o(.data)
    Proposal_Packet_Size                     0x20020034   Data           4  main.o(.data)
    dec_tx_number                            0x20020038   Data           1  main.o(.data)
    dec_done_number                          0x20020039   Data           1  main.o(.data)
    RBC_init_Number                          0x2002003a   Data           1  main.o(.data)
    CBC_v_number                             0x2002003b   Data           1  main.o(.data)
    StartTask_Handler                        0x2002003c   Data           4  main.o(.data)
    EventSetBit_Handler                      0x20020040   Data           4  main.o(.data)
    EventGroupTask_Handler                   0x20020044   Data           4  main.o(.data)
    decidd_flag                              0x20020048   Data           1  main.o(.data)
    ttt                                      0x20020049   Data           1  main.o(.data)
    xxx                                      0x2002004a   Data           1  main.o(.data)
    mmm                                      0x2002004b   Data           1  main.o(.data)
    nnn                                      0x2002004c   Data           1  main.o(.data)
    public_key_string                        0x20020050   Data        2496  utility.o(.data)
    private_key_string                       0x20020a10   Data        1248  utility.o(.data)
    uwTick                                   0x20020ef8   Data           4  stm32f7xx_hal.o(.data)
    uwTickPrio                               0x20020efc   Data           4  stm32f7xx_hal.o(.data)
    uwTickFreq                               0x20020f00   Data           1  stm32f7xx_hal.o(.data)
    USART3_RX_STA                            0x20020f18   Data           2  usart3.o(.data)
    tmp_1                                    0x20020f34   Data           4  port.o(.data)
    tmp_times                                0x20020f38   Data           4  port.o(.data)
    thres_private_key_string                 0x20020f58   Data         476  thres_sig.o(.data)
    thres_public_key_string                  0x20021134   Data         610  thres_sig.o(.data)
    players                                  0x20021396   Data           1  thres_sig.o(.data)
    Thres_k                                  0x20021397   Data           1  thres_sig.o(.data)
    low_time                                 0x20021398   Data        1600  main.o(.bss)
    wfi_time                                 0x200219d8   Data        1600  main.o(.bss)
    Send_Data_buff                           0x20022018   Data         800  main.o(.bss)
    Local_ABA_votes                          0x20022338   Data         720  main.o(.bss)
    Local_ABA_votes_3_NULL                   0x20022608   Data          90  main.o(.bss)
    ACK_Local_ABA_votes                      0x20022662   Data         360  main.o(.bss)
    Local_ABA_RBC_Init                       0x200227ca   Data        3600  main.o(.bss)
    Local_ABA_RBC_Echo                       0x200235da   Data         360  main.o(.bss)
    Local_ABA_RBC_Echo_Number                0x20023742   Data        3600  main.o(.bss)
    ACK_Local_ABA_RBC_Echo                   0x20024552   Data        3600  main.o(.bss)
    Local_ABA_RBC_Ready                      0x20025362   Data         360  main.o(.bss)
    Local_ABA_RBC_Ready_Number               0x200254ca   Data        3600  main.o(.bss)
    ACK_Local_ABA_RBC_Ready                  0x200262da   Data        3600  main.o(.bss)
    Local_ABA_est                            0x200270ea   Data         360  main.o(.bss)
    Local_ABA_vset                           0x20027252   Data         720  main.o(.bss)
    STATE_Set                                0x20027522   Data          10  main.o(.bss)
    NACK_Set                                 0x2002752c   Data          10  main.o(.bss)
    ABA_decided                              0x20027536   Data          10  main.o(.bss)
    ABA_time                                 0x20027540   Data          40  main.o(.bss)
    ABA_round                                0x20027568   Data          10  main.o(.bss)
    ABA_R                                    0x20027572   Data          10  main.o(.bss)
    ABA_round_time                           0x2002757c   Data         160  main.o(.bss)
    Block                                    0x2002761c   Data        7720  main.o(.bss)
    Block_each_Size                          0x20029444   Data          40  main.o(.bss)
    hash_v                                   0x2002946c   Data         320  main.o(.bss)
    RBC_Block                                0x200295ac   Data          40  main.o(.bss)
    RBC_Block_Number                         0x200295d4   Data          10  main.o(.bss)
    RBC_Init                                 0x200295de   Data          10  main.o(.bss)
    ACK_RBC_Echo                             0x200295e8   Data         100  main.o(.bss)
    RBC_Echo                                 0x2002964c   Data          10  main.o(.bss)
    RBC_Echo_Number                          0x20029656   Data          10  main.o(.bss)
    ACK_RBC_Ready                            0x20029660   Data         100  main.o(.bss)
    RBC_Ready                                0x200296c4   Data          10  main.o(.bss)
    RBC_Ready_Number                         0x200296ce   Data          10  main.o(.bss)
    RBC_done                                 0x200296d8   Data          10  main.o(.bss)
    ACK_PRBC_share_Number                    0x200296e2   Data          10  main.o(.bss)
    ACK_PRBC_share                           0x200296ec   Data         100  main.o(.bss)
    PRBC_share                               0x20029750   Data        2100  main.o(.bss)
    PRBC_sig                                 0x20029f84   Data         210  main.o(.bss)
    tmp_block                                0x2002a056   Data         193  main.o(.bss)
    tmp_hash                                 0x2002a117   Data          32  main.o(.bss)
    CBC_v                                    0x2002a137   Data          30  main.o(.bss)
    ACK_CBC_Echo                             0x2002a155   Data          10  main.o(.bss)
    CBC_Echo                                 0x2002a15f   Data          10  main.o(.bss)
    CBC_Echo_Share                           0x2002a169   Data         210  main.o(.bss)
    My_CBC_Echo_Share                        0x2002a23b   Data         210  main.o(.bss)
    ACK_CBC_Finish                           0x2002a30d   Data          10  main.o(.bss)
    CBC_Finish_Share                         0x2002a317   Data         210  main.o(.bss)
    VAL_CBC_v                                0x2002a3e9   Data        2100  main.o(.bss)
    ACK_VAL_CBC                              0x2002ac1d   Data         100  main.o(.bss)
    ACK_VAL_CBC_Number                       0x2002ac81   Data          10  main.o(.bss)
    ACK_VAL_CBC_Echo                         0x2002ac8b   Data          10  main.o(.bss)
    VAL_CBC_Echo                             0x2002ac95   Data          10  main.o(.bss)
    VAL_CBC_Echo_Share                       0x2002ac9f   Data         210  main.o(.bss)
    My_VAL_CBC_Echo_Share                    0x2002ad71   Data         210  main.o(.bss)
    ACK_VAL_CBC_Finish                       0x2002ae43   Data          10  main.o(.bss)
    VAL_CBC_Finish_Share                     0x2002ae4d   Data         210  main.o(.bss)
    Transaction                              0x2002af1f   Data        7040  main.o(.bss)
    tx_passwd                                0x2002ca9f   Data          16  main.o(.bss)
    enc_tx_passwd                            0x2002caaf   Data         160  main.o(.bss)
    dec_tx_passwd                            0x2002cb4f   Data         160  main.o(.bss)
    tmp_tx_buff                              0x2002cbef   Data         900  main.o(.bss)
    tmp_enc_tx_buff                          0x2002cf73   Data         900  main.o(.bss)
    tmp_dec_tx_buff                          0x2002d2f7   Data         900  main.o(.bss)
    ACK_Share                                0x2002d67b   Data         100  main.o(.bss)
    Tx_Share                                 0x2002d6df   Data        2100  main.o(.bss)
    Tx_U                                     0x2002df14   Data         840  main.o(.bss)
    Tx_U_str                                 0x2002e25c   Data         210  main.o(.bss)
    Tx_W                                     0x2002e330   Data        1680  main.o(.bss)
    Tx_H                                     0x2002e9c0   Data        1680  main.o(.bss)
    Tx_shares                                0x2002f050   Data       16800  main.o(.bss)
    Tx_shares_str                            0x200331f0   Data        4200  main.o(.bss)
    Tx_shares_Number                         0x20034258   Data          10  main.o(.bss)
    dec_tx_flag                              0x20034262   Data          10  main.o(.bss)
    tmp_buff                                 0x2003426c   Data        3000  main.o(.bss)
    buff                                     0x20034e24   Data         300  main.o(.bss)
    timx_handler                             0x20034f50   Data          76  btim.o(.bss)
    tim5_handler                             0x20034f9c   Data          76  btim.o(.bss)
    tim2_handler                             0x20034fe8   Data          76  btim.o(.bss)
    tim9_handler                             0x20035034   Data          76  btim.o(.bss)
    tim10_handler                            0x20035080   Data          76  btim.o(.bss)
    hlptim1                                  0x200350cc   Data          48  btim.o(.bss)
    uart3RxBuffer                            0x200350fc   Data        1024  usart3.o(.bss)
    uart3TxBuffer                            0x200354fc   Data        1024  usart3.o(.bss)
    uart3_handler                            0x200358fc   Data         136  usart3.o(.bss)
    date                                     0x200449d4   Data          30  mw1268_app.o(.bss)
    Tran_Data                                0x200449f2   Data         800  mw1268_app.o(.bss)
    M                                        0x20044d14   Data          50  thres_sig.o(.bss)
    G1                                       0x20044d48   Data          84  thres_sig.o(.bss)
    G2                                       0x20044d9c   Data         168  thres_sig.o(.bss)
    g1                                       0x20044e44   Data          84  thres_sig.o(.bss)
    g2                                       0x20044e98   Data         168  thres_sig.o(.bss)
    a                                        0x20044f40   Data         240  thres_sig.o(.bss)
    S                                        0x20045030   Data          20  thres_sig.o(.bss)
    SECRET                                   0x20045044   Data          24  thres_sig.o(.bss)
    SKs                                      0x2004505c   Data         480  thres_sig.o(.bss)
    VK                                       0x2004523c   Data         168  thres_sig.o(.bss)
    VKs                                      0x200452e4   Data        3360  thres_sig.o(.bss)
    M_point                                  0x20046004   Data          84  thres_sig.o(.bss)
    Sigs                                     0x20046058   Data        1680  thres_sig.o(.bss)
    SIG                                      0x200466e8   Data          84  thres_sig.o(.bss)
    g1_num                                   0x2004673c   Data          24  thres_sig.o(.bss)
    Enc_SKs                                  0x20046754   Data         480  thres_enc.o(.bss)
    Enc_VK                                   0x20046934   Data         168  thres_enc.o(.bss)
    Enc_VKs                                  0x200469dc   Data        3360  thres_enc.o(.bss)
    Enc_G1                                   0x200476fc   Data          84  thres_enc.o(.bss)
    Enc_G2                                   0x20047750   Data         168  thres_enc.o(.bss)
    Enc_g1                                   0x200477f8   Data          84  thres_enc.o(.bss)
    Enc_g2                                   0x2004784c   Data         168  thres_enc.o(.bss)
    Enc_S                                    0x200478f4   Data          20  thres_enc.o(.bss)
    R_num                                    0x20047908   Data          24  thres_enc.o(.bss)
    R                                        0x20047920   Data          24  thres_enc.o(.bss)
    RES                                      0x20047938   Data          84  thres_enc.o(.bss)
    g12                                      0x2004798c   Data         168  thres_enc.o(.bss)
    pair1                                    0x20047a34   Data         340  thres_enc.o(.bss)
    g21                                      0x20047b88   Data          84  thres_enc.o(.bss)
    pair2                                    0x20047bdc   Data         340  thres_enc.o(.bss)
    U                                        0x20047d30   Data          84  thres_enc.o(.bss)
    shares                                   0x20047d84   Data        1680  thres_enc.o(.bss)
    V                                        0x20048414   Data          50  thres_enc.o(.bss)
    W                                        0x20048448   Data         168  thres_enc.o(.bss)
    H                                        0x200484f0   Data         168  thres_enc.o(.bss)
    Enc_M                                    0x20048598   Data          50  thres_enc.o(.bss)
    Enc_M_                                   0x200485ca   Data          50  thres_enc.o(.bss)
    Enc_g1_num                               0x200485fc   Data          24  thres_enc.o(.bss)
    __initial_sp                             0x20068618   Data           0  startup_stm32f767xx.o(STACK)



==============================================================================

Memory Map of the image

  Image Entry point : 0x080001f9

  Load Region LR_IROM1 (Base: 0x08000000, Size: 0x00014fc4, Max: 0x00200000, ABSOLUTE, COMPRESSED[0x000144c0])

    Execution Region ER_IROM1 (Exec base: 0x08000000, Load base: 0x08000000, Size: 0x0001375c, Max: 0x00200000, ABSOLUTE)

    Exec Addr    Load Addr    Size         Type   Attr      Idx    E Section Name        Object

    0x08000000   0x08000000   0x000001f8   Data   RO         4452    RESET               startup_stm32f767xx.o
    0x080001f8   0x080001f8   0x00000000   Code   RO        10430  * .ARM.Collect$$$$00000000  mc_w.l(entry.o)
    0x080001f8   0x080001f8   0x00000004   Code   RO        10722    .ARM.Collect$$$$00000001  mc_w.l(entry2.o)
    0x080001fc   0x080001fc   0x00000004   Code   RO        10725    .ARM.Collect$$$$00000004  mc_w.l(entry5.o)
    0x08000200   0x08000200   0x00000000   Code   RO        10727    .ARM.Collect$$$$00000008  mc_w.l(entry7b.o)
    0x08000200   0x08000200   0x00000000   Code   RO        10729    .ARM.Collect$$$$0000000A  mc_w.l(entry8b.o)
    0x08000200   0x08000200   0x00000008   Code   RO        10730    .ARM.Collect$$$$0000000B  mc_w.l(entry9a.o)
    0x08000208   0x08000208   0x00000004   Code   RO        10737    .ARM.Collect$$$$0000000E  mc_w.l(entry12b.o)
    0x0800020c   0x0800020c   0x00000000   Code   RO        10732    .ARM.Collect$$$$0000000F  mc_w.l(entry10a.o)
    0x0800020c   0x0800020c   0x00000000   Code   RO        10734    .ARM.Collect$$$$00000011  mc_w.l(entry11a.o)
    0x0800020c   0x0800020c   0x00000004   Code   RO        10723    .ARM.Collect$$$$00002712  mc_w.l(entry2.o)
    0x08000210   0x08000210   0x000000ba   Code   RO         5903    .emb_text           port.o
    0x080002ca   0x080002ca   0x00000002   PAD
    0x080002cc   0x080002cc   0x00000024   Code   RO         4453    .text               startup_stm32f767xx.o
    0x080002f0   0x080002f0   0x00000062   Code   RO        10441    .text               mc_w.l(uldiv.o)
    0x08000352   0x08000352   0x0000001e   Code   RO        10443    .text               mc_w.l(llshl.o)
    0x08000370   0x08000370   0x00000020   Code   RO        10445    .text               mc_w.l(llushr.o)
    0x08000390   0x08000390   0x00000024   Code   RO        10447    .text               mc_w.l(memcpya.o)
    0x080003b4   0x080003b4   0x00000024   Code   RO        10451    .text               mc_w.l(memseta.o)
    0x080003d8   0x080003d8   0x00000024   Code   RO        10453    .text               mc_w.l(strstr.o)
    0x080003fc   0x080003fc   0x0000000e   Code   RO        10455    .text               mc_w.l(strlen.o)
    0x0800040a   0x0800040a   0x0000002c   Code   RO        10749    .text               mc_w.l(uidiv.o)
    0x08000436   0x08000436   0x00000000   Code   RO        10751    .text               mc_w.l(iusefp.o)
    0x08000436   0x08000436   0x0000014e   Code   RO        10752    .text               mf_w.l(dadd.o)
    0x08000584   0x08000584   0x000000e4   Code   RO        10754    .text               mf_w.l(dmul.o)
    0x08000668   0x08000668   0x000000de   Code   RO        10756    .text               mf_w.l(ddiv.o)
    0x08000746   0x08000746   0x00000030   Code   RO        10758    .text               mf_w.l(dfixul.o)
    0x08000776   0x08000776   0x00000002   PAD
    0x08000778   0x08000778   0x00000030   Code   RO        10760    .text               mf_w.l(cdrcmple.o)
    0x080007a8   0x080007a8   0x00000024   Code   RO        10762    .text               mc_w.l(init.o)
    0x080007cc   0x080007cc   0x00000024   Code   RO        10765    .text               mc_w.l(llsshr.o)
    0x080007f0   0x080007f0   0x000000ba   Code   RO        10768    .text               mf_w.l(depilogue.o)
    0x080008aa   0x080008aa   0x0000005e   Code   RO        10778    .text               mc_w.l(__dclz77c.o)
    0x08000908   0x08000908   0x000003b4   Code   RO            4    i.ABA_STATE_handler  main.o
    0x08000cbc   0x08000cbc   0x0000029c   Code   RO            5    i.ABA_init          main.o
    0x08000f58   0x08000f58   0x0000004c   Code   RO         6000    i.Aux_Int           mw1268_app.o
    0x08000fa4   0x08000fa4   0x0000001e   Code   RO         8581    i.BIG_160_28_add    big_160_28.o
    0x08000fc2   0x08000fc2   0x00000054   Code   RO         8583    i.BIG_160_28_cmove  big_160_28.o
    0x08001016   0x08001016   0x0000003c   Code   RO         8584    i.BIG_160_28_comp   big_160_28.o
    0x08001052   0x08001052   0x00000016   Code   RO         8585    i.BIG_160_28_copy   big_160_28.o
    0x08001068   0x08001068   0x000000a0   Code   RO         8587    i.BIG_160_28_ctddiv  big_160_28.o
    0x08001108   0x08001108   0x00000068   Code   RO         8588    i.BIG_160_28_ctdmod  big_160_28.o
    0x08001170   0x08001170   0x0000005a   Code   RO         8589    i.BIG_160_28_ctmod  big_160_28.o
    0x080011ca   0x080011ca   0x0000001e   Code   RO         8591    i.BIG_160_28_dadd   big_160_28.o
    0x080011e8   0x080011e8   0x00000054   Code   RO         8592    i.BIG_160_28_dcmove  big_160_28.o
    0x0800123c   0x0800123c   0x00000014   Code   RO         8596    i.BIG_160_28_dec    big_160_28.o
    0x08001250   0x08001250   0x00000030   Code   RO         8602    i.BIG_160_28_dnorm  big_160_28.o
    0x08001280   0x08001280   0x00000034   Code   RO         8605    i.BIG_160_28_dscopy  big_160_28.o
    0x080012b4   0x080012b4   0x00000076   Code   RO         8606    i.BIG_160_28_dshl   big_160_28.o
    0x0800132a   0x0800132a   0x00000062   Code   RO         8607    i.BIG_160_28_dshr   big_160_28.o
    0x0800138c   0x0800138c   0x0000001e   Code   RO         8608    i.BIG_160_28_dsub   big_160_28.o
    0x080013aa   0x080013aa   0x00000028   Code   RO         8609    i.BIG_160_28_dsucopy  big_160_28.o
    0x080013d2   0x080013d2   0x00000014   Code   RO         8610    i.BIG_160_28_dzero  big_160_28.o
    0x080013e6   0x080013e6   0x00000028   Code   RO         8611    i.BIG_160_28_fromBytes  big_160_28.o
    0x0800140e   0x0800140e   0x0000004a   Code   RO         8613    i.BIG_160_28_fshl   big_160_28.o
    0x08001458   0x08001458   0x0000003e   Code   RO         8614    i.BIG_160_28_fshr   big_160_28.o
    0x08001496   0x08001496   0x00000014   Code   RO         8616    i.BIG_160_28_inc    big_160_28.o
    0x080014aa   0x080014aa   0x0000002c   Code   RO         8619    i.BIG_160_28_isunity  big_160_28.o
    0x080014d6   0x080014d6   0x00000020   Code   RO         8620    i.BIG_160_28_iszilch  big_160_28.o
    0x080014f6   0x080014f6   0x00000018   Code   RO         8622    i.BIG_160_28_lastbits  big_160_28.o
    0x0800150e   0x0800150e   0x00000028   Code   RO         8623    i.BIG_160_28_mod    big_160_28.o
    0x08001536   0x08001536   0x00000052   Code   RO         8627    i.BIG_160_28_modmul  big_160_28.o
    0x08001588   0x08001588   0x0000002e   Code   RO         8628    i.BIG_160_28_modneg  big_160_28.o
    0x080015b6   0x080015b6   0x0000043a   Code   RO         8630    i.BIG_160_28_monty  big_160_28.o
    0x080019f0   0x080019f0   0x000003b8   Code   RO         8631    i.BIG_160_28_mul    big_160_28.o
    0x08001da8   0x08001da8   0x0000004e   Code   RO         8632    i.BIG_160_28_nbits  big_160_28.o
    0x08001df6   0x08001df6   0x00000036   Code   RO         8633    i.BIG_160_28_norm   big_160_28.o
    0x08001e2c   0x08001e2c   0x00000016   Code   RO         8634    i.BIG_160_28_one    big_160_28.o
    0x08001e42   0x08001e42   0x0000002e   Code   RO         8635    i.BIG_160_28_or     big_160_28.o
    0x08001e70   0x08001e70   0x00000010   Code   RO         8637    i.BIG_160_28_parity  big_160_28.o
    0x08001e80   0x08001e80   0x00000038   Code   RO         8638    i.BIG_160_28_pmul   big_160_28.o
    0x08001eb8   0x08001eb8   0x00000016   Code   RO         8644    i.BIG_160_28_rcopy  big_160_28.o
    0x08001ece   0x08001ece   0x00000016   Code   RO         8645    i.BIG_160_28_sdcopy  big_160_28.o
    0x08001ee4   0x08001ee4   0x00000080   Code   RO         8648    i.BIG_160_28_shl    big_160_28.o
    0x08001f64   0x08001f64   0x00000066   Code   RO         8649    i.BIG_160_28_shr    big_160_28.o
    0x08001fca   0x08001fca   0x000001e0   Code   RO         8652    i.BIG_160_28_sqr    big_160_28.o
    0x080021aa   0x080021aa   0x0000009a   Code   RO         8653    i.BIG_160_28_ssn    big_160_28.o
    0x08002244   0x08002244   0x0000001e   Code   RO         8654    i.BIG_160_28_sub    big_160_28.o
    0x08002262   0x08002262   0x00000014   Code   RO         8656    i.BIG_160_28_zero   big_160_28.o
    0x08002276   0x08002276   0x00000004   Code   RO          480    i.BusFault_Handler  stm32f7xx_it.o
    0x0800227a   0x0800227a   0x00000002   PAD
    0x0800227c   0x0800227c   0x00000198   Code   RO         4460    i.DMA1_Stream1_IRQHandler  dma.o
    0x08002414   0x08002414   0x00000164   Code   RO         4461    i.DMA1_Stream3_IRQHandler  dma.o
    0x08002578   0x08002578   0x00000034   Code   RO         1288    i.DMA_CalcBaseAndBitshift  stm32f7xx_hal_dma.o
    0x080025ac   0x080025ac   0x000000aa   Code   RO         1289    i.DMA_CheckFifoParam  stm32f7xx_hal_dma.o
    0x08002656   0x08002656   0x0000002c   Code   RO         1290    i.DMA_SetConfig     stm32f7xx_hal_dma.o
    0x08002682   0x08002682   0x00000002   Code   RO          481    i.DebugMon_Handler  stm32f7xx_it.o
    0x08002684   0x08002684   0x000001f8   Code   RO         7275    i.ECP2_BN158_add    ecp2_bn158.o
    0x0800287c   0x0800287c   0x00000030   Code   RO         7278    i.ECP2_BN158_cmove  ecp2_bn158.o
    0x080028ac   0x080028ac   0x00000028   Code   RO         7279    i.ECP2_BN158_copy   ecp2_bn158.o
    0x080028d4   0x080028d4   0x00000124   Code   RO         7280    i.ECP2_BN158_dbl    ecp2_bn158.o
    0x080029f8   0x080029f8   0x0000005a   Code   RO         7282    i.ECP2_BN158_frob   ecp2_bn158.o
    0x08002a52   0x08002a52   0x000000ce   Code   RO         7283    i.ECP2_BN158_fromOctet  ecp2_bn158.o
    0x08002b20   0x08002b20   0x00000038   Code   RO         7284    i.ECP2_BN158_generator  ecp2_bn158.o
    0x08002b58   0x08002b58   0x0000001c   Code   RO         7286    i.ECP2_BN158_inf    ecp2_bn158.o
    0x08002b74   0x08002b74   0x00000218   Code   RO         7290    i.ECP2_BN158_mul4   ecp2_bn158.o
    0x08002d8c   0x08002d8c   0x00000020   Code   RO         7291    i.ECP2_BN158_neg    ecp2_bn158.o
    0x08002dac   0x08002dac   0x00000054   Code   RO         7294    i.ECP2_BN158_rhs    ecp2_bn158.o
    0x08002e00   0x08002e00   0x000000f0   Code   RO         7295    i.ECP2_BN158_select  ecp2_bn158.o
    0x08002ef0   0x08002ef0   0x0000004e   Code   RO         7296    i.ECP2_BN158_set    ecp2_bn158.o
    0x08002f3e   0x08002f3e   0x0000006e   Code   RO         7297    i.ECP2_BN158_setx   ecp2_bn158.o
    0x08002fac   0x08002fac   0x00000022   Code   RO         7298    i.ECP2_BN158_sub    ecp2_bn158.o
    0x08002fce   0x08002fce   0x00000002   PAD
    0x08002fd0   0x08002fd0   0x000001dc   Code   RO         7093    i.ECP_BN158_add     ecp_bn158.o
    0x080031ac   0x080031ac   0x00000064   Code   RO         7094    i.ECP_BN158_affine  ecp_bn158.o
    0x08003210   0x08003210   0x00000030   Code   RO         7097    i.ECP_BN158_cmove   ecp_bn158.o
    0x08003240   0x08003240   0x00000028   Code   RO         7098    i.ECP_BN158_copy    ecp_bn158.o
    0x08003268   0x08003268   0x00000114   Code   RO         7100    i.ECP_BN158_dbl     ecp_bn158.o
    0x0800337c   0x0800337c   0x0000002c   Code   RO         7103    i.ECP_BN158_generator  ecp_bn158.o
    0x080033a8   0x080033a8   0x0000001c   Code   RO         7105    i.ECP_BN158_inf     ecp_bn158.o
    0x080033c4   0x080033c4   0x0000001e   Code   RO         7106    i.ECP_BN158_isinf   ecp_bn158.o
    0x080033e2   0x080033e2   0x00000272   Code   RO         7109    i.ECP_BN158_mul2    ecp_bn158.o
    0x08003654   0x08003654   0x00000018   Code   RO         7111    i.ECP_BN158_neg     ecp_bn158.o
    0x0800366c   0x0800366c   0x00000044   Code   RO         7116    i.ECP_BN158_rhs     ecp_bn158.o
    0x080036b0   0x080036b0   0x000000f0   Code   RO         7117    i.ECP_BN158_select  ecp_bn158.o
    0x080037a0   0x080037a0   0x00000064   Code   RO         7118    i.ECP_BN158_set     ecp_bn158.o
    0x08003804   0x08003804   0x00000022   Code   RO         7120    i.ECP_BN158_sub     ecp_bn158.o
    0x08003826   0x08003826   0x00000002   PAD
    0x08003828   0x08003828   0x00000118   Code   RO         6001    i.EXTI15_10_IRQHandler  mw1268_app.o
    0x08003940   0x08003940   0x00000024   Code   RO         7679    i.FP2_BN158_add     fp2_bn158.o
    0x08003964   0x08003964   0x00000022   Code   RO         7680    i.FP2_BN158_cmove   fp2_bn158.o
    0x08003986   0x08003986   0x00000024   Code   RO         7681    i.FP2_BN158_conj    fp2_bn158.o
    0x080039aa   0x080039aa   0x00000024   Code   RO         7682    i.FP2_BN158_copy    fp2_bn158.o
    0x080039ce   0x080039ce   0x00000020   Code   RO         7685    i.FP2_BN158_equals  fp2_bn158.o
    0x080039ee   0x080039ee   0x0000001c   Code   RO         7686    i.FP2_BN158_fromBytes  fp2_bn158.o
    0x08003a0a   0x08003a0a   0x00000018   Code   RO         7687    i.FP2_BN158_from_BIG  fp2_bn158.o
    0x08003a22   0x08003a22   0x00000018   Code   RO         7689    i.FP2_BN158_from_FP  fp2_bn158.o
    0x08003a3a   0x08003a3a   0x0000001c   Code   RO         7690    i.FP2_BN158_from_FPs  fp2_bn158.o
    0x08003a56   0x08003a56   0x00000022   Code   RO         7692    i.FP2_BN158_imul    fp2_bn158.o
    0x08003a78   0x08003a78   0x00000060   Code   RO         7693    i.FP2_BN158_inv     fp2_bn158.o
    0x08003ad8   0x08003ad8   0x00000028   Code   RO         7694    i.FP2_BN158_islarger  fp2_bn158.o
    0x08003b00   0x08003b00   0x00000018   Code   RO         7696    i.FP2_BN158_iszilch  fp2_bn158.o
    0x08003b18   0x08003b18   0x000000ec   Code   RO         7697    i.FP2_BN158_mul     fp2_bn158.o
    0x08003c04   0x08003c04   0x0000003c   Code   RO         7698    i.FP2_BN158_mul_ip  fp2_bn158.o
    0x08003c40   0x08003c40   0x00000040   Code   RO         7699    i.FP2_BN158_neg     fp2_bn158.o
    0x08003c80   0x08003c80   0x00000014   Code   RO         7700    i.FP2_BN158_norm    fp2_bn158.o
    0x08003c94   0x08003c94   0x00000018   Code   RO         7701    i.FP2_BN158_one     fp2_bn158.o
    0x08003cac   0x08003cac   0x00000026   Code   RO         7704    i.FP2_BN158_qr      fp2_bn158.o
    0x08003cd2   0x08003cd2   0x0000001c   Code   RO         7707    i.FP2_BN158_rcopy   fp2_bn158.o
    0x08003cee   0x08003cee   0x00000014   Code   RO         7708    i.FP2_BN158_reduce  fp2_bn158.o
    0x08003d02   0x08003d02   0x00000028   Code   RO         7709    i.FP2_BN158_sign    fp2_bn158.o
    0x08003d2a   0x08003d2a   0x00000060   Code   RO         7710    i.FP2_BN158_sqr     fp2_bn158.o
    0x08003d8a   0x08003d8a   0x00000120   Code   RO         7711    i.FP2_BN158_sqrt    fp2_bn158.o
    0x08003eaa   0x08003eaa   0x00000020   Code   RO         7712    i.FP2_BN158_sub     fp2_bn158.o
    0x08003eca   0x08003eca   0x00000026   Code   RO         7713    i.FP2_BN158_times_i  fp2_bn158.o
    0x08003ef0   0x08003ef0   0x00000014   Code   RO         7715    i.FP2_BN158_zero    fp2_bn158.o
    0x08003f04   0x08003f04   0x0000002a   Code   RO         7447    i.FP_BN158_add      fp_bn158.o
    0x08003f2e   0x08003f2e   0x00000028   Code   RO         7448    i.FP_BN158_cmove    fp_bn158.o
    0x08003f56   0x08003f56   0x00000014   Code   RO         7449    i.FP_BN158_copy     fp_bn158.o
    0x08003f6a   0x08003f6a   0x00000002   PAD
    0x08003f6c   0x08003f6c   0x0000005c   Code   RO         7451    i.FP_BN158_div2     fp_bn158.o
    0x08003fc8   0x08003fc8   0x00000038   Code   RO         7452    i.FP_BN158_equals   fp_bn158.o
    0x08004000   0x08004000   0x0000001c   Code   RO         7453    i.FP_BN158_fromBytes  fp_bn158.o
    0x0800401c   0x0800401c   0x0000006a   Code   RO         7455    i.FP_BN158_imul     fp_bn158.o
    0x08004086   0x08004086   0x00000076   Code   RO         7456    i.FP_BN158_inv      fp_bn158.o
    0x080040fc   0x080040fc   0x00000044   Code   RO         7458    i.FP_BN158_islarger  fp_bn158.o
    0x08004140   0x08004140   0x00000026   Code   RO         7459    i.FP_BN158_isunity  fp_bn158.o
    0x08004166   0x08004166   0x00000026   Code   RO         7460    i.FP_BN158_iszilch  fp_bn158.o
    0x0800418c   0x0800418c   0x0000002c   Code   RO         7461    i.FP_BN158_mod      fp_bn158.o
    0x080041b8   0x080041b8   0x0000003e   Code   RO         7462    i.FP_BN158_mul      fp_bn158.o
    0x080041f6   0x080041f6   0x00000002   PAD
    0x080041f8   0x080041f8   0x0000004c   Code   RO         7463    i.FP_BN158_neg      fp_bn158.o
    0x08004244   0x08004244   0x0000000c   Code   RO         7464    i.FP_BN158_norm     fp_bn158.o
    0x08004250   0x08004250   0x00000030   Code   RO         7465    i.FP_BN158_nres     fp_bn158.o
    0x08004280   0x08004280   0x00000018   Code   RO         7466    i.FP_BN158_one      fp_bn158.o
    0x08004298   0x08004298   0x00000106   Code   RO         7468    i.FP_BN158_pow      fp_bn158.o
    0x0800439e   0x0800439e   0x00000002   PAD
    0x080043a0   0x080043a0   0x00000044   Code   RO         7469    i.FP_BN158_progen   fp_bn158.o
    0x080043e4   0x080043e4   0x0000004c   Code   RO         7470    i.FP_BN158_qr       fp_bn158.o
    0x08004430   0x08004430   0x0000001c   Code   RO         7473    i.FP_BN158_rcopy    fp_bn158.o
    0x0800444c   0x0800444c   0x00000022   Code   RO         7474    i.FP_BN158_redc     fp_bn158.o
    0x0800446e   0x0800446e   0x00000002   PAD
    0x08004470   0x08004470   0x00000090   Code   RO         7475    i.FP_BN158_reduce   fp_bn158.o
    0x08004500   0x08004500   0x00000026   Code   RO         7476    i.FP_BN158_sign     fp_bn158.o
    0x08004526   0x08004526   0x00000038   Code   RO         7477    i.FP_BN158_sqr      fp_bn158.o
    0x0800455e   0x0800455e   0x00000002   PAD
    0x08004560   0x08004560   0x000000e8   Code   RO         7478    i.FP_BN158_sqrt     fp_bn158.o
    0x08004648   0x08004648   0x00000020   Code   RO         7479    i.FP_BN158_sub      fp_bn158.o
    0x08004668   0x08004668   0x00000010   Code   RO         7482    i.FP_BN158_zero     fp_bn158.o
    0x08004678   0x08004678   0x00000010   Code   RO          749    i.GPIO_Pin_Set      sys.o
    0x08004688   0x08004688   0x000000ac   Code   RO         1291    i.HAL_DMA_Abort     stm32f7xx_hal_dma.o
    0x08004734   0x08004734   0x00000028   Code   RO         1292    i.HAL_DMA_Abort_IT  stm32f7xx_hal_dma.o
    0x0800475c   0x0800475c   0x0000006e   Code   RO         1293    i.HAL_DMA_DeInit    stm32f7xx_hal_dma.o
    0x080047ca   0x080047ca   0x00000006   Code   RO         1294    i.HAL_DMA_GetError  stm32f7xx_hal_dma.o
    0x080047d0   0x080047d0   0x000000ec   Code   RO         1297    i.HAL_DMA_Init      stm32f7xx_hal_dma.o
    0x080048bc   0x080048bc   0x0000009e   Code   RO         1301    i.HAL_DMA_Start_IT  stm32f7xx_hal_dma.o
    0x0800495a   0x0800495a   0x00000002   PAD
    0x0800495c   0x0800495c   0x0000020c   Code   RO         1438    i.HAL_GPIO_Init     stm32f7xx_hal_gpio.o
    0x08004b68   0x08004b68   0x00000010   Code   RO         1440    i.HAL_GPIO_ReadPin  stm32f7xx_hal_gpio.o
    0x08004b78   0x08004b78   0x0000000c   Code   RO         1442    i.HAL_GPIO_WritePin  stm32f7xx_hal_gpio.o
    0x08004b84   0x08004b84   0x0000000c   Code   RO          919    i.HAL_GetTick       stm32f7xx_hal.o
    0x08004b90   0x08004b90   0x00000030   Code   RO          926    i.HAL_Init          stm32f7xx_hal.o
    0x08004bc0   0x08004bc0   0x0000004c   Code   RO          927    i.HAL_InitTick      stm32f7xx_hal.o
    0x08004c0c   0x08004c0c   0x0000005c   Code   RO         1148    i.HAL_MPU_ConfigRegion  stm32f7xx_hal_cortex.o
    0x08004c68   0x08004c68   0x0000002c   Code   RO         1149    i.HAL_MPU_Disable   stm32f7xx_hal_cortex.o
    0x08004c94   0x08004c94   0x00000040   Code   RO         1150    i.HAL_MPU_Enable    stm32f7xx_hal_cortex.o
    0x08004cd4   0x08004cd4   0x00000002   Code   RO          929    i.HAL_MspInit       stm32f7xx_hal.o
    0x08004cd6   0x08004cd6   0x00000002   PAD
    0x08004cd8   0x08004cd8   0x0000001c   Code   RO         1152    i.HAL_NVIC_DisableIRQ  stm32f7xx_hal_cortex.o
    0x08004cf4   0x08004cf4   0x0000001a   Code   RO         1153    i.HAL_NVIC_EnableIRQ  stm32f7xx_hal_cortex.o
    0x08004d0e   0x08004d0e   0x0000007c   Code   RO         1159    i.HAL_NVIC_SetPriority  stm32f7xx_hal_cortex.o
    0x08004d8a   0x08004d8a   0x00000002   PAD
    0x08004d8c   0x08004d8c   0x00000028   Code   RO         1160    i.HAL_NVIC_SetPriorityGrouping  stm32f7xx_hal_cortex.o
    0x08004db4   0x08004db4   0x00000090   Code   RO         2417    i.HAL_PWREx_EnableOverDrive  stm32f7xx_hal_pwr_ex.o
    0x08004e44   0x08004e44   0x00000194   Code   RO         2504    i.HAL_RCC_ClockConfig  stm32f7xx_hal_rcc.o
    0x08004fd8   0x08004fd8   0x0000000c   Code   RO         2509    i.HAL_RCC_GetHCLKFreq  stm32f7xx_hal_rcc.o
    0x08004fe4   0x08004fe4   0x00000020   Code   RO         2511    i.HAL_RCC_GetPCLK1Freq  stm32f7xx_hal_rcc.o
    0x08005004   0x08005004   0x00000020   Code   RO         2512    i.HAL_RCC_GetPCLK2Freq  stm32f7xx_hal_rcc.o
    0x08005024   0x08005024   0x000000b0   Code   RO         2513    i.HAL_RCC_GetSysClockFreq  stm32f7xx_hal_rcc.o
    0x080050d4   0x080050d4   0x00000514   Code   RO         2516    i.HAL_RCC_OscConfig  stm32f7xx_hal_rcc.o
    0x080055e8   0x080055e8   0x00000086   Code   RO         2667    i.HAL_RNG_GenerateRandomNumber  stm32f7xx_hal_rng.o
    0x0800566e   0x0800566e   0x00000018   Code   RO         2670    i.HAL_RNG_GetRandomNumber  stm32f7xx_hal_rng.o
    0x08005686   0x08005686   0x00000034   Code   RO         2674    i.HAL_RNG_Init      stm32f7xx_hal_rng.o
    0x080056ba   0x080056ba   0x00000002   PAD
    0x080056bc   0x080056bc   0x00000024   Code   RO         4549    i.HAL_RNG_MspInit   rng.o
    0x080056e0   0x080056e0   0x00000028   Code   RO         1162    i.HAL_SYSTICK_CLKSourceConfig  stm32f7xx_hal_cortex.o
    0x08005708   0x08005708   0x00000034   Code   RO         1164    i.HAL_SYSTICK_Config  stm32f7xx_hal_cortex.o
    0x0800573c   0x0800573c   0x00000002   Code   RO         3494    i.HAL_TIMEx_Break2Callback  stm32f7xx_hal_tim_ex.o
    0x0800573e   0x0800573e   0x00000002   Code   RO         3495    i.HAL_TIMEx_BreakCallback  stm32f7xx_hal_tim_ex.o
    0x08005740   0x08005740   0x00000002   Code   RO         3496    i.HAL_TIMEx_CommutCallback  stm32f7xx_hal_tim_ex.o
    0x08005742   0x08005742   0x0000006e   Code   RO         2769    i.HAL_TIM_Base_Init  stm32f7xx_hal_tim.o
    0x080057b0   0x080057b0   0x0000012c   Code   RO         4595    i.HAL_TIM_Base_MspInit  btim.o
    0x080058dc   0x080058dc   0x000000b4   Code   RO         2774    i.HAL_TIM_Base_Start_IT  stm32f7xx_hal_tim.o
    0x08005990   0x08005990   0x00000002   Code   RO         2803    i.HAL_TIM_IC_CaptureCallback  stm32f7xx_hal_tim.o
    0x08005992   0x08005992   0x000001b8   Code   RO         2817    i.HAL_TIM_IRQHandler  stm32f7xx_hal_tim.o
    0x08005b4a   0x08005b4a   0x00000002   Code   RO         2820    i.HAL_TIM_OC_DelayElapsedCallback  stm32f7xx_hal_tim.o
    0x08005b4c   0x08005b4c   0x00000002   Code   RO         2847    i.HAL_TIM_PWM_PulseFinishedCallback  stm32f7xx_hal_tim.o
    0x08005b4e   0x08005b4e   0x00000002   PAD
    0x08005b50   0x08005b50   0x00000140   Code   RO         4596    i.HAL_TIM_PeriodElapsedCallback  btim.o
    0x08005c90   0x08005c90   0x00000002   Code   RO         2860    i.HAL_TIM_TriggerCallback  stm32f7xx_hal_tim.o
    0x08005c92   0x08005c92   0x00000002   Code   RO         3788    i.HAL_UARTEx_RxEventCallback  stm32f7xx_hal_uart.o
    0x08005c94   0x08005c94   0x00000002   Code   RO         3789    i.HAL_UARTEx_WakeupCallback  stm32f7xx_hal_uart.o
    0x08005c96   0x08005c96   0x000000b6   Code   RO         3801    i.HAL_UART_DMAStop  stm32f7xx_hal_uart.o
    0x08005d4c   0x08005d4c   0x00000002   Code   RO         3805    i.HAL_UART_ErrorCallback  stm32f7xx_hal_uart.o
    0x08005d4e   0x08005d4e   0x0000000e   Code   RO         3807    i.HAL_UART_GetState  stm32f7xx_hal_uart.o
    0x08005d5c   0x08005d5c   0x00000350   Code   RO         3808    i.HAL_UART_IRQHandler  stm32f7xx_hal_uart.o
    0x080060ac   0x080060ac   0x00000074   Code   RO         3809    i.HAL_UART_Init     stm32f7xx_hal_uart.o
    0x08006120   0x08006120   0x00000002   Code   RO          445    i.HAL_UART_MspInit  stm32f7xx_hal_msp.o
    0x08006122   0x08006122   0x00000050   Code   RO         3813    i.HAL_UART_Receive_DMA  stm32f7xx_hal_uart.o
    0x08006172   0x08006172   0x00000050   Code   RO         3814    i.HAL_UART_Receive_IT  stm32f7xx_hal_uart.o
    0x080061c2   0x080061c2   0x00000002   PAD
    0x080061c4   0x080061c4   0x00000088   Code   RO          843    i.HAL_UART_RxCpltCallback  usart.o
    0x0800624c   0x0800624c   0x00000002   Code   RO         3817    i.HAL_UART_RxHalfCpltCallback  stm32f7xx_hal_uart.o
    0x0800624e   0x0800624e   0x000000b2   Code   RO         3818    i.HAL_UART_Transmit  stm32f7xx_hal_uart.o
    0x08006300   0x08006300   0x00000002   Code   RO         3821    i.HAL_UART_TxCpltCallback  stm32f7xx_hal_uart.o
    0x08006302   0x08006302   0x0000007a   Code   RO         9160    i.HASH256_hash      hash.o
    0x0800637c   0x0800637c   0x00000064   Code   RO         9161    i.HASH256_init      hash.o
    0x080063e0   0x080063e0   0x00000052   Code   RO         9162    i.HASH256_process   hash.o
    0x08006432   0x08006432   0x00000002   PAD
    0x08006434   0x08006434   0x000001f8   Code   RO         9163    i.HASH256_transform  hash.o
    0x0800662c   0x0800662c   0x00000004   Code   RO          482    i.HardFault_Handler  stm32f7xx_it.o
    0x08006630   0x08006630   0x00000058   Code   RO         4519    i.LED_Init          led.o
    0x08006688   0x08006688   0x00000284   Code   RO         6002    i.LoRa_Init         mw1268_app.o
    0x0800690c   0x0800690c   0x00000028   Code   RO         6004    i.LoRa_SendData     mw1268_app.o
    0x08006934   0x08006934   0x0000021c   Code   RO         6005    i.LoRa_Set          mw1268_app.o
    0x08006b50   0x08006b50   0x0000004e   Code   RO          614    i.MPU_Config        utility.o
    0x08006b9e   0x08006b9e   0x00000002   PAD
    0x08006ba0   0x08006ba0   0x000000c0   Code   RO         4462    i.MYDMA_Config_Rece  dma.o
    0x08006c60   0x08006c60   0x00000004   Code   RO          483    i.MemManage_Handler  stm32f7xx_it.o
    0x08006c64   0x08006c64   0x00000002   Code   RO          484    i.NMI_Handler       stm32f7xx_it.o
    0x08006c66   0x08006c66   0x00000002   PAD
    0x08006c68   0x08006c68   0x00000010   Code   RO         1166    i.NVIC_GetPriorityGrouping  stm32f7xx_hal_cortex.o
    0x08006c78   0x08006c78   0x00000028   Code   RO         1167    i.NVIC_SetPriority  stm32f7xx_hal_cortex.o
    0x08006ca0   0x08006ca0   0x00001628   Code   RO            9    i.PACKET_handler    main.o
    0x080082c8   0x080082c8   0x000000c4   Code   RO         8445    i.PAIR_BN158_G1mul  pair_bn158.o
    0x0800838c   0x0800838c   0x00000124   Code   RO         8447    i.PAIR_BN158_G2mul  pair_bn158.o
    0x080084b0   0x080084b0   0x000000c0   Code   RO          615    i.PostSleepProcessing  utility.o
    0x08008570   0x08008570   0x00000050   Code   RO          616    i.PreSleepProcessing  utility.o
    0x080085c0   0x080085c0   0x00000010   Code   RO         4550    i.RNG_Get_RandomNum  rng.o
    0x080085d0   0x080085d0   0x00000048   Code   RO         4552    i.RNG_Init          rng.o
    0x08008618   0x08008618   0x0000002a   Code   RO          618    i.Sixteen2Ten       utility.o
    0x08008642   0x08008642   0x00000002   PAD
    0x08008644   0x08008644   0x00000038   Code   RO         5904    i.SysTick_Handler   port.o
    0x0800867c   0x0800867c   0x00000070   Code   RO          619    i.SystemClock_Config  utility.o
    0x080086ec   0x080086ec   0x00000014   Code   RO         6110    i.SystemInit        system_stm32f7xx.o
    0x08008700   0x08008700   0x00000010   Code   RO         4598    i.TIM1_BRK_TIM9_IRQHandler  btim.o
    0x08008710   0x08008710   0x00000010   Code   RO         4599    i.TIM1_UP_TIM10_IRQHandler  btim.o
    0x08008720   0x08008720   0x00000010   Code   RO         4600    i.TIM2_IRQHandler   btim.o
    0x08008730   0x08008730   0x00000010   Code   RO         4602    i.TIM5_IRQHandler   btim.o
    0x08008740   0x08008740   0x00000010   Code   RO         4603    i.TIM7_IRQHandler   btim.o
    0x08008750   0x08008750   0x000000d8   Code   RO         2862    i.TIM_Base_SetConfig  stm32f7xx_hal_tim.o
    0x08008828   0x08008828   0x000000f8   Code   RO         3823    i.UART_AdvFeatureConfig  stm32f7xx_hal_uart.o
    0x08008920   0x08008920   0x00000076   Code   RO         3824    i.UART_CheckIdleState  stm32f7xx_hal_uart.o
    0x08008996   0x08008996   0x00000018   Code   RO         3825    i.UART_DMAAbortOnError  stm32f7xx_hal_uart.o
    0x080089ae   0x080089ae   0x0000005c   Code   RO         3826    i.UART_DMAError     stm32f7xx_hal_uart.o
    0x08008a0a   0x08008a0a   0x000000ae   Code   RO         3827    i.UART_DMAReceiveCplt  stm32f7xx_hal_uart.o
    0x08008ab8   0x08008ab8   0x00000026   Code   RO         3829    i.UART_DMARxHalfCplt  stm32f7xx_hal_uart.o
    0x08008ade   0x08008ade   0x00000066   Code   RO         3835    i.UART_EndRxTransfer  stm32f7xx_hal_uart.o
    0x08008b44   0x08008b44   0x0000002e   Code   RO         3836    i.UART_EndTransmit_IT  stm32f7xx_hal_uart.o
    0x08008b72   0x08008b72   0x00000020   Code   RO         3837    i.UART_EndTxTransfer  stm32f7xx_hal_uart.o
    0x08008b92   0x08008b92   0x000000d4   Code   RO         3838    i.UART_RxISR_16BIT  stm32f7xx_hal_uart.o
    0x08008c66   0x08008c66   0x000000d0   Code   RO         3839    i.UART_RxISR_8BIT   stm32f7xx_hal_uart.o
    0x08008d36   0x08008d36   0x00000002   PAD
    0x08008d38   0x08008d38   0x0000033c   Code   RO         3840    i.UART_SetConfig    stm32f7xx_hal_uart.o
    0x08009074   0x08009074   0x000000c0   Code   RO         3841    i.UART_Start_Receive_DMA  stm32f7xx_hal_uart.o
    0x08009134   0x08009134   0x000000f4   Code   RO         3842    i.UART_Start_Receive_IT  stm32f7xx_hal_uart.o
    0x08009228   0x08009228   0x000000fc   Code   RO         3845    i.UART_WaitOnFlagUntilTimeout  stm32f7xx_hal_uart.o
    0x08009324   0x08009324   0x00000050   Code   RO          844    i.USART1_IRQHandler  usart.o
    0x08009374   0x08009374   0x0000007c   Code   RO         4800    i.USART3_IRQHandler  usart3.o
    0x080093f0   0x080093f0   0x00000004   Code   RO          485    i.UsageFault_Handler  stm32f7xx_it.o
    0x080093f4   0x080093f4   0x0000007c   Code   RO         6007    i.User_GpioInit     mw1268_app.o
    0x08009470   0x08009470   0x00000060   Code   RO         6145    i._Z12regularize_kPKjPjS1_PK12uECC_Curve_t  uecc.o
    0x080094d0   0x080094d0   0x00000040   Code   RO         6146    i._Z12uECC_vli_addPjPKjS1_a  uecc.o
    0x08009510   0x08009510   0x00000042   Code   RO         6147    i._Z12uECC_vli_cmpPKjS0_a  uecc.o
    0x08009552   0x08009552   0x0000001a   Code   RO         6148    i._Z12uECC_vli_setPjPKja  uecc.o
    0x0800956c   0x0800956c   0x00000042   Code   RO         6149    i._Z12uECC_vli_subPjPKjS1_a  uecc.o
    0x080095ae   0x080095ae   0x000001ae   Code   RO         6150    i._Z13EccPoint_multPjPKjS1_S1_sPK12uECC_Curve_t  uecc.o
    0x0800975c   0x0800975c   0x00000142   Code   RO         6151    i._Z13uECC_vli_mmodPjS_PKja  uecc.o
    0x0800989e   0x0800989e   0x000000ae   Code   RO         6152    i._Z13uECC_vli_multPjPKjS1_a  uecc.o
    0x0800994c   0x0800994c   0x00000020   Code   RO         6153    i._Z13vli_numDigitsPKja  uecc.o
    0x0800996c   0x0800996c   0x00000016   Code   RO         6154    i._Z14uECC_vli_clearPja  uecc.o
    0x08009982   0x08009982   0x0000002c   Code   RO         6155    i._Z14uECC_vli_equalPKjS0_a  uecc.o
    0x080099ae   0x080099ae   0x00000002   PAD
    0x080099b0   0x080099b0   0x00000058   Code   RO         6156    i._Z14x_side_defaultPjPKjPK12uECC_Curve_t  uecc.o
    0x08009a08   0x08009a08   0x00000024   Code   RO         6157    i._Z15uECC_vli_isZeroPKja  uecc.o
    0x08009a2c   0x08009a2c   0x00000040   Code   RO         6158    i._Z15uECC_vli_modAddPjPKjS1_S1_a  uecc.o
    0x08009a6c   0x08009a6c   0x00000132   Code   RO         6159    i._Z15uECC_vli_modInvPjPKjS1_a  uecc.o
    0x08009b9e   0x08009b9e   0x00000034   Code   RO         6160    i._Z15uECC_vli_modSubPjPKjS1_S1_a  uecc.o
    0x08009bd2   0x08009bd2   0x00000002   PAD
    0x08009bd4   0x08009bd4   0x00000080   Code   RO         6161    i._Z16mod_sqrt_defaultPjPK12uECC_Curve_t  uecc.o
    0x08009c54   0x08009c54   0x0000018c   Code   RO         6162    i._Z16uECC_sign_with_kPKhS0_jPjPhPK12uECC_Curve_t  uecc.o
    0x08009de0   0x08009de0   0x00000030   Code   RO         6164    i._Z16uECC_vli_modMultPjPKjS1_S1_a  uecc.o
    0x08009e10   0x08009e10   0x00000036   Code   RO         6165    i._Z16uECC_vli_numBitsPKja  uecc.o
    0x08009e46   0x08009e46   0x00000022   Code   RO         6166    i._Z16uECC_vli_rshift1Pja  uecc.o
    0x08009e68   0x08009e68   0x00000016   Code   RO         6167    i._Z16uECC_vli_testBitPKjs  uecc.o
    0x08009e7e   0x08009e7e   0x00000032   Code   RO         6168    i._Z16x_side_secp256k1PjPKjPK12uECC_Curve_t  uecc.o
    0x08009eb0   0x08009eb0   0x00000040   Code   RO         6169    i._Z17vli_modInv_updatePjPKja  uecc.o
    0x08009ef0   0x08009ef0   0x00000098   Code   RO         6170    i._Z18mod_sqrt_secp224r1PjPK12uECC_Curve_t  uecc.o
    0x08009f88   0x08009f88   0x00000074   Code   RO         6171    i._Z19XYcZ_initial_doublePjS_S_S_PKjPK12uECC_Curve_t  uecc.o
    0x08009ffc   0x08009ffc   0x0000003a   Code   RO         6172    i._Z19uECC_vli_cmp_unsafePKjS0_a  uecc.o
    0x0800a036   0x0800a036   0x0000004e   Code   RO         6173    i._Z20omega_mult_secp160r1PjPKj  uecc.o
    0x0800a084   0x0800a084   0x00000044   Code   RO         6174    i._Z20omega_mult_secp256k1PjPKj  uecc.o
    0x0800a0c8   0x0800a0c8   0x000000c4   Code   RO         6175    i._Z21mod_sqrt_secp224r1_rmPjS_S_PKjS1_S1_S1_S1_  uecc.o
    0x0800a18c   0x0800a18c   0x000000b4   Code   RO         6176    i._Z21mod_sqrt_secp224r1_rpPjS_S_PKjS1_  uecc.o
    0x0800a240   0x0800a240   0x00000088   Code   RO         6177    i._Z21mod_sqrt_secp224r1_rsPjS_S_PKjS1_S1_  uecc.o
    0x0800a2c8   0x0800a2c8   0x00000028   Code   RO         6178    i._Z21uECC_vli_modMult_fastPjPKjS1_PK12uECC_Curve_t  uecc.o
    0x0800a2f0   0x0800a2f0   0x00000058   Code   RO         6179    i._Z22mod_sqrt_secp224r1_rssPjS_S_PKjS1_S1_s  uecc.o
    0x0800a348   0x0800a348   0x0000004a   Code   RO         6180    i._Z22uECC_vli_bytesToNativePjPKhi  uecc.o
    0x0800a392   0x0800a392   0x00000024   Code   RO         6181    i._Z22uECC_vli_nativeToBytesPhiPKj  uecc.o
    0x0800a3b6   0x0800a3b6   0x00000154   Code   RO         6182    i._Z23double_jacobian_defaultPjS_S_PK12uECC_Curve_t  uecc.o
    0x0800a50a   0x0800a50a   0x00000016   Code   RO         6183    i._Z23uECC_vli_modSquare_fastPjPKjPK12uECC_Curve_t  uecc.o
    0x0800a520   0x0800a520   0x00000084   Code   RO         6184    i._Z23vli_mmod_fast_secp160r1PjS_  uecc.o
    0x0800a5a4   0x0800a5a4   0x0000009c   Code   RO         6185    i._Z23vli_mmod_fast_secp192r1PjS_  uecc.o
    0x0800a640   0x0800a640   0x000000e8   Code   RO         6186    i._Z23vli_mmod_fast_secp224r1PjS_  uecc.o
    0x0800a728   0x0800a728   0x00000084   Code   RO         6187    i._Z23vli_mmod_fast_secp256k1PjS_  uecc.o
    0x0800a7ac   0x0800a7ac   0x000001c8   Code   RO         6188    i._Z23vli_mmod_fast_secp256r1PjS_  uecc.o
    0x0800a974   0x0800a974   0x00000078   Code   RO         6189    i._Z24uECC_generate_random_intPjPKja  uecc.o
    0x0800a9ec   0x0800a9ec   0x00000100   Code   RO         6190    i._Z25double_jacobian_secp256k1PjS_S_PK12uECC_Curve_t  uecc.o
    0x0800aaec   0x0800aaec   0x0000000e   Code   RO         6192    i._Z4smaxss         uecc.o
    0x0800aafa   0x0800aafa   0x0000004e   Code   RO         6193    i._Z6muladdjjPjS_S_  uecc.o
    0x0800ab48   0x0800ab48   0x0000003e   Code   RO         6194    i._Z7apply_zPjS_PKjPK12uECC_Curve_t  uecc.o
    0x0800ab86   0x0800ab86   0x000000ca   Code   RO         6195    i._Z8XYcZ_addPjS_S_S_PK12uECC_Curve_t  uecc.o
    0x0800ac50   0x0800ac50   0x000000a8   Code   RO         6196    i._Z8bits2intPjPKhjPK12uECC_Curve_t  uecc.o
    0x0800acf8   0x0800acf8   0x00000118   Code   RO         6199    i._Z9XYcZ_addCPjS_S_S_PK12uECC_Curve_t  uecc.o
    0x0800ae10   0x0800ae10   0x00000020   Code   RO        10694    i.__0printf         mc_w.l(printfa.o)
    0x0800ae30   0x0800ae30   0x00000028   Code   RO        10696    i.__0sprintf        mc_w.l(printfa.o)
    0x0800ae58   0x0800ae58   0x00000024   Code   RO        10700    i.__0vsprintf       mc_w.l(printfa.o)
    0x0800ae7c   0x0800ae7c   0x0000000e   Code   RO        10772    i.__scatterload_copy  mc_w.l(handlers.o)
    0x0800ae8a   0x0800ae8a   0x00000002   Code   RO        10773    i.__scatterload_null  mc_w.l(handlers.o)
    0x0800ae8c   0x0800ae8c   0x0000000e   Code   RO        10774    i.__scatterload_zeroinit  mc_w.l(handlers.o)
    0x0800ae9a   0x0800ae9a   0x00000002   PAD
    0x0800ae9c   0x0800ae9c   0x00000184   Code   RO        10701    i._fp_digits        mc_w.l(printfa.o)
    0x0800b020   0x0800b020   0x000006b4   Code   RO        10702    i._printf_core      mc_w.l(printfa.o)
    0x0800b6d4   0x0800b6d4   0x00000024   Code   RO        10703    i._printf_post_padding  mc_w.l(printfa.o)
    0x0800b6f8   0x0800b6f8   0x0000002e   Code   RO        10704    i._printf_pre_padding  mc_w.l(printfa.o)
    0x0800b726   0x0800b726   0x0000000a   Code   RO        10706    i._sputc            mc_w.l(printfa.o)
    0x0800b730   0x0800b730   0x0000002c   Code   RO         4611    i.btim_tim2_int_init  btim.o
    0x0800b75c   0x0800b75c   0x00000034   Code   RO         4614    i.btim_tim5_enable  btim.o
    0x0800b790   0x0800b790   0x0000002c   Code   RO         4615    i.btim_tim5_int_init  btim.o
    0x0800b7bc   0x0800b7bc   0x0000000c   Code   RO         4621    i.btim_timx_counterset  btim.o
    0x0800b7c8   0x0800b7c8   0x00000034   Code   RO         4622    i.btim_timx_enable  btim.o
    0x0800b7fc   0x0800b7fc   0x0000002c   Code   RO         4623    i.btim_timx_int_init  btim.o
    0x0800b828   0x0800b828   0x00000044   Code   RO          700    i.delay_init        delay.o
    0x0800b86c   0x0800b86c   0x00000040   Code   RO          701    i.delay_ms          delay.o
    0x0800b8ac   0x0800b8ac   0x00000048   Code   RO          702    i.delay_us          delay.o
    0x0800b8f4   0x0800b8f4   0x0000003c   Code   RO         5305    i.eTaskConfirmSleepModeStatus  tasks.o
    0x0800b930   0x0800b930   0x000000a4   Code   RO           21    i.eventgroup_task   main.o
    0x0800b9d4   0x0800b9d4   0x00000028   Code   RO           22    i.eventsetbit_task  main.o
    0x0800b9fc   0x0800b9fc   0x0000001c   Code   RO          846    i.fputc             usart.o
    0x0800ba18   0x0800ba18   0x000000f4   Code   RO         8465    i.glv               pair_bn158.o
    0x0800bb0c   0x0800bb0c   0x000000f4   Code   RO         8466    i.gs                pair_bn158.o
    0x0800bc00   0x0800bc00   0x00000034   Code   RO           23    i.init              main.o
    0x0800bc34   0x0800bc34   0x000000d0   Code   RO          621    i.init_public_key   utility.o
    0x0800bd04   0x0800bd04   0x00000374   Code   RO         6869    i.init_thres_enc    thres_enc.o
    0x0800c078   0x0800c078   0x000002c8   Code   RO         6738    i.init_thres_sig    thres_sig.o
    0x0800c340   0x0800c340   0x00000042   Code   RO         7483    i.logb2             fp_bn158.o
    0x0800c382   0x0800c382   0x00000002   PAD
    0x0800c384   0x0800c384   0x00000034   Code   RO         6079    i.lora_check_cmd    mw1268_uart.o
    0x0800c3b8   0x0800c3b8   0x00000080   Code   RO         6080    i.lora_send_cmd     mw1268_uart.o
    0x0800c438   0x0800c438   0x0000004c   Code   RO           24    i.main              main.o
    0x0800c484   0x0800c484   0x0000002e   Code   RO         8658    i.muladd_160_28     big_160_28.o
    0x0800c4b2   0x0800c4b2   0x00000044   Code   RO          622    i.my_RNG            utility.o
    0x0800c4f6   0x0800c4f6   0x00000002   PAD
    0x0800c4f8   0x0800c4f8   0x00000098   Code   RO         5308    i.prvAddCurrentTaskToDelayedList  tasks.o
    0x0800c590   0x0800c590   0x000000b8   Code   RO         5309    i.prvAddNewTaskToReadyList  tasks.o
    0x0800c648   0x0800c648   0x00000064   Code   RO         5700    i.prvCheckForValidListAndQueue  timers.o
    0x0800c6ac   0x0800c6ac   0x00000064   Code   RO         5310    i.prvCheckTasksWaitingTermination  tasks.o
    0x0800c710   0x0800c710   0x0000002a   Code   RO         5059    i.prvCopyDataFromQueue  queue.o
    0x0800c73a   0x0800c73a   0x0000007c   Code   RO         5060    i.prvCopyDataToQueue  queue.o
    0x0800c7b6   0x0800c7b6   0x00000012   Code   RO         5311    i.prvDeleteTCB      tasks.o
    0x0800c7c8   0x0800c7c8   0x0000004c   Code   RO         5312    i.prvGetExpectedIdleTime  tasks.o
    0x0800c814   0x0800c814   0x00000028   Code   RO         5701    i.prvGetNextExpireTime  timers.o
    0x0800c83c   0x0800c83c   0x0000007c   Code   RO         5842    i.prvHeapInit       heap_4.o
    0x0800c8b8   0x0800c8b8   0x00000098   Code   RO         5313    i.prvIdleTask       tasks.o
    0x0800c950   0x0800c950   0x0000002e   Code   RO         5062    i.prvInitialiseNewQueue  queue.o
    0x0800c97e   0x0800c97e   0x00000002   PAD
    0x0800c980   0x0800c980   0x000000d0   Code   RO         5314    i.prvInitialiseNewTask  tasks.o
    0x0800ca50   0x0800ca50   0x00000068   Code   RO         5315    i.prvInitialiseTaskLists  tasks.o
    0x0800cab8   0x0800cab8   0x00000068   Code   RO         5843    i.prvInsertBlockIntoFreeList  heap_4.o
    0x0800cb20   0x0800cb20   0x00000058   Code   RO         5703    i.prvInsertTimerInActiveList  timers.o
    0x0800cb78   0x0800cb78   0x0000001a   Code   RO         5063    i.prvIsQueueEmpty   queue.o
    0x0800cb92   0x0800cb92   0x0000001e   Code   RO         5064    i.prvIsQueueFull    queue.o
    0x0800cbb0   0x0800cbb0   0x000000a0   Code   RO         5065    i.prvNotifyQueueSetContainer  queue.o
    0x0800cc50   0x0800cc50   0x00000080   Code   RO         5704    i.prvProcessExpiredTimer  timers.o
    0x0800ccd0   0x0800ccd0   0x0000012c   Code   RO         5705    i.prvProcessReceivedCommands  timers.o
    0x0800cdfc   0x0800cdfc   0x00000074   Code   RO         5706    i.prvProcessTimerOrBlockTask  timers.o
    0x0800ce70   0x0800ce70   0x00000034   Code   RO         5317    i.prvResetNextTaskUnblockTime  tasks.o
    0x0800cea4   0x0800cea4   0x0000002c   Code   RO         5707    i.prvSampleTimeNow  timers.o
    0x0800ced0   0x0800ced0   0x000000bc   Code   RO         5708    i.prvSwitchTimerLists  timers.o
    0x0800cf8c   0x0800cf8c   0x0000007c   Code   RO         5905    i.prvTaskExitError  port.o
    0x0800d008   0x0800d008   0x0000001a   Code   RO         5709    i.prvTimerTask      timers.o
    0x0800d022   0x0800d022   0x00000092   Code   RO         5066    i.prvUnlockQueue    queue.o
    0x0800d0b4   0x0800d0b4   0x00000154   Code   RO         5844    i.pvPortMalloc      heap_4.o
    0x0800d208   0x0800d208   0x00000020   Code   RO         5321    i.pvTaskIncrementMutexHeldCount  tasks.o
    0x0800d228   0x0800d228   0x0000002c   Code   RO         5906    i.pxPortInitialiseStack  port.o
    0x0800d254   0x0800d254   0x0000003e   Code   RO         7484    i.quo               fp_bn158.o
    0x0800d292   0x0800d292   0x00000032   Code   RO         6643    i.sha2              sha2.o
    0x0800d2c4   0x0800d2c4   0x00000134   Code   RO         6645    i.sha2_finish       sha2.o
    0x0800d3f8   0x0800d3f8   0x0000345c   Code   RO         6650    i.sha2_process      sha2.o
    0x08010854   0x08010854   0x00000090   Code   RO         6651    i.sha2_starts       sha2.o
    0x080108e4   0x080108e4   0x00000080   Code   RO         6652    i.sha2_update       sha2.o
    0x08010964   0x08010964   0x00000054   Code   RO         6740    i.sign_data         thres_sig.o
    0x080109b8   0x080109b8   0x000000c0   Code   RO           25    i.start_task        main.o
    0x08010a78   0x08010a78   0x00000010   Code   RO         7122    i.teq               ecp_bn158.o
    0x08010a88   0x08010a88   0x00000010   Code   RO         7300    i.teq               ecp2_bn158.o
    0x08010a98   0x08010a98   0x00000008   Code   RO         6207    i.uECC_secp160r1    uecc.o
    0x08010aa0   0x08010aa0   0x0000000c   Code   RO         6212    i.uECC_set_rng      uecc.o
    0x08010aac   0x08010aac   0x0000005a   Code   RO         6214    i.uECC_sign         uecc.o
    0x08010b06   0x08010b06   0x000002d0   Code   RO         6217    i.uECC_verify       uecc.o
    0x08010dd6   0x08010dd6   0x00000002   PAD
    0x08010dd8   0x08010dd8   0x000000c0   Code   RO         4801    i.usart3_bpsset     usart3.o
    0x08010e98   0x08010e98   0x00000078   Code   RO         4802    i.usart3_gpioinit   usart3.o
    0x08010f10   0x08010f10   0x00000068   Code   RO         4803    i.usart3_init       usart3.o
    0x08010f78   0x08010f78   0x00000044   Code   RO         4804    i.usart3_rx         usart3.o
    0x08010fbc   0x08010fbc   0x0000003c   Code   RO         4805    i.usart3_sendData   usart3.o
    0x08010ff8   0x08010ff8   0x00000028   Code   RO         5010    i.uxListRemove      list.o
    0x08011020   0x08011020   0x0000001a   Code   RO         5011    i.vListInitialise   list.o
    0x0801103a   0x0801103a   0x00000006   Code   RO         5012    i.vListInitialiseItem  list.o
    0x08011040   0x08011040   0x00000034   Code   RO         5013    i.vListInsert       list.o
    0x08011074   0x08011074   0x00000018   Code   RO         5014    i.vListInsertEnd    list.o
    0x0801108c   0x0801108c   0x00000090   Code   RO         5908    i.vPortEnterCritical  port.o
    0x0801111c   0x0801111c   0x00000074   Code   RO         5909    i.vPortExitCritical  port.o
    0x08011190   0x08011190   0x000000b8   Code   RO         5845    i.vPortFree         heap_4.o
    0x08011248   0x08011248   0x0000005c   Code   RO         5910    i.vPortSetupTimerInterrupt  port.o
    0x080112a4   0x080112a4   0x000001bc   Code   RO         5911    i.vPortSuppressTicksAndSleep  port.o
    0x08011460   0x08011460   0x000000a4   Code   RO         5912    i.vPortValidateInterruptPriority  port.o
    0x08011504   0x08011504   0x0000002c   Code   RO         5072    i.vQueueAddToRegistry  queue.o
    0x08011530   0x08011530   0x0000004a   Code   RO         5076    i.vQueueWaitForMessageRestricted  queue.o
    0x0801157a   0x0801157a   0x00000002   PAD
    0x0801157c   0x0801157c   0x00000074   Code   RO         5329    i.vTaskDelay        tasks.o
    0x080115f0   0x080115f0   0x0000010c   Code   RO         5331    i.vTaskDelete       tasks.o
    0x080116fc   0x080116fc   0x0000000c   Code   RO         5335    i.vTaskMissedYield  tasks.o
    0x08011708   0x08011708   0x00000054   Code   RO         5337    i.vTaskPlaceOnEventList  tasks.o
    0x0801175c   0x0801175c   0x0000005c   Code   RO         5338    i.vTaskPlaceOnEventListRestricted  tasks.o
    0x080117b8   0x080117b8   0x000000b0   Code   RO         5340    i.vTaskPriorityInherit  tasks.o
    0x08011868   0x08011868   0x0000004c   Code   RO         5344    i.vTaskSetTimeOutState  tasks.o
    0x080118b4   0x080118b4   0x000000b0   Code   RO         5345    i.vTaskStartScheduler  tasks.o
    0x08011964   0x08011964   0x00000060   Code   RO         5346    i.vTaskStepTick     tasks.o
    0x080119c4   0x080119c4   0x00000010   Code   RO         5348    i.vTaskSuspendAll   tasks.o
    0x080119d4   0x080119d4   0x000000a8   Code   RO         5349    i.vTaskSwitchContext  tasks.o
    0x08011a7c   0x08011a7c   0x00000118   Code   RO         5913    i.xPortStartScheduler  port.o
    0x08011b94   0x08011b94   0x00000074   Code   RO         5081    i.xQueueGenericCreate  queue.o
    0x08011c08   0x08011c08   0x000001c8   Code   RO         5082    i.xQueueGenericReceive  queue.o
    0x08011dd0   0x08011dd0   0x000000b0   Code   RO         5083    i.xQueueGenericReset  queue.o
    0x08011e80   0x08011e80   0x000001c4   Code   RO         5084    i.xQueueGenericSend  queue.o
    0x08012044   0x08012044   0x00000114   Code   RO         5085    i.xQueueGenericSendFromISR  queue.o
    0x08012158   0x08012158   0x000000a0   Code   RO         5350    i.xTaskCheckForTimeOut  tasks.o
    0x080121f8   0x080121f8   0x00000060   Code   RO         5351    i.xTaskCreate       tasks.o
    0x08012258   0x08012258   0x00000118   Code   RO         5352    i.xTaskGenericNotify  tasks.o
    0x08012370   0x08012370   0x00000158   Code   RO         5353    i.xTaskGenericNotifyFromISR  tasks.o
    0x080124c8   0x080124c8   0x00000020   Code   RO         5355    i.xTaskGetSchedulerState  tasks.o
    0x080124e8   0x080124e8   0x0000000c   Code   RO         5356    i.xTaskGetTickCount  tasks.o
    0x080124f4   0x080124f4   0x00000160   Code   RO         5358    i.xTaskIncrementTick  tasks.o
    0x08012654   0x08012654   0x000000a0   Code   RO         5360    i.xTaskNotifyWait   tasks.o
    0x080126f4   0x080126f4   0x000000d8   Code   RO         5361    i.xTaskPriorityDisinherit  tasks.o
    0x080127cc   0x080127cc   0x000000b8   Code   RO         5362    i.xTaskRemoveFromEventList  tasks.o
    0x08012884   0x08012884   0x00000120   Code   RO         5364    i.xTaskResumeAll    tasks.o
    0x080129a4   0x080129a4   0x00000074   Code   RO         5713    i.xTimerCreateTimerTask  timers.o
    0x08012a18   0x08012a18   0x000000a4   Code   RO         5714    i.xTimerGenericCommand  timers.o
    0x08012abc   0x08012abc   0x00000008   Data   RO         1303    .constdata          stm32f7xx_hal_dma.o
    0x08012ac4   0x08012ac4   0x00000018   Data   RO         6111    .constdata          system_stm32f7xx.o
    0x08012adc   0x08012adc   0x00000394   Data   RO         6293    .constdata          uecc.o
    0x08012e70   0x08012e70   0x00000040   Data   RO         6653    .constdata          sha2.o
    0x08012eb0   0x08012eb0   0x00000440   Data   RO         9181    .constdata          hash.o
    0x080132f0   0x080132f0   0x00000380   Data   RO         9638    .constdata          rom_curve_bn158.o
    0x08013670   0x08013670   0x000000ac   Data   RO         9651    .constdata          rom_field_bn158.o
    0x0801371c   0x0801371c   0x00000040   Data   RO        10770    Region$$Table       anon$$obj.o


    Execution Region RW_IRAM2 (Exec base: 0x20000000, Load base: 0x080141e0, Size: 0x00008614, Max: 0x00020000, ABSOLUTE, COMPRESSED[0x000002e0])

    Exec Addr    Load Addr    Size         Type   Attr      Idx    E Section Name        Object

    0x20000000   COMPRESSED   0x00000007   Data   RW          849    .data               usart.o
    0x20000007   COMPRESSED   0x00000001   PAD
    0x20000008   COMPRESSED   0x00000012   Data   RW         4465    .data               dma.o
    0x2000001a   COMPRESSED   0x00000003   Data   RW         4520    .data               led.o
    0x2000001d   COMPRESSED   0x00000003   PAD
    0x20000020   COMPRESSED   0x0000003c   Data   RW         5367    .data               tasks.o
    0x2000005c   COMPRESSED   0x00000018   Data   RW         5850    .data               heap_4.o
    0x20000074   COMPRESSED   0x00000016   Data   RW         6009    .data               mw1268_app.o
    0x2000008a   COMPRESSED   0x00000002   PAD
    0x2000008c   COMPRESSED   0x00000004   Data   RW         6112    .data               system_stm32f7xx.o
    0x20000090   COMPRESSED   0x00000440   Data   RW         6873    .data               thres_enc.o
    0x200004d0        -       0x00000540   Zero   RW          623    .bss                utility.o
    0x20000a10        -       0x00000150   Zero   RW          848    .bss                usart.o
    0x20000b60        -       0x00007780   Zero   RW         4464    .bss                dma.o
    0x200082e0        -       0x00000010   Zero   RW         4553    .bss                rng.o
    0x200082f0        -       0x00000040   Zero   RW         5096    .bss                queue.o
    0x20008330        -       0x000002e4   Zero   RW         5366    .bss                tasks.o


    Execution Region RW_IRAM1 (Exec base: 0x20020000, Load base: 0x0801375c, Size: 0x00048618, Max: 0x00060000, ABSOLUTE, COMPRESSED[0x00000a84])

    Exec Addr    Load Addr    Size         Type   Attr      Idx    E Section Name        Object

    0x20020000   COMPRESSED   0x00000050   Data   RW           28    .data               main.o
    0x20020050   COMPRESSED   0x00000ea0   Data   RW          624    .data               utility.o
    0x20020ef0   COMPRESSED   0x00000006   Data   RW          704    .data               delay.o
    0x20020ef6   COMPRESSED   0x00000002   PAD
    0x20020ef8   COMPRESSED   0x00000009   Data   RW          933    .data               stm32f7xx_hal.o
    0x20020f01   COMPRESSED   0x00000003   PAD
    0x20020f04   COMPRESSED   0x00000014   Data   RW         4625    .data               btim.o
    0x20020f18   COMPRESSED   0x00000008   Data   RW         4807    .data               usart3.o
    0x20020f20   COMPRESSED   0x00000014   Data   RW         5722    .data               timers.o
    0x20020f34   COMPRESSED   0x00000020   Data   RW         5914    .data               port.o
    0x20020f54   COMPRESSED   0x00000004   Data   RW         6294    .data               uecc.o
    0x20020f58   COMPRESSED   0x00000440   Data   RW         6742    .data               thres_sig.o
    0x20021398        -       0x00013bb8   Zero   RW           27    .bss                main.o
    0x20034f50        -       0x000001ac   Zero   RW         4624    .bss                btim.o
    0x200350fc        -       0x00000888   Zero   RW         4806    .bss                usart3.o
    0x20035984        -       0x00000028   Zero   RW         5721    .bss                timers.o
    0x200359ac        -       0x0000f000   Zero   RW         5849    .bss                heap_4.o
    0x200449ac        -       0x00000366   Zero   RW         6008    .bss                mw1268_app.o
    0x20044d12   COMPRESSED   0x00000002   PAD
    0x20044d14        -       0x00001a40   Zero   RW         6741    .bss                thres_sig.o
    0x20046754        -       0x00001ec0   Zero   RW         6871    .bss                thres_enc.o
    0x20048614   COMPRESSED   0x00000004   PAD
    0x20048618        -       0x00020000   Zero   RW         4450    STACK               startup_stm32f767xx.o


==============================================================================

Image component sizes


      Code (inc. data)   RO Data    RW Data    ZI Data      Debug   Object Name

      4864          0          0          0          0      32374   big_160_28.o
       948        162          0         20        428      41772   btim.o
       204         18          0          6          0       2119   delay.o
       956         72          0         18      30592       3491   dma.o
         0          0          0          0          0       3183   ecdh_bn158.o
      2394         30          0          0          0      13490   ecp2_bn158.o
      2150         24          0          0          0      11089   ecp_bn158.o
         0          0          0          0          0      11884   event_groups.o
      1476          4          0          0          0      18220   fp2_bn158.o
      2026         50          0          0          0      21028   fp_bn158.o
       808         40       1088          0          0       4624   hash.o
       752        176          0         24      61440       4119   heap_4.o
        88          8          0          3          0       1221   led.o
       148          0          0          0          0       3362   list.o
      7812        544          0         80      80824     931293   main.o
      1704        436          0         22        870       7593   mw1268_app.o
       180         26          0          0          0       1877   mw1268_uart.o
       976         46          0          0          0       3710   pair_bn158.o
      1650        460          0         32          0      12826   port.o
      2168        238          0          0         64      16249   queue.o
       124         18          0          0         16       2351   rng.o
         0          0        896          0          0       1570   rom_curve_bn158.o
         0          0        172          0          0        919   rom_field_bn158.o
     14034        328         64          0          0       6997   sha2.o
        36          8        504          0     131072        832   startup_stm32f767xx.o
       138         22          0          9          0       8749   stm32f7xx_hal.o
       566         44          0          0          0      39633   stm32f7xx_hal_cortex.o
       988         10          8          0          0       7601   stm32f7xx_hal_dma.o
       552         52          0          0          0       2943   stm32f7xx_hal_gpio.o
         2          0          0          0          0        803   stm32f7xx_hal_msp.o
       144          8          0          0          0       1336   stm32f7xx_hal_pwr_ex.o
      1956         74          0          0          0       5820   stm32f7xx_hal_rcc.o
       210          0          0          0          0       2780   stm32f7xx_hal_rng.o
       954         80          0          0          0       6271   stm32f7xx_hal_tim.o
         6          0          0          0          0       2324   stm32f7xx_hal_tim_ex.o
      4318         98          0          0          0      23626   stm32f7xx_hal_uart.o
        20          0          0          0          0       2861   stm32f7xx_it.o
        16          0          0          0          0        907   sys.o
        20          6         24          4          0       1455   system_stm32f7xx.o
      4542       1146          0         60        740      35516   tasks.o
       884        182          0       1088       7872       5504   thres_enc.o
       796        124          0       1088       6720       3620   thres_sig.o
      1310        312          0         20         40       9159   timers.o
      7386         76        916          4          0      54026   uecc.o
       244         36          0          7        336       3834   usart.o
       668         74          0          8       2184       5362   usart3.o
       780         30          0       3744       1344       5415   utility.o

    ----------------------------------------------------------------------
     72052       5062       3736       6248     324548    1387738   Object Totals
         0          0         64          0          0          0   (incl. Generated)
        54          0          0         11          6          0   (incl. Padding)

    ----------------------------------------------------------------------

      Code (inc. data)   RO Data    RW Data    ZI Data      Debug   Library Member Name

        94          0          0          0          0          0   __dclz77c.o
         0          0          0          0          0          0   entry.o
         0          0          0          0          0          0   entry10a.o
         0          0          0          0          0          0   entry11a.o
         4          0          0          0          0          0   entry12b.o
         8          4          0          0          0          0   entry2.o
         4          0          0          0          0          0   entry5.o
         0          0          0          0          0          0   entry7b.o
         0          0          0          0          0          0   entry8b.o
         8          4          0          0          0          0   entry9a.o
        30          0          0          0          0          0   handlers.o
        36          8          0          0          0         68   init.o
         0          0          0          0          0          0   iusefp.o
        30          0          0          0          0         68   llshl.o
        36          0          0          0          0         68   llsshr.o
        32          0          0          0          0         68   llushr.o
        36          0          0          0          0         68   memcpya.o
        36          0          0          0          0        108   memseta.o
      2304        102          0          0          0        696   printfa.o
        14          0          0          0          0         68   strlen.o
        36          0          0          0          0         80   strstr.o
        44          0          0          0          0         80   uidiv.o
        98          0          0          0          0         92   uldiv.o
        48          0          0          0          0         68   cdrcmple.o
       334          0          0          0          0        148   dadd.o
       222          0          0          0          0        100   ddiv.o
       186          0          0          0          0        176   depilogue.o
        48          0          0          0          0         68   dfixul.o
       228          0          0          0          0         96   dmul.o

    ----------------------------------------------------------------------
      3920        118          0          0          0       2120   Library Totals
         4          0          0          0          0          0   (incl. Padding)

    ----------------------------------------------------------------------

      Code (inc. data)   RO Data    RW Data    ZI Data      Debug   Library Name

      2850        118          0          0          0       1464   mc_w.l
      1066          0          0          0          0        656   mf_w.l

    ----------------------------------------------------------------------
      3920        118          0          0          0       2120   Library Totals

    ----------------------------------------------------------------------

==============================================================================


      Code (inc. data)   RO Data    RW Data    ZI Data      Debug   

     75972       5180       3736       6248     324548    1347750   Grand Totals
     75972       5180       3736       3428     324548    1347750   ELF Image Totals (compressed)
     75972       5180       3736       3428          0          0   ROM Totals

==============================================================================

    Total RO  Size (Code + RO Data)                79708 (  77.84kB)
    Total RW  Size (RW Data + ZI Data)            330796 ( 323.04kB)
    Total ROM Size (Code + RO Data + RW Data)      83136 (  81.19kB)

==============================================================================

