Component: ARM Compiler 5.06 update 7 (build 960) Tool: armlink [4d3601]

==============================================================================

Section Cross References

    main.o(i.ABA_STATE_handler) refers to memseta.o(.text) for __aeabi_memclr4
    main.o(i.ABA_STATE_handler) refers to sha2.o(i.sha2) for sha2
    main.o(i.ABA_STATE_handler) refers to thres_sig.o(i.sign_data) for sign_data
    main.o(i.ABA_STATE_handler) refers to stm32f7xx_hal_uart.o(i.HAL_UART_Transmit) for HAL_UART_Transmit
    main.o(i.ABA_STATE_handler) refers to main.o(.bss) for Send_Data_buff
    main.o(i.ABA_STATE_handler) refers to main.o(.data) for parallel_D
    main.o(i.ABA_STATE_handler) refers to usart3.o(.bss) for uart3_handler
    main.o(i.ABA_init) refers to rng.o(i.RNG_Get_RandomNum) for RNG_Get_RandomNum
    main.o(i.ABA_init) refers to btim.o(i.btim_tim5_enable) for btim_tim5_enable
    main.o(i.ABA_init) refers to dma.o(i.MYDMA_Config_Rece) for MYDMA_Config_Rece
    main.o(i.ABA_init) refers to stm32f7xx_hal_uart.o(i.HAL_UART_Receive_DMA) for HAL_UART_Receive_DMA
    main.o(i.ABA_init) refers to main.o(.data) for start_ABA
    main.o(i.ABA_init) refers to main.o(.bss) for ABA_decided
    main.o(i.ABA_init) refers to dma.o(.bss) for ReceBuff
    main.o(i.ABA_init) refers to usart3.o(.bss) for uart3_handler
    main.o(i.PACKET_handler) refers to delay.o(i.delay_ms) for delay_ms
    main.o(i.PACKET_handler) refers to stm32f7xx_hal_uart.o(i.HAL_UART_DMAStop) for HAL_UART_DMAStop
    main.o(i.PACKET_handler) refers to stm32f7xx_hal_uart.o(i.HAL_UART_Receive_DMA) for HAL_UART_Receive_DMA
    main.o(i.PACKET_handler) refers to memseta.o(.text) for __aeabi_memclr4
    main.o(i.PACKET_handler) refers to hash.o(i.HASH256_init) for HASH256_init
    main.o(i.PACKET_handler) refers to hash.o(i.HASH256_process) for HASH256_process
    main.o(i.PACKET_handler) refers to hash.o(i.HASH256_hash) for HASH256_hash
    main.o(i.PACKET_handler) refers to uecc.o(i.uECC_secp160r1) for uECC_secp160r1
    main.o(i.PACKET_handler) refers to uecc.o(i.uECC_verify) for uECC_verify
    main.o(i.PACKET_handler) refers to main.o(.data) for ttt
    main.o(i.PACKET_handler) refers to dma.o(.bss) for ReceBuff
    main.o(i.PACKET_handler) refers to usart3.o(.bss) for uart3_handler
    main.o(i.PACKET_handler) refers to main.o(.bss) for buff
    main.o(i.PACKET_handler) refers to utility.o(.bss) for public_key
    main.o(i.PACKET_handler) refers to rng.o(i.RNG_Get_RandomNum) for RNG_Get_RandomNum
    main.o(i.PACKET_handler) refers to tasks.o(i.xTaskGenericNotify) for xTaskGenericNotify
    main.o(i.Tx_decrypt) refers to aes_1.o(i.mbedtls_aes_setkey_dec) for mbedtls_aes_setkey_dec
    main.o(i.Tx_decrypt) refers to aes_1.o(i.mbedtls_aes_crypt_cbc) for mbedtls_aes_crypt_cbc
    main.o(i.Tx_decrypt) refers to main.o(.bss) for tmp_buff
    main.o(i.Tx_encrypt) refers to aes_1.o(i.mbedtls_aes_setkey_enc) for mbedtls_aes_setkey_enc
    main.o(i.Tx_encrypt) refers to aes_1.o(i.mbedtls_aes_crypt_cbc) for mbedtls_aes_crypt_cbc
    main.o(i.Tx_encrypt) refers to main.o(.bss) for tmp_buff
    main.o(i.eventgroup_task) refers to tasks.o(i.xTaskNotifyWait) for xTaskNotifyWait
    main.o(i.eventgroup_task) refers to main.o(i.ABA_STATE_handler) for ABA_STATE_handler
    main.o(i.eventgroup_task) refers to main.o(i.PACKET_handler) for PACKET_handler
    main.o(i.eventgroup_task) refers to printfa.o(i.__0sprintf) for __2sprintf
    main.o(i.eventgroup_task) refers to mw1268_app.o(i.LoRa_SendData) for LoRa_SendData
    main.o(i.eventgroup_task) refers to dma.o(.bss) for ReceBuff
    main.o(i.eventgroup_task) refers to main.o(.bss) for Send_Data_buff
    main.o(i.eventsetbit_task) refers to tasks.o(i.vTaskDelay) for vTaskDelay
    main.o(i.eventsetbit_task) refers to main.o(.data) for EventGroupTask_Handler
    main.o(i.init) refers to delay.o(i.delay_ms) for delay_ms
    main.o(i.init) refers to mw1268_app.o(i.LoRa_Init) for LoRa_Init
    main.o(i.init) refers to mw1268_app.o(i.LoRa_Set) for LoRa_Set
    main.o(i.init) refers to mw1268_app.o(.data) for LoRa_CFG
    main.o(i.main) refers to utility.o(i.MPU_Config) for MPU_Config
    main.o(i.main) refers to stm32f7xx_hal.o(i.HAL_Init) for HAL_Init
    main.o(i.main) refers to utility.o(i.SystemClock_Config) for SystemClock_Config
    main.o(i.main) refers to delay.o(i.delay_init) for delay_init
    main.o(i.main) refers to led.o(i.LED_Init) for LED_Init
    main.o(i.main) refers to tasks.o(i.xTaskCreate) for xTaskCreate
    main.o(i.main) refers to tasks.o(i.vTaskStartScheduler) for vTaskStartScheduler
    main.o(i.main) refers to main.o(.data) for StartTask_Handler
    main.o(i.main) refers to main.o(i.start_task) for start_task
    main.o(i.start_task) refers to main.o(i.init) for init
    main.o(i.start_task) refers to utility.o(i.init_public_key) for init_public_key
    main.o(i.start_task) refers to main.o(i.ABA_init) for ABA_init
[...]
    CAN1_RX1_IRQHandler                      0x080002e7   Thumb Code     0  startup_stm32f767xx.o(.text)
    CAN1_SCE_IRQHandler                      0x080002e7   Thumb Code     0  startup_stm32f767xx.o(.text)
    CAN1_TX_IRQHandler                       0x080002e7   Thumb Code     0  startup_stm32f767xx.o(.text)
    CAN2_RX0_IRQHandler                      0x080002e7   Thumb Code     0  startup_stm32f767xx.o(.text)
    CAN2_RX1_IRQHandler                      0x080002e7   Thumb Code     0  startup_stm32f767xx.o(.text)
    CAN2_SCE_IRQHandler                      0x080002e7   Thumb Code     0  startup_stm32f767xx.o(.text)
    CAN2_TX_IRQHandler                       0x080002e7   Thumb Code     0  startup_stm32f767xx.o(.text)
    CAN3_RX0_IRQHandler                      0x080002e7   Thumb Code     0  startup_stm32f767xx.o(.text)
    CAN3_RX1_IRQHandler                      0x080002e7   Thumb Code     0  startup_stm32f767xx.o(.text)
    CAN3_SCE_IRQHandler                      0x080002e7   Thumb Code     0  startup_stm32f767xx.o(.text)
    CAN3_TX_IRQHandler                       0x080002e7   Thumb Code     0  startup_stm32f767xx.o(.text)
    CEC_IRQHandler                           0x080002e7   Thumb Code     0  startup_stm32f767xx.o(.text)
    DCMI_IRQHandler                          0x080002e7   Thumb Code     0  startup_stm32f767xx.o(.text)
    DFSDM1_FLT0_IRQHandler                   0x080002e7   Thumb Code     0  startup_stm32f767xx.o(.text)
    DFSDM1_FLT1_IRQHandler                   0x080002e7   Thumb Code     0  startup_stm32f767xx.o(.text)
    DFSDM1_FLT2_IRQHandler                   0x080002e7   Thumb Code     0  startup_stm32f767xx.o(.text)
    DFSDM1_FLT3_IRQHandler                   0x080002e7   Thumb Code     0  startup_stm32f767xx.o(.text)
    DMA1_Stream0_IRQHandler                  0x080002e7   Thumb Code     0  startup_stm32f767xx.o(.text)
    DMA1_Stream2_IRQHandler                  0x080002e7   Thumb Code     0  startup_stm32f767xx.o(.text)
    DMA1_Stream4_IRQHandler                  0x080002e7   Thumb Code     0  startup_stm32f767xx.o(.text)
    DMA1_Stream5_IRQHandler                  0x080002e7   Thumb Code     0  startup_stm32f767xx.o(.text)
    DMA1_Stream6_IRQHandler                  0x080002e7   Thumb Code     0  startup_stm32f767xx.o(.text)
    DMA1_Stream7_IRQHandler                  0x080002e7   Thumb Code     0  startup_stm32f767xx.o(.text)
    DMA2D_IRQHandler                         0x080002e7   Thumb Code     0  startup_stm32f767xx.o(.text)
    DMA2_Stream0_IRQHandler                  0x080002e7   Thumb Code     0  startup_stm32f767xx.o(.text)
    DMA2_Stream1_IRQHandler                  0x080002e7   Thumb Code     0  startup_stm32f767xx.o(.text)
    DMA2_Stream2_IRQHandler                  0x080002e7   Thumb Code     0  startup_stm32f767xx.o(.text)
    DMA2_Stream3_IRQHandler                  0x080002e7   Thumb Code     0  startup_stm32f767xx.o(.text)
    DMA2_Stream4_IRQHandler                  0x080002e7   Thumb Code     0  startup_stm32f767xx.o(.text)
    DMA2_Stream5_IRQHandler                  0x080002e7   Thumb Code     0  startup_stm32f767xx.o(.text)
    DMA2_Stream6_IRQHandler                  0x080002e7   Thumb Code     0  startup_stm32f767xx.o(.text)
    DMA2_Stream7_IRQHandler                  0x080002e7   Thumb Code     0  startup_stm32f767xx.o(.text)
    ETH_IRQHandler                           0x080002e7   Thumb Code     0  startup_stm32f767xx.o(.text)
    ETH_WKUP_IRQHandler                      0x080002e7   Thumb Code     0  startup_stm32f767xx.o(.text)
    EXTI0_IRQHandler                         0x080002e7   Thumb Code     0  startup_stm32f767xx.o(.text)
    EXTI1_IRQHandler                         0x080002e7   Thumb Code     0  startup_stm32f767xx.o(.text)
    EXTI2_IRQHandler                         0x080002e7   Thumb Code     0  startup_stm32f767xx.o(.text)
    EXTI3_IRQHandler                         0x080002e7   Thumb Code     0  startup_stm32f767xx.o(.text)
    EXTI4_IRQHandler                         0x080002e7   Thumb Code     0  startup_stm32f767xx.o(.text)
    EXTI9_5_IRQHandler                       0x080002e7   Thumb Code     0  startup_stm32f767xx.o(.text)
    FLASH_IRQHandler                         0x080002e7   Thumb Code     0  startup_stm32f767xx.o(.text)
    FMC_IRQHandler                           0x080002e7   Thumb Code     0  startup_stm32f767xx.o(.text)
    FPU_IRQHandler                           0x080002e7   Thumb Code     0  startup_stm32f767xx.o(.text)
    I2C1_ER_IRQHandler                       0x080002e7   Thumb Code     0  startup_stm32f767xx.o(.text)
    I2C1_EV_IRQHandler                       0x080002e7   Thumb Code     0  startup_stm32f767xx.o(.text)
    I2C2_ER_IRQHandler                       0x080002e7   Thumb Code     0  startup_stm32f767xx.o(.text)
    I2C2_EV_IRQHandler                       0x080002e7   Thumb Code     0  startup_stm32f767xx.o(.text)
    I2C3_ER_IRQHandler                       0x080002e7   Thumb Code     0  startup_stm32f767xx.o(.text)
    I2C3_EV_IRQHandler                       0x080002e7   Thumb Code     0  startup_stm32f767xx.o(.text)
    I2C4_ER_IRQHandler                       0x080002e7   Thumb Code     0  startup_stm32f767xx.o(.text)
    I2C4_EV_IRQHandler                       0x080002e7   Thumb Code     0  startup_stm32f767xx.o(.text)
    JPEG_IRQHandler                          0x080002e7   Thumb Code     0  startup_stm32f767xx.o(.text)
    LPTIM1_IRQHandler                        0x080002e7   Thumb Code     0  startup_stm32f767xx.o(.text)
    LTDC_ER_IRQHandler                       0x080002e7   Thumb Code     0  startup_stm32f767xx.o(.text)
    LTDC_IRQHandler                          0x080002e7   Thumb Code     0  startup_stm32f767xx.o(.text)
    MDIOS_IRQHandler                         0x080002e7   Thumb Code     0  startup_stm32f767xx.o(.text)
    OTG_FS_IRQHandler                        0x080002e7   Thumb Code     0  startup_stm32f767xx.o(.text)
    OTG_FS_WKUP_IRQHandler                   0x080002e7   Thumb Code     0  startup_stm32f767xx.o(.text)
    OTG_HS_EP1_IN_IRQHandler                 0x080002e7   Thumb Code     0  startup_stm32f767xx.o(.text)
    OTG_HS_EP1_OUT_IRQHandler                0x080002e7   Thumb Code     0  startup_stm32f767xx.o(.text)
    OTG_HS_IRQHandler                        0x080002e7   Thumb Code     0  startup_stm32f767xx.o(.text)
    OTG_HS_WKUP_IRQHandler                   0x080002e7   Thumb Code     0  startup_stm32f767xx.o(.text)
    PVD_IRQHandler                           0x080002e7   Thumb Code     0  startup_stm32f767xx.o(.text)
    QUADSPI_IRQHandler                       0x080002e7   Thumb Code     0  startup_stm32f767xx.o(.text)
    RCC_IRQHandler                           0x080002e7   Thumb Code     0  startup_stm32f767xx.o(.text)
    RNG_IRQHandler                           0x080002e7   Thumb Code     0  startup_stm32f767xx.o(.text)
    RTC_Alarm_IRQHandler                     0x080002e7   Thumb Code     0  startup_stm32f767xx.o(.text)
    RTC_WKUP_IRQHandler                      0x080002e7   Thumb Code     0  startup_stm32f767xx.o(.text)
    SAI1_IRQHandler                          0x080002e7   Thumb Code     0  startup_stm32f767xx.o(.text)
    SAI2_IRQHandler                          0x080002e7   Thumb Code     0  startup_stm32f767xx.o(.text)
    SDMMC1_IRQHandler                        0x080002e7   Thumb Code     0  startup_stm32f767xx.o(.text)
    SDMMC2_IRQHandler                        0x080002e7   Thumb Code     0  startup_stm32f767xx.o(.text)
    SPDIF_RX_IRQHandler                      0x080002e7   Thumb Code     0  startup_stm32f767xx.o(.text)
    SPI1_IRQHandler                          0x080002e7   Thumb Code     0  startup_stm32f767xx.o(.text)
    SPI2_IRQHandler                          0x080002e7   Thumb Code     0  startup_stm32f767xx.o(.text)
    SPI3_IRQHandler                          0x080002e7   Thumb Code     0  startup_stm32f767xx.o(.text)
    SPI4_IRQHandler                          0x080002e7   Thumb Code     0  startup_stm32f767xx.o(.text)
    SPI5_IRQHandler                          0x080002e7   Thumb Code     0  startup_stm32f767xx.o(.text)
    SPI6_IRQHandler                          0x080002e7   Thumb Code     0  startup_stm32f767xx.o(.text)
    TAMP_STAMP_IRQHandler                    0x080002e7   Thumb Code     0  startup_stm32f767xx.o(.text)
    TIM1_CC_IRQHandler                       0x080002e7   Thumb Code     0  startup_stm32f767xx.o(.text)
    TIM1_TRG_COM_TIM11_IRQHandler            0x080002e7   Thumb Code     0  startup_stm32f767xx.o(.text)
    TIM3_IRQHandler                          0x080002e7   Thumb Code     0  startup_stm32f767xx.o(.text)
    TIM4_IRQHandler                          0x080002e7   Thumb Code     0  startup_stm32f767xx.o(.text)
    TIM6_DAC_IRQHandler                      0x080002e7   Thumb Code     0  startup_stm32f767xx.o(.text)
    TIM8_BRK_TIM12_IRQHandler                0x080002e7   Thumb Code     0  startup_stm32f767xx.o(.text)
    TIM8_CC_IRQHandler                       0x080002e7   Thumb Code     0  startup_stm32f767xx.o(.text)
    TIM8_TRG_COM_TIM14_IRQHandler            0x080002e7   Thumb Code     0  startup_stm32f767xx.o(.text)
    TIM8_UP_TIM13_IRQHandler                 0x080002e7   Thumb Code     0  startup_stm32f767xx.o(.text)
    UART4_IRQHandler                         0x080002e7   Thumb Code     0  startup_stm32f767xx.o(.text)
    UART5_IRQHandler                         0x080002e7   Thumb Code     0  startup_stm32f767xx.o(.text)
    UART7_IRQHandler                         0x080002e7   Thumb Code     0  startup_stm32f767xx.o(.text)
    UART8_IRQHandler                         0x080002e7   Thumb Code     0  startup_stm32f767xx.o(.text)
    USART2_IRQHandler                        0x080002e7   Thumb Code     0  startup_stm32f767xx.o(.text)
    USART6_IRQHandler                        0x080002e7   Thumb Code     0  startup_stm32f767xx.o(.text)
    WWDG_IRQHandler                          0x080002e7   Thumb Code     0  startup_stm32f767xx.o(.text)
    __aeabi_uldivmod                         0x080002f1   Thumb Code    98  uldiv.o(.text)
    __aeabi_llsl                             0x08000353   Thumb Code    30  llshl.o(.text)
    _ll_shift_l                              0x08000353   Thumb Code     0  llshl.o(.text)
    __aeabi_llsr                             0x08000371   Thumb Code    32  llushr.o(.text)
    _ll_ushift_r                             0x08000371   Thumb Code     0  llushr.o(.text)
    __aeabi_memcpy                           0x08000391   Thumb Code    36  memcpya.o(.text)
    __aeabi_memcpy4                          0x08000391   Thumb Code     0  memcpya.o(.text)
    __aeabi_memcpy8                          0x08000391   Thumb Code     0  memcpya.o(.text)
    __aeabi_memset                           0x080003b5   Thumb Code    14  memseta.o(.text)
    __aeabi_memset4                          0x080003b5   Thumb Code     0  memseta.o(.text)
    __aeabi_memset8                          0x080003b5   Thumb Code     0  memseta.o(.text)
    __aeabi_memclr                           0x080003c3   Thumb Code     4  memseta.o(.text)
    __aeabi_memclr4                          0x080003c3   Thumb Code     0  memseta.o(.text)
    __aeabi_memclr8                          0x080003c3   Thumb Code     0  memseta.o(.text)
    memset                                   0x080003c7   Thumb Code    18  memseta.o(.text)
    strstr                                   0x080003d9   Thumb Code    36  strstr.o(.text)
    strlen                                   0x080003fd   Thumb Code    14  strlen.o(.text)
    __aeabi_uidiv                            0x0800040b   Thumb Code     0  uidiv.o(.text)
    __aeabi_uidivmod                         0x0800040b   Thumb Code    44  uidiv.o(.text)
    __I$use$fp                               0x08000437   Thumb Code     0  iusefp.o(.text)
    __aeabi_dadd                             0x08000437   Thumb Code   322  dadd.o(.text)
    __aeabi_dsub                             0x08000579   Thumb Code     6  dadd.o(.text)
    __aeabi_drsub                            0x0800057f   Thumb Code     6  dadd.o(.text)
    __aeabi_dmul                             0x08000585   Thumb Code   228  dmul.o(.text)
    __aeabi_ddiv                             0x08000669   Thumb Code   222  ddiv.o(.text)
    __aeabi_d2ulz                            0x08000747   Thumb Code    48  dfixul.o(.text)
    __aeabi_cdrcmple                         0x08000779   Thumb Code    48  cdrcmple.o(.text)
    __scatterload                            0x080007a9   Thumb Code    28  init.o(.text)
    __scatterload_rt2                        0x080007a9   Thumb Code     0  init.o(.text)
    __aeabi_lasr                             0x080007cd   Thumb Code    36  llsshr.o(.text)
    _ll_sshift_r                             0x080007cd   Thumb Code     0  llsshr.o(.text)
    _double_round                            0x080007f1   Thumb Code    30  depilogue.o(.text)
    _double_epilogue                         0x0800080f   Thumb Code   156  depilogue.o(.text)
    __decompress                             0x080008ab   Thumb Code     0  __dclz77c.o(.text)
    __decompress2                            0x080008ab   Thumb Code    94  __dclz77c.o(.text)
    ABA_STATE_handler                        0x08000909   Thumb Code   932  main.o(i.ABA_STATE_handler)
    ABA_init                                 0x08000cd5   Thumb Code   604  main.o(i.ABA_init)
    Aux_Int                                  0x08000f8d   Thumb Code    64  mw1268_app.o(i.Aux_Int)
    BusFault_Handler                         0x08000fd9   Thumb Code     4  stm32f7xx_it.o(i.BusFault_Handler)
    DMA1_Stream1_IRQHandler                  0x08000fdd   Thumb Code   374  dma.o(i.DMA1_Stream1_IRQHandler)
    DMA1_Stream3_IRQHandler                  0x08001175   Thumb Code   336  dma.o(i.DMA1_Stream3_IRQHandler)
    DebugMon_Handler                         0x080013e3   Thumb Code     2  stm32f7xx_it.o(i.DebugMon_Handler)
    EXTI15_10_IRQHandler                     0x080013e5   Thumb Code   248  mw1268_app.o(i.EXTI15_10_IRQHandler)
    GPIO_Pin_Set                             0x080014fd   Thumb Code    16  sys.o(i.GPIO_Pin_Set)
    HAL_DMA_Abort                            0x0800150d   Thumb Code   172  stm32f7xx_hal_dma.o(i.HAL_DMA_Abort)
    HAL_DMA_Abort_IT                         0x080015b9   Thumb Code    40  stm32f7xx_hal_dma.o(i.HAL_DMA_Abort_IT)
    HAL_DMA_DeInit                           0x080015e1   Thumb Code   110  stm32f7xx_hal_dma.o(i.HAL_DMA_DeInit)
    HAL_DMA_GetError                         0x0800164f   Thumb Code     6  stm32f7xx_hal_dma.o(i.HAL_DMA_GetError)
    HAL_DMA_Init                             0x08001655   Thumb Code   232  stm32f7xx_hal_dma.o(i.HAL_DMA_Init)
    HAL_DMA_Start_IT                         0x08001741   Thumb Code   158  stm32f7xx_hal_dma.o(i.HAL_DMA_Start_IT)
    HAL_GPIO_Init                            0x080017e1   Thumb Code   472  stm32f7xx_hal_gpio.o(i.HAL_GPIO_Init)
    HAL_GPIO_ReadPin                         0x080019ed   Thumb Code    16  stm32f7xx_hal_gpio.o(i.HAL_GPIO_ReadPin)
    HAL_GPIO_WritePin                        0x080019fd   Thumb Code    12  stm32f7xx_hal_gpio.o(i.HAL_GPIO_WritePin)
    HAL_GetTick                              0x08001a09   Thumb Code     6  stm32f7xx_hal.o(i.HAL_GetTick)
    HAL_Init                                 0x08001a15   Thumb Code    44  stm32f7xx_hal.o(i.HAL_Init)
    HAL_InitTick                             0x08001a45   Thumb Code    64  stm32f7xx_hal.o(i.HAL_InitTick)
    HAL_MPU_ConfigRegion                     0x08001a91   Thumb Code    88  stm32f7xx_hal_cortex.o(i.HAL_MPU_ConfigRegion)
    HAL_MPU_Disable                          0x08001aed   Thumb Code    38  stm32f7xx_hal_cortex.o(i.HAL_MPU_Disable)
    HAL_MPU_Enable                           0x08001b19   Thumb Code    58  stm32f7xx_hal_cortex.o(i.HAL_MPU_Enable)
    HAL_MspInit                              0x08001b59   Thumb Code     2  stm32f7xx_hal.o(i.HAL_MspInit)
    HAL_NVIC_DisableIRQ                      0x08001b5d   Thumb Code    22  stm32f7xx_hal_cortex.o(i.HAL_NVIC_DisableIRQ)
    HAL_NVIC_EnableIRQ                       0x08001b79   Thumb Code    26  stm32f7xx_hal_cortex.o(i.HAL_NVIC_EnableIRQ)
    HAL_NVIC_SetPriority                     0x08001b93   Thumb Code   124  stm32f7xx_hal_cortex.o(i.HAL_NVIC_SetPriority)
    HAL_NVIC_SetPriorityGrouping             0x08001c11   Thumb Code    32  stm32f7xx_hal_cortex.o(i.HAL_NVIC_SetPriorityGrouping)
    HAL_PWREx_EnableOverDrive                0x08001c39   Thumb Code   136  stm32f7xx_hal_pwr_ex.o(i.HAL_PWREx_EnableOverDrive)
    HAL_RCC_ClockConfig                      0x08001cc9   Thumb Code   384  stm32f7xx_hal_rcc.o(i.HAL_RCC_ClockConfig)
    HAL_RCC_GetHCLKFreq                      0x08001e5d   Thumb Code     6  stm32f7xx_hal_rcc.o(i.HAL_RCC_GetHCLKFreq)
    HAL_RCC_GetPCLK1Freq                     0x08001e69   Thumb Code    22  stm32f7xx_hal_rcc.o(i.HAL_RCC_GetPCLK1Freq)
    HAL_RCC_GetPCLK2Freq                     0x08001e89   Thumb Code    22  stm32f7xx_hal_rcc.o(i.HAL_RCC_GetPCLK2Freq)
    HAL_RCC_GetSysClockFreq                  0x08001ea9   Thumb Code   162  stm32f7xx_hal_rcc.o(i.HAL_RCC_GetSysClockFreq)
    HAL_RCC_OscConfig                        0x08001f59   Thumb Code  1296  stm32f7xx_hal_rcc.o(i.HAL_RCC_OscConfig)
    HAL_RNG_GenerateRandomNumber             0x0800246d   Thumb Code   134  stm32f7xx_hal_rng.o(i.HAL_RNG_GenerateRandomNumber)
    HAL_RNG_GetRandomNumber                  0x080024f3   Thumb Code    24  stm32f7xx_hal_rng.o(i.HAL_RNG_GetRandomNumber)
    HAL_RNG_Init                             0x0800250b   Thumb Code    52  stm32f7xx_hal_rng.o(i.HAL_RNG_Init)
    HAL_RNG_MspInit                          0x08002541   Thumb Code    32  rng.o(i.HAL_RNG_MspInit)
    HAL_SYSTICK_CLKSourceConfig              0x08002565   Thumb Code    40  stm32f7xx_hal_cortex.o(i.HAL_SYSTICK_CLKSourceConfig)
    HAL_SYSTICK_Config                       0x0800258d   Thumb Code    52  stm32f7xx_hal_cortex.o(i.HAL_SYSTICK_Config)
    HAL_TIMEx_Break2Callback                 0x080025c1   Thumb Code     2  stm32f7xx_hal_tim_ex.o(i.HAL_TIMEx_Break2Callback)
    HAL_TIMEx_BreakCallback                  0x080025c3   Thumb Code     2  stm32f7xx_hal_tim_ex.o(i.HAL_TIMEx_BreakCallback)
    HAL_TIMEx_CommutCallback                 0x080025c5   Thumb Code     2  stm32f7xx_hal_tim_ex.o(i.HAL_TIMEx_CommutCallback)
    HAL_TIM_Base_Init                        0x080025c7   Thumb Code   110  stm32f7xx_hal_tim.o(i.HAL_TIM_Base_Init)
    HAL_TIM_Base_MspInit                     0x08002635   Thumb Code   278  btim.o(i.HAL_TIM_Base_MspInit)
    HAL_TIM_Base_Start_IT                    0x08002761   Thumb Code   146  stm32f7xx_hal_tim.o(i.HAL_TIM_Base_Start_IT)
    HAL_TIM_IC_CaptureCallback               0x08002815   Thumb Code     2  stm32f7xx_hal_tim.o(i.HAL_TIM_IC_CaptureCallback)
    HAL_TIM_IRQHandler                       0x08002817   Thumb Code   440  stm32f7xx_hal_tim.o(i.HAL_TIM_IRQHandler)
    HAL_TIM_OC_DelayElapsedCallback          0x080029cf   Thumb Code     2  stm32f7xx_hal_tim.o(i.HAL_TIM_OC_DelayElapsedCallback)
    HAL_TIM_PWM_PulseFinishedCallback        0x080029d1   Thumb Code     2  stm32f7xx_hal_tim.o(i.HAL_TIM_PWM_PulseFinishedCallback)
    HAL_TIM_PeriodElapsedCallback            0x080029d5   Thumb Code   258  btim.o(i.HAL_TIM_PeriodElapsedCallback)
    HAL_TIM_TriggerCallback                  0x08002b1d   Thumb Code     2  stm32f7xx_hal_tim.o(i.HAL_TIM_TriggerCallback)
    HAL_UARTEx_RxEventCallback               0x08002b1f   Thumb Code     2  stm32f7xx_hal_uart.o(i.HAL_UARTEx_RxEventCallback)
    HAL_UARTEx_WakeupCallback                0x08002b21   Thumb Code     2  stm32f7xx_hal_uart.o(i.HAL_UARTEx_WakeupCallback)
    HAL_UART_DMAStop                         0x08002b23   Thumb Code   182  stm32f7xx_hal_uart.o(i.HAL_UART_DMAStop)
    HAL_UART_ErrorCallback                   0x08002bd9   Thumb Code     2  stm32f7xx_hal_uart.o(i.HAL_UART_ErrorCallback)
    HAL_UART_GetState                        0x08002bdb   Thumb Code    14  stm32f7xx_hal_uart.o(i.HAL_UART_GetState)
    HAL_UART_IRQHandler                      0x08002be9   Thumb Code   838  stm32f7xx_hal_uart.o(i.HAL_UART_IRQHandler)
    HAL_UART_Init                            0x08002f39   Thumb Code   116  stm32f7xx_hal_uart.o(i.HAL_UART_Init)
    HAL_UART_MspInit                         0x08002fad   Thumb Code     2  stm32f7xx_hal_msp.o(i.HAL_UART_MspInit)
    HAL_UART_Receive_DMA                     0x08002faf   Thumb Code    80  stm32f7xx_hal_uart.o(i.HAL_UART_Receive_DMA)
    HAL_UART_Receive_IT                      0x08002fff   Thumb Code    80  stm32f7xx_hal_uart.o(i.HAL_UART_Receive_IT)
    HAL_UART_RxCpltCallback                  0x08003051   Thumb Code   120  usart.o(i.HAL_UART_RxCpltCallback)
    HAL_UART_RxHalfCpltCallback              0x080030d9   Thumb Code     2  stm32f7xx_hal_uart.o(i.HAL_UART_RxHalfCpltCallback)
    HAL_UART_Transmit                        0x080030db   Thumb Code   178  stm32f7xx_hal_uart.o(i.HAL_UART_Transmit)
    HAL_UART_TxCpltCallback                  0x0800318d   Thumb Code     2  stm32f7xx_hal_uart.o(i.HAL_UART_TxCpltCallback)
    HASH256_hash                             0x0800318f   Thumb Code   122  hash.o(i.HASH256_hash)
    HASH256_init                             0x08003209   Thumb Code    66  hash.o(i.HASH256_init)
    HASH256_process                          0x0800326d   Thumb Code    82  hash.o(i.HASH256_process)
    HardFault_Handler                        0x080034b9   Thumb Code     4  stm32f7xx_it.o(i.HardFault_Handler)
    LED_Init                                 0x080034bd   Thumb Code    80  led.o(i.LED_Init)
    LoRa_Init                                0x08003515   Thumb Code   460  mw1268_app.o(i.LoRa_Init)
    LoRa_SendData                            0x08003799   Thumb Code    26  mw1268_app.o(i.LoRa_SendData)
    LoRa_Set                                 0x080037c1   Thumb Code   362  mw1268_app.o(i.LoRa_Set)
    MPU_Config                               0x080039dd   Thumb Code    78  utility.o(i.MPU_Config)
    MYDMA_Config_Rece                        0x08003a2d   Thumb Code   174  dma.o(i.MYDMA_Config_Rece)
    MemManage_Handler                        0x08003aed   Thumb Code     4  stm32f7xx_it.o(i.MemManage_Handler)
    NMI_Handler                              0x08003af1   Thumb Code     2  stm32f7xx_it.o(i.NMI_Handler)
    PACKET_handler                           0x08003b2d   Thumb Code  5180  main.o(i.PACKET_handler)
    PostSleepProcessing                      0x08004fad   Thumb Code   188  utility.o(i.PostSleepProcessing)
    PreSleepProcessing                       0x0800506d   Thumb Code    74  utility.o(i.PreSleepProcessing)
    RNG_Get_RandomNum                        0x080050bd   Thumb Code    10  rng.o(i.RNG_Get_RandomNum)
    RNG_Init                                 0x080050cd   Thumb Code    64  rng.o(i.RNG_Init)
    Sixteen2Ten                              0x08005115   Thumb Code    42  utility.o(i.Sixteen2Ten)
    SysTick_Handler                          0x08005141   Thumb Code    50  port.o(i.SysTick_Handler)
    SystemClock_Config                       0x08005179   Thumb Code   112  utility.o(i.SystemClock_Config)
    SystemInit                               0x080051e9   Thumb Code    14  system_stm32f7xx.o(i.SystemInit)
    TIM1_BRK_TIM9_IRQHandler                 0x080051fd   Thumb Code    10  btim.o(i.TIM1_BRK_TIM9_IRQHandler)
    TIM1_UP_TIM10_IRQHandler                 0x0800520d   Thumb Code    10  btim.o(i.TIM1_UP_TIM10_IRQHandler)
    TIM2_IRQHandler                          0x0800521d   Thumb Code    10  btim.o(i.TIM2_IRQHandler)
    TIM5_IRQHandler                          0x0800522d   Thumb Code    10  btim.o(i.TIM5_IRQHandler)
    TIM7_IRQHandler                          0x0800523d   Thumb Code    10  btim.o(i.TIM7_IRQHandler)
    TIM_Base_SetConfig                       0x0800524d   Thumb Code   170  stm32f7xx_hal_tim.o(i.TIM_Base_SetConfig)
    UART_AdvFeatureConfig                    0x08005325   Thumb Code   248  stm32f7xx_hal_uart.o(i.UART_AdvFeatureConfig)
    UART_CheckIdleState                      0x0800541d   Thumb Code   118  stm32f7xx_hal_uart.o(i.UART_CheckIdleState)
    UART_SetConfig                           0x08005835   Thumb Code   782  stm32f7xx_hal_uart.o(i.UART_SetConfig)
    UART_Start_Receive_DMA                   0x08005b71   Thumb Code   180  stm32f7xx_hal_uart.o(i.UART_Start_Receive_DMA)
    UART_Start_Receive_IT                    0x08005c31   Thumb Code   234  stm32f7xx_hal_uart.o(i.UART_Start_Receive_IT)
    UART_WaitOnFlagUntilTimeout              0x08005d25   Thumb Code   252  stm32f7xx_hal_uart.o(i.UART_WaitOnFlagUntilTimeout)
    USART1_IRQHandler                        0x08005e21   Thumb Code    66  usart.o(i.USART1_IRQHandler)
    USART3_IRQHandler                        0x08005e71   Thumb Code   106  usart3.o(i.USART3_IRQHandler)
    UsageFault_Handler                       0x08005eed   Thumb Code     4  stm32f7xx_it.o(i.UsageFault_Handler)
    User_GpioInit                            0x08005ef1   Thumb Code   108  mw1268_app.o(i.User_GpioInit)
    __0printf                                0x0800790d   Thumb Code    22  printfa.o(i.__0printf)
    __1printf                                0x0800790d   Thumb Code     0  printfa.o(i.__0printf)
    __2printf                                0x0800790d   Thumb Code     0  printfa.o(i.__0printf)
    __c89printf                              0x0800790d   Thumb Code     0  printfa.o(i.__0printf)
    printf                                   0x0800790d   Thumb Code     0  printfa.o(i.__0printf)
    __0sprintf                               0x0800792d   Thumb Code    34  printfa.o(i.__0sprintf)
    __1sprintf                               0x0800792d   Thumb Code     0  printfa.o(i.__0sprintf)
    __2sprintf                               0x0800792d   Thumb Code     0  printfa.o(i.__0sprintf)
    __c89sprintf                             0x0800792d   Thumb Code     0  printfa.o(i.__0sprintf)
    sprintf                                  0x0800792d   Thumb Code     0  printfa.o(i.__0sprintf)
    __0vsprintf                              0x08007955   Thumb Code    30  printfa.o(i.__0vsprintf)
    __1vsprintf                              0x08007955   Thumb Code     0  printfa.o(i.__0vsprintf)
    __2vsprintf                              0x08007955   Thumb Code     0  printfa.o(i.__0vsprintf)
    __c89vsprintf                            0x08007955   Thumb Code     0  printfa.o(i.__0vsprintf)
    vsprintf                                 0x08007955   Thumb Code     0  printfa.o(i.__0vsprintf)
    __scatterload_copy                       0x08007979   Thumb Code    14  handlers.o(i.__scatterload_copy)
    __scatterload_null                       0x08007987   Thumb Code     2  handlers.o(i.__scatterload_null)
    __scatterload_zeroinit                   0x08007989   Thumb Code    14  handlers.o(i.__scatterload_zeroinit)
    btim_tim2_int_init                       0x0800822d   Thumb Code    38  btim.o(i.btim_tim2_int_init)
    btim_tim5_enable                         0x08008259   Thumb Code    46  btim.o(i.btim_tim5_enable)
    btim_tim5_int_init                       0x0800828d   Thumb Code    36  btim.o(i.btim_tim5_int_init)
    btim_timx_counterset                     0x080082b9   Thumb Code     8  btim.o(i.btim_timx_counterset)
    btim_timx_enable                         0x080082c5   Thumb Code    46  btim.o(i.btim_timx_enable)
    btim_timx_int_init                       0x080082f9   Thumb Code    36  btim.o(i.btim_timx_int_init)
    delay_init                               0x08008325   Thumb Code    58  delay.o(i.delay_init)
    delay_ms                                 0x08008369   Thumb Code    60  delay.o(i.delay_ms)
    delay_us                                 0x080083a9   Thumb Code    68  delay.o(i.delay_us)
    eTaskConfirmSleepModeStatus              0x080083f1   Thumb Code    42  tasks.o(i.eTaskConfirmSleepModeStatus)
    eventgroup_task                          0x0800842d   Thumb Code   134  main.o(i.eventgroup_task)
    eventsetbit_task                         0x080084d1   Thumb Code    34  main.o(i.eventsetbit_task)
    fputc                                    0x080084f9   Thumb Code    22  usart.o(i.fputc)
    init                                     0x08008515   Thumb Code    48  main.o(i.init)
    init_public_key                          0x08008549   Thumb Code   188  utility.o(i.init_public_key)
    lora_check_cmd                           0x08008619   Thumb Code    44  mw1268_uart.o(i.lora_check_cmd)
    lora_send_cmd                            0x0800864d   Thumb Code   110  mw1268_uart.o(i.lora_send_cmd)
    main                                     0x080086cd   Thumb Code    54  main.o(i.main)
    pvPortMalloc                             0x08009319   Thumb Code   262  heap_4.o(i.pvPortMalloc)
    pvTaskIncrementMutexHeldCount            0x0800946d   Thumb Code    26  tasks.o(i.pvTaskIncrementMutexHeldCount)
    pxPortInitialiseStack                    0x0800948d   Thumb Code    38  port.o(i.pxPortInitialiseStack)
    sha2                                     0x080094b9   Thumb Code    50  sha2.o(i.sha2)
    sha2_finish                              0x080094ed   Thumb Code   304  sha2.o(i.sha2_finish)
    sha2_starts                              0x0800ca7d   Thumb Code    80  sha2.o(i.sha2_starts)
    sha2_update                              0x0800cb0d   Thumb Code   128  sha2.o(i.sha2_update)
    sign_data                                0x0800cb8d   Thumb Code    60  thres_sig.o(i.sign_data)
    start_task                               0x0800cbe1   Thumb Code   118  main.o(i.start_task)
    uECC_secp160r1                           0x0800cc99   Thumb Code     4  uecc.o(i.uECC_secp160r1)
    uECC_set_rng                             0x0800cca1   Thumb Code     6  uecc.o(i.uECC_set_rng)
    uECC_sign                                0x0800ccad   Thumb Code    90  uecc.o(i.uECC_sign)
    uECC_verify                              0x0800cd07   Thumb Code   720  uecc.o(i.uECC_verify)
    usart3_bpsset                            0x0800cfd9   Thumb Code   182  usart3.o(i.usart3_bpsset)
    usart3_init                              0x0800d111   Thumb Code    90  usart3.o(i.usart3_init)
    usart3_rx                                0x0800d179   Thumb Code    62  usart3.o(i.usart3_rx)
    usart3_sendData                          0x0800d1bd   Thumb Code    52  usart3.o(i.usart3_sendData)
    uxListRemove                             0x0800d1f9   Thumb Code    40  list.o(i.uxListRemove)
    vListInitialise                          0x0800d221   Thumb Code    26  list.o(i.vListInitialise)
    vListInitialiseItem                      0x0800d23b   Thumb Code     6  list.o(i.vListInitialiseItem)
    vListInsert                              0x0800d241   Thumb Code    52  list.o(i.vListInsert)
    vListInsertEnd                           0x0800d275   Thumb Code    24  list.o(i.vListInsertEnd)
    vPortEnterCritical                       0x0800d28d   Thumb Code    72  port.o(i.vPortEnterCritical)
    vPortExitCritical                        0x0800d31d   Thumb Code    48  port.o(i.vPortExitCritical)
    vPortFree                                0x0800d391   Thumb Code   120  heap_4.o(i.vPortFree)
    vPortSetupTimerInterrupt                 0x0800d449   Thumb Code    76  port.o(i.vPortSetupTimerInterrupt)
    vPortSuppressTicksAndSleep               0x0800d4a5   Thumb Code   404  port.o(i.vPortSuppressTicksAndSleep)
    vPortValidateInterruptPriority           0x0800d661   Thumb Code    86  port.o(i.vPortValidateInterruptPriority)
    vQueueAddToRegistry                      0x0800d705   Thumb Code    38  queue.o(i.vQueueAddToRegistry)
    vQueueWaitForMessageRestricted           0x0800d731   Thumb Code    74  queue.o(i.vQueueWaitForMessageRestricted)
    vTaskDelay                               0x0800d77d   Thumb Code    72  tasks.o(i.vTaskDelay)
    vTaskDelete                              0x0800d7f1   Thumb Code   192  tasks.o(i.vTaskDelete)
    vTaskMissedYield                         0x0800d8fd   Thumb Code     8  tasks.o(i.vTaskMissedYield)
    vTaskPlaceOnEventList                    0x0800d909   Thumb Code    42  tasks.o(i.vTaskPlaceOnEventList)
    vTaskPlaceOnEventListRestricted          0x0800d95d   Thumb Code    50  tasks.o(i.vTaskPlaceOnEventListRestricted)
    vTaskPriorityInherit                     0x0800d9b9   Thumb Code   164  tasks.o(i.vTaskPriorityInherit)
    vTaskSetTimeOutState                     0x0800da69   Thumb Code    32  tasks.o(i.vTaskSetTimeOutState)
    vTaskStartScheduler                      0x0800dab5   Thumb Code   112  tasks.o(i.vTaskStartScheduler)
    vTaskStepTick                            0x0800db65   Thumb Code    50  tasks.o(i.vTaskStepTick)
    vTaskSuspendAll                          0x0800dbc5   Thumb Code    12  tasks.o(i.vTaskSuspendAll)
    vTaskSwitchContext                       0x0800dbd5   Thumb Code   110  tasks.o(i.vTaskSwitchContext)
    xPortStartScheduler                      0x0800dc7d   Thumb Code   192  port.o(i.xPortStartScheduler)
    xQueueGenericCreate                      0x0800dd95   Thumb Code    78  queue.o(i.xQueueGenericCreate)
    xQueueGenericReceive                     0x0800de09   Thumb Code   416  queue.o(i.xQueueGenericReceive)
    xQueueGenericReset                       0x0800dfd1   Thumb Code   136  queue.o(i.xQueueGenericReset)
    xQueueGenericSend                        0x0800e081   Thumb Code   412  queue.o(i.xQueueGenericSend)
    xQueueGenericSendFromISR                 0x0800e245   Thumb Code   238  queue.o(i.xQueueGenericSendFromISR)
    xTaskCheckForTimeOut                     0x0800e359   Thumb Code   116  tasks.o(i.xTaskCheckForTimeOut)
    xTaskCreate                              0x0800e3f9   Thumb Code    96  tasks.o(i.xTaskCreate)
    xTaskGenericNotify                       0x0800e459   Thumb Code   226  tasks.o(i.xTaskGenericNotify)
    xTaskGenericNotifyFromISR                0x0800e571   Thumb Code   282  tasks.o(i.xTaskGenericNotifyFromISR)
    xTaskGetSchedulerState                   0x0800e6c9   Thumb Code    24  tasks.o(i.xTaskGetSchedulerState)
    xTaskGetTickCount                        0x0800e6e9   Thumb Code     6  tasks.o(i.xTaskGetTickCount)
    xTaskIncrementTick                       0x0800e6f5   Thumb Code   272  tasks.o(i.xTaskIncrementTick)
    xTaskNotifyWait                          0x0800e855   Thumb Code   150  tasks.o(i.xTaskNotifyWait)
    xTaskPriorityDisinherit                  0x0800e8f5   Thumb Code   168  tasks.o(i.xTaskPriorityDisinherit)
    xTaskRemoveFromEventList                 0x0800e9cd   Thumb Code   122  tasks.o(i.xTaskRemoveFromEventList)
    xTaskResumeAll                           0x0800ea85   Thumb Code   214  tasks.o(i.xTaskResumeAll)
    xTimerCreateTimerTask                    0x0800eba5   Thumb Code    56  timers.o(i.xTimerCreateTimerTask)
    xTimerGenericCommand                     0x0800ec19   Thumb Code   118  timers.o(i.xTimerGenericCommand)
    AHBPrescTable                            0x0800ecc4   Data          16  system_stm32f7xx.o(.constdata)
    APBPrescTable                            0x0800ecd4   Data           8  system_stm32f7xx.o(.constdata)
    Region$$Table$$Base                      0x0800f4f0   Number         0  anon$$obj.o(Region$$Table)
    Region$$Table$$Limit                     0x0800f530   Number         0  anon$$obj.o(Region$$Table)
    public_key_string                        0x20000000   Data        2496  utility.o(.data)
    private_key_string                       0x200009c0   Data        1248  utility.o(.data)
    __stdout                                 0x20000ea0   Data           4  usart.o(.data)
    USART_RX_STA                             0x20000ea4   Data           2  usart.o(.data)
    aRxBuffer                                0x20000ea6   Data           1  usart.o(.data)
    led2sta                                  0x20000ea7   Data           1  led.o(.data)
    led1sta                                  0x20000ea8   Data           1  led.o(.data)
    led0sta                                  0x20000ea9   Data           1  led.o(.data)
    LoRa_CFG                                 0x20000ec0   Data          14  mw1268_app.o(.data)
    Lora_Device_Sta                          0x20000ece   Data           1  mw1268_app.o(.data)
    Lora_Int_Sta                             0x20000ecf   Data           1  mw1268_app.o(.data)
    Dire_Date                                0x20000ed0   Data           5  mw1268_app.o(.data)
    SystemCoreClock                          0x20000ed8   Data           4  system_stm32f7xx.o(.data)
    private_key                              0x20000edc   Data         448  utility.o(.bss)
    public_key                               0x2000109c   Data         896  utility.o(.bss)
    USART_RX_BUF                             0x2000141c   Data         200  usart.o(.bss)
    UART1_Handler                            0x200014e4   Data         136  usart.o(.bss)
    RNG_Handler                              0x2000156c   Data          16  rng.o(.bss)
    timx_handler                             0x2000157c   Data          76  btim.o(.bss)
    tim5_handler                             0x200015c8   Data          76  btim.o(.bss)
    tim2_handler                             0x20001614   Data          76  btim.o(.bss)
    tim9_handler                             0x20001660   Data          76  btim.o(.bss)
    tim10_handler                            0x200016ac   Data          76  btim.o(.bss)
    hlptim1                                  0x200016f8   Data          48  btim.o(.bss)
    uart3RxBuffer                            0x20001728   Data        1024  usart3.o(.bss)
    uart3TxBuffer                            0x20001b28   Data        1024  usart3.o(.bss)
    uart3_handler                            0x20001f28   Data         136  usart3.o(.bss)
    Total_low_time                           0x20020000   Data           4  main.o(.data)
    low_flag                                 0x20020004   Data           1  main.o(.data)
    low_IDX                                  0x20020008   Data           4  main.o(.data)
    MY_TIME                                  0x2002000c   Data           4  main.o(.data)
    need_er                                  0x20020010   Data           1  main.o(.data)
    start_ABA                                0x20020011   Data           1  main.o(.data)
    TIM5_Exceed_Times                        0x20020014   Data           4  main.o(.data)
    TIM2_Exceed_Times                        0x20020018   Data           4  main.o(.data)
    TIM9_Exceed_Times                        0x2002001c   Data           4  main.o(.data)
    MY_Consensus_TIME                        0x20020020   Data           4  main.o(.data)
    run_round_flag                           0x20020024   Data           1  main.o(.data)
    run_round                                0x20020025   Data           1  main.o(.data)
    parallel_D                               0x20020026   Data           1  main.o(.data)
    STATE_Set_Number                         0x20020027   Data           1  main.o(.data)
    NACK_Set_Number                          0x20020028   Data           1  main.o(.data)
    ABA_done_Number                          0x20020029   Data           1  main.o(.data)
    RBC_done_Number                          0x2002002a   Data           1  main.o(.data)
    Proposal_Packet_Size                     0x2002002c   Data           4  main.o(.data)
    dec_tx_number                            0x20020030   Data           1  main.o(.data)
    dec_done_number                          0x20020031   Data           1  main.o(.data)
    StartTask_Handler                        0x20020034   Data           4  main.o(.data)
    EventSetBit_Handler                      0x20020038   Data           4  main.o(.data)
    EventGroupTask_Handler                   0x2002003c   Data           4  main.o(.data)
    decidd_flag                              0x20020040   Data           1  main.o(.data)
    ttt                                      0x20020041   Data           1  main.o(.data)
    xxx                                      0x20020042   Data           1  main.o(.data)
    mmm                                      0x20020043   Data           1  main.o(.data)
    nnn                                      0x20020044   Data           1  main.o(.data)
    uwTick                                   0x20020050   Data           4  stm32f7xx_hal.o(.data)
    uwTickPrio                               0x20020054   Data           4  stm32f7xx_hal.o(.data)
    uwTickFreq                               0x20020058   Data           1  stm32f7xx_hal.o(.data)
    total_data                               0x2002005c   Data           4  dma.o(.data)
    buff_data                                0x20020060   Data           4  dma.o(.data)
    start_flag                               0x20020064   Data           1  dma.o(.data)
    buffer_IDX                               0x20020068   Data           4  dma.o(.data)
    PACKET_LEN                               0x2002006c   Data           1  dma.o(.data)
    iii                                      0x2002006d   Data           1  dma.o(.data)
    USART3_RX_STA                            0x20020084   Data           2  usart3.o(.data)
    pxCurrentTCB                             0x2002008c   Data           4  tasks.o(.data)
    tmp_1                                    0x200200e0   Data           4  port.o(.data)
    tmp_times                                0x200200e4   Data           4  port.o(.data)
    low_time                                 0x20020104   Data        1600  main.o(.bss)
    wfi_time                                 0x20020744   Data        1600  main.o(.bss)
    Send_Data_buff                           0x20020d84   Data         800  main.o(.bss)
    Local_ABA_votes                          0x200210a4   Data        1600  main.o(.bss)
    Local_ABA_votes_3_NULL                   0x200216e4   Data         200  main.o(.bss)
    ACK_Local_ABA_votes                      0x200217ac   Data         800  main.o(.bss)
    Local_ABA_RBC_Init                       0x20021acc   Data        8000  main.o(.bss)
    Local_ABA_RBC_Echo                       0x20023a0c   Data         800  main.o(.bss)
    Local_ABA_RBC_Echo_Number                0x20023d2c   Data        8000  main.o(.bss)
    ACK_Local_ABA_RBC_Echo                   0x20025c6c   Data        8000  main.o(.bss)
    Local_ABA_RBC_Ready                      0x20027bac   Data         800  main.o(.bss)
    Local_ABA_RBC_Ready_Number               0x20027ecc   Data        8000  main.o(.bss)
    ACK_Local_ABA_RBC_Ready                  0x20029e0c   Data        8000  main.o(.bss)
    Local_ABA_est                            0x2002bd4c   Data         800  main.o(.bss)
    Local_ABA_vset                           0x2002c06c   Data        1600  main.o(.bss)
    ABA_round                                0x2002c6ac   Data          10  main.o(.bss)
    ABA_R                                    0x2002c6b6   Data          10  main.o(.bss)
    STATE_Set                                0x2002c6c0   Data          10  main.o(.bss)
    NACK_Set                                 0x2002c6ca   Data          10  main.o(.bss)
    ABA_decided                              0x2002c6d4   Data          10  main.o(.bss)
    ABA_time                                 0x2002c6e0   Data          40  main.o(.bss)
    ABA_round_time                           0x2002c708   Data         160  main.o(.bss)
    Block                                    0x2002c7a8   Data        7720  main.o(.bss)
    Block_each_Size                          0x2002e5d0   Data          40  main.o(.bss)
    hash_v                                   0x2002e5f8   Data         320  main.o(.bss)
    RBC_Block                                0x2002e738   Data          40  main.o(.bss)
    RBC_Block_Number                         0x2002e760   Data          10  main.o(.bss)
    RBC_Init                                 0x2002e76a   Data          10  main.o(.bss)
    ACK_RBC_Echo                             0x2002e774   Data         100  main.o(.bss)
    RBC_Echo                                 0x2002e7d8   Data          10  main.o(.bss)
    RBC_Echo_Number                          0x2002e7e2   Data          10  main.o(.bss)
    ACK_RBC_Ready                            0x2002e7ec   Data         100  main.o(.bss)
    RBC_Ready                                0x2002e850   Data          10  main.o(.bss)
    RBC_Ready_Number                         0x2002e85a   Data          10  main.o(.bss)
    RBC_done                                 0x2002e864   Data          10  main.o(.bss)
    Transaction                              0x2002e86e   Data        7040  main.o(.bss)
    tx_passwd                                0x200303ee   Data          16  main.o(.bss)
    enc_tx_passwd                            0x200303fe   Data         160  main.o(.bss)
    dec_tx_passwd                            0x2003049e   Data         160  main.o(.bss)
    tmp_tx_buff                              0x2003053e   Data         900  main.o(.bss)
    tmp_enc_tx_buff                          0x200308c2   Data         900  main.o(.bss)
    tmp_dec_tx_buff                          0x20030c46   Data         900  main.o(.bss)
    ACK_Share                                0x20030fca   Data         100  main.o(.bss)
    Tx_Share                                 0x2003102e   Data        2100  main.o(.bss)
    Tx_U                                     0x20031864   Data         840  main.o(.bss)
    Tx_U_str                                 0x20031bac   Data         210  main.o(.bss)
    Tx_W                                     0x20031c80   Data        1680  main.o(.bss)
    Tx_H                                     0x20032310   Data        1680  main.o(.bss)
    Tx_shares                                0x200329a0   Data       16800  main.o(.bss)
    Tx_shares_str                            0x20036b40   Data        4200  main.o(.bss)
    Tx_shares_Number                         0x20037ba8   Data          10  main.o(.bss)
    dec_tx_flag                              0x20037bb2   Data          10  main.o(.bss)
    tmp_buff                                 0x20037bbc   Data        3000  main.o(.bss)
    tmp_block                                0x20038774   Data         193  main.o(.bss)
    tmp_hash                                 0x20038835   Data          32  main.o(.bss)
    buff                                     0x20038855   Data         300  main.o(.bss)
    UART3RxDMA_Handler                       0x20038984   Data          96  dma.o(.bss)
    UART3TxDMA_Handler                       0x200389e4   Data          96  dma.o(.bss)
    ReceBuff                                 0x20038a44   Data         400  dma.o(.bss)
    DMA_buffer                               0x20038bd4   Data       30000  dma.o(.bss)
    xQueueRegistry                           0x20040104   Data          64  queue.o(.bss)
    date                                     0x20051c78   Data          30  mw1268_app.o(.bss)
    Tran_Data                                0x20051c96   Data         800  mw1268_app.o(.bss)
    __initial_sp                             0x20061fb8   Data           0  startup_stm32f767xx.o(STACK)



==============================================================================

Memory Map of the image

  Image Entry point : 0x080001f9

  Load Region LR_IROM1 (Base: 0x08000000, Size: 0x00010510, Max: 0x00200000, ABSOLUTE, COMPRESSED[0x0000fdfc])

    Execution Region ER_IROM1 (Exec base: 0x08000000, Load base: 0x08000000, Size: 0x0000f530, Max: 0x00200000, ABSOLUTE)

    Exec Addr    Load Addr    Size         Type   Attr      Idx    E Section Name        Object

    0x08000000   0x08000000   0x000001f8   Data   RO         4428    RESET               startup_stm32f767xx.o
    0x080001f8   0x080001f8   0x00000000   Code   RO        10304  * .ARM.Collect$$$$00000000  mc_w.l(entry.o)
    0x080001f8   0x080001f8   0x00000004   Code   RO        10596    .ARM.Collect$$$$00000001  mc_w.l(entry2.o)
    0x080001fc   0x080001fc   0x00000004   Code   RO        10599    .ARM.Collect$$$$00000004  mc_w.l(entry5.o)
    0x08000200   0x08000200   0x00000000   Code   RO        10601    .ARM.Collect$$$$00000008  mc_w.l(entry7b.o)
    0x08000200   0x08000200   0x00000000   Code   RO        10603    .ARM.Collect$$$$0000000A  mc_w.l(entry8b.o)
    0x08000200   0x08000200   0x00000008   Code   RO        10604    .ARM.Collect$$$$0000000B  mc_w.l(entry9a.o)
    0x08000208   0x08000208   0x00000004   Code   RO        10611    .ARM.Collect$$$$0000000E  mc_w.l(entry12b.o)
    0x0800020c   0x0800020c   0x00000000   Code   RO        10606    .ARM.Collect$$$$0000000F  mc_w.l(entry10a.o)
    0x0800020c   0x0800020c   0x00000000   Code   RO        10608    .ARM.Collect$$$$00000011  mc_w.l(entry11a.o)
    0x0800020c   0x0800020c   0x00000004   Code   RO        10597    .ARM.Collect$$$$00002712  mc_w.l(entry2.o)
    0x08000210   0x08000210   0x000000ba   Code   RO         5879    .emb_text           port.o
    0x080002ca   0x080002ca   0x00000002   PAD
    0x080002cc   0x080002cc   0x00000024   Code   RO         4429    .text               startup_stm32f767xx.o
    0x080002f0   0x080002f0   0x00000062   Code   RO        10315    .text               mc_w.l(uldiv.o)
    0x08000352   0x08000352   0x0000001e   Code   RO        10317    .text               mc_w.l(llshl.o)
    0x08000370   0x08000370   0x00000020   Code   RO        10319    .text               mc_w.l(llushr.o)
    0x08000390   0x08000390   0x00000024   Code   RO        10321    .text               mc_w.l(memcpya.o)
    0x080003b4   0x080003b4   0x00000024   Code   RO        10325    .text               mc_w.l(memseta.o)
    0x080003d8   0x080003d8   0x00000024   Code   RO        10327    .text               mc_w.l(strstr.o)
    0x080003fc   0x080003fc   0x0000000e   Code   RO        10329    .text               mc_w.l(strlen.o)
    0x0800040a   0x0800040a   0x0000002c   Code   RO        10623    .text               mc_w.l(uidiv.o)
    0x08000436   0x08000436   0x00000000   Code   RO        10625    .text               mc_w.l(iusefp.o)
    0x08000436   0x08000436   0x0000014e   Code   RO        10626    .text               mf_w.l(dadd.o)
    0x08000584   0x08000584   0x000000e4   Code   RO        10628    .text               mf_w.l(dmul.o)
    0x08000668   0x08000668   0x000000de   Code   RO        10630    .text               mf_w.l(ddiv.o)
    0x08000746   0x08000746   0x00000030   Code   RO        10632    .text               mf_w.l(dfixul.o)
    0x08000776   0x08000776   0x00000002   PAD
    0x08000778   0x08000778   0x00000030   Code   RO        10634    .text               mf_w.l(cdrcmple.o)
    0x080007a8   0x080007a8   0x00000024   Code   RO        10636    .text               mc_w.l(init.o)
    0x080007cc   0x080007cc   0x00000024   Code   RO        10639    .text               mc_w.l(llsshr.o)
    0x080007f0   0x080007f0   0x000000ba   Code   RO        10642    .text               mf_w.l(depilogue.o)
    0x080008aa   0x080008aa   0x0000005e   Code   RO        10652    .text               mc_w.l(__dclz77c.o)
    0x08000908   0x08000908   0x000003cc   Code   RO            5    i.ABA_STATE_handler  main.o
    0x08000cd4   0x08000cd4   0x000002b8   Code   RO            6    i.ABA_init          main.o
    0x08000f8c   0x08000f8c   0x0000004c   Code   RO         5976    i.Aux_Int           mw1268_app.o
    0x08000fd8   0x08000fd8   0x00000004   Code   RO          456    i.BusFault_Handler  stm32f7xx_it.o
    0x08000fdc   0x08000fdc   0x00000198   Code   RO         4436    i.DMA1_Stream1_IRQHandler  dma.o
    0x08001174   0x08001174   0x00000164   Code   RO         4437    i.DMA1_Stream3_IRQHandler  dma.o
    0x080012d8   0x080012d8   0x00000034   Code   RO         1264    i.DMA_CalcBaseAndBitshift  stm32f7xx_hal_dma.o
    0x0800130c   0x0800130c   0x000000aa   Code   RO         1265    i.DMA_CheckFifoParam  stm32f7xx_hal_dma.o
    0x080013b6   0x080013b6   0x0000002c   Code   RO         1266    i.DMA_SetConfig     stm32f7xx_hal_dma.o
    0x080013e2   0x080013e2   0x00000002   Code   RO          457    i.DebugMon_Handler  stm32f7xx_it.o
    0x080013e4   0x080013e4   0x00000118   Code   RO         5977    i.EXTI15_10_IRQHandler  mw1268_app.o
    0x080014fc   0x080014fc   0x00000010   Code   RO          725    i.GPIO_Pin_Set      sys.o
    0x0800150c   0x0800150c   0x000000ac   Code   RO         1267    i.HAL_DMA_Abort     stm32f7xx_hal_dma.o
    0x080015b8   0x080015b8   0x00000028   Code   RO         1268    i.HAL_DMA_Abort_IT  stm32f7xx_hal_dma.o
    0x080015e0   0x080015e0   0x0000006e   Code   RO         1269    i.HAL_DMA_DeInit    stm32f7xx_hal_dma.o
    0x0800164e   0x0800164e   0x00000006   Code   RO         1270    i.HAL_DMA_GetError  stm32f7xx_hal_dma.o
    0x08001654   0x08001654   0x000000ec   Code   RO         1273    i.HAL_DMA_Init      stm32f7xx_hal_dma.o
    0x08001740   0x08001740   0x0000009e   Code   RO         1277    i.HAL_DMA_Start_IT  stm32f7xx_hal_dma.o
    0x080017de   0x080017de   0x00000002   PAD
    0x080017e0   0x080017e0   0x0000020c   Code   RO         1414    i.HAL_GPIO_Init     stm32f7xx_hal_gpio.o
    0x080019ec   0x080019ec   0x00000010   Code   RO         1416    i.HAL_GPIO_ReadPin  stm32f7xx_hal_gpio.o
    0x080019fc   0x080019fc   0x0000000c   Code   RO         1418    i.HAL_GPIO_WritePin  stm32f7xx_hal_gpio.o
    0x08001a08   0x08001a08   0x0000000c   Code   RO          895    i.HAL_GetTick       stm32f7xx_hal.o
    0x08001a14   0x08001a14   0x00000030   Code   RO          902    i.HAL_Init          stm32f7xx_hal.o
    0x08001a44   0x08001a44   0x0000004c   Code   RO          903    i.HAL_InitTick      stm32f7xx_hal.o
    0x08001a90   0x08001a90   0x0000005c   Code   RO         1124    i.HAL_MPU_ConfigRegion  stm32f7xx_hal_cortex.o
    0x08001aec   0x08001aec   0x0000002c   Code   RO         1125    i.HAL_MPU_Disable   stm32f7xx_hal_cortex.o
    0x08001b18   0x08001b18   0x00000040   Code   RO         1126    i.HAL_MPU_Enable    stm32f7xx_hal_cortex.o
    0x08001b58   0x08001b58   0x00000002   Code   RO          905    i.HAL_MspInit       stm32f7xx_hal.o
    0x08001b5a   0x08001b5a   0x00000002   PAD
    0x08001b5c   0x08001b5c   0x0000001c   Code   RO         1128    i.HAL_NVIC_DisableIRQ  stm32f7xx_hal_cortex.o
    0x08001b78   0x08001b78   0x0000001a   Code   RO         1129    i.HAL_NVIC_EnableIRQ  stm32f7xx_hal_cortex.o
    0x08001b92   0x08001b92   0x0000007c   Code   RO         1135    i.HAL_NVIC_SetPriority  stm32f7xx_hal_cortex.o
    0x08001c0e   0x08001c0e   0x00000002   PAD
    0x08001c10   0x08001c10   0x00000028   Code   RO         1136    i.HAL_NVIC_SetPriorityGrouping  stm32f7xx_hal_cortex.o
    0x08001c38   0x08001c38   0x00000090   Code   RO         2393    i.HAL_PWREx_EnableOverDrive  stm32f7xx_hal_pwr_ex.o
    0x08001cc8   0x08001cc8   0x00000194   Code   RO         2480    i.HAL_RCC_ClockConfig  stm32f7xx_hal_rcc.o
    0x08001e5c   0x08001e5c   0x0000000c   Code   RO         2485    i.HAL_RCC_GetHCLKFreq  stm32f7xx_hal_rcc.o
    0x08001e68   0x08001e68   0x00000020   Code   RO         2487    i.HAL_RCC_GetPCLK1Freq  stm32f7xx_hal_rcc.o
    0x08001e88   0x08001e88   0x00000020   Code   RO         2488    i.HAL_RCC_GetPCLK2Freq  stm32f7xx_hal_rcc.o
    0x08001ea8   0x08001ea8   0x000000b0   Code   RO         2489    i.HAL_RCC_GetSysClockFreq  stm32f7xx_hal_rcc.o
    0x08001f58   0x08001f58   0x00000514   Code   RO         2492    i.HAL_RCC_OscConfig  stm32f7xx_hal_rcc.o
    0x0800246c   0x0800246c   0x00000086   Code   RO         2643    i.HAL_RNG_GenerateRandomNumber  stm32f7xx_hal_rng.o
    0x080024f2   0x080024f2   0x00000018   Code   RO         2646    i.HAL_RNG_GetRandomNumber  stm32f7xx_hal_rng.o
    0x0800250a   0x0800250a   0x00000034   Code   RO         2650    i.HAL_RNG_Init      stm32f7xx_hal_rng.o
    0x0800253e   0x0800253e   0x00000002   PAD
    0x08002540   0x08002540   0x00000024   Code   RO         4525    i.HAL_RNG_MspInit   rng.o
    0x08002564   0x08002564   0x00000028   Code   RO         1138    i.HAL_SYSTICK_CLKSourceConfig  stm32f7xx_hal_cortex.o
    0x0800258c   0x0800258c   0x00000034   Code   RO         1140    i.HAL_SYSTICK_Config  stm32f7xx_hal_cortex.o
    0x080025c0   0x080025c0   0x00000002   Code   RO         3470    i.HAL_TIMEx_Break2Callback  stm32f7xx_hal_tim_ex.o
    0x080025c2   0x080025c2   0x00000002   Code   RO         3471    i.HAL_TIMEx_BreakCallback  stm32f7xx_hal_tim_ex.o
    0x080025c4   0x080025c4   0x00000002   Code   RO         3472    i.HAL_TIMEx_CommutCallback  stm32f7xx_hal_tim_ex.o
    0x080025c6   0x080025c6   0x0000006e   Code   RO         2745    i.HAL_TIM_Base_Init  stm32f7xx_hal_tim.o
    0x08002634   0x08002634   0x0000012c   Code   RO         4571    i.HAL_TIM_Base_MspInit  btim.o
    0x08002760   0x08002760   0x000000b4   Code   RO         2750    i.HAL_TIM_Base_Start_IT  stm32f7xx_hal_tim.o
    0x08002814   0x08002814   0x00000002   Code   RO         2779    i.HAL_TIM_IC_CaptureCallback  stm32f7xx_hal_tim.o
    0x08002816   0x08002816   0x000001b8   Code   RO         2793    i.HAL_TIM_IRQHandler  stm32f7xx_hal_tim.o
    0x080029ce   0x080029ce   0x00000002   Code   RO         2796    i.HAL_TIM_OC_DelayElapsedCallback  stm32f7xx_hal_tim.o
    0x080029d0   0x080029d0   0x00000002   Code   RO         2823    i.HAL_TIM_PWM_PulseFinishedCallback  stm32f7xx_hal_tim.o
    0x080029d2   0x080029d2   0x00000002   PAD
    0x080029d4   0x080029d4   0x00000148   Code   RO         4572    i.HAL_TIM_PeriodElapsedCallback  btim.o
    0x08002b1c   0x08002b1c   0x00000002   Code   RO         2836    i.HAL_TIM_TriggerCallback  stm32f7xx_hal_tim.o
    0x08002b1e   0x08002b1e   0x00000002   Code   RO         3764    i.HAL_UARTEx_RxEventCallback  stm32f7xx_hal_uart.o
    0x08002b20   0x08002b20   0x00000002   Code   RO         3765    i.HAL_UARTEx_WakeupCallback  stm32f7xx_hal_uart.o
    0x08002b22   0x08002b22   0x000000b6   Code   RO         3777    i.HAL_UART_DMAStop  stm32f7xx_hal_uart.o
    0x08002bd8   0x08002bd8   0x00000002   Code   RO         3781    i.HAL_UART_ErrorCallback  stm32f7xx_hal_uart.o
    0x08002bda   0x08002bda   0x0000000e   Code   RO         3783    i.HAL_UART_GetState  stm32f7xx_hal_uart.o
    0x08002be8   0x08002be8   0x00000350   Code   RO         3784    i.HAL_UART_IRQHandler  stm32f7xx_hal_uart.o
    0x08002f38   0x08002f38   0x00000074   Code   RO         3785    i.HAL_UART_Init     stm32f7xx_hal_uart.o
    0x08002fac   0x08002fac   0x00000002   Code   RO          421    i.HAL_UART_MspInit  stm32f7xx_hal_msp.o
    0x08002fae   0x08002fae   0x00000050   Code   RO         3789    i.HAL_UART_Receive_DMA  stm32f7xx_hal_uart.o
    0x08002ffe   0x08002ffe   0x00000050   Code   RO         3790    i.HAL_UART_Receive_IT  stm32f7xx_hal_uart.o
    0x0800304e   0x0800304e   0x00000002   PAD
    0x08003050   0x08003050   0x00000088   Code   RO          819    i.HAL_UART_RxCpltCallback  usart.o
    0x080030d8   0x080030d8   0x00000002   Code   RO         3793    i.HAL_UART_RxHalfCpltCallback  stm32f7xx_hal_uart.o
    0x080030da   0x080030da   0x000000b2   Code   RO         3794    i.HAL_UART_Transmit  stm32f7xx_hal_uart.o
    0x0800318c   0x0800318c   0x00000002   Code   RO         3797    i.HAL_UART_TxCpltCallback  stm32f7xx_hal_uart.o
    0x0800318e   0x0800318e   0x0000007a   Code   RO         9257    i.HASH256_hash      hash.o
    0x08003208   0x08003208   0x00000064   Code   RO         9258    i.HASH256_init      hash.o
    0x0800326c   0x0800326c   0x00000052   Code   RO         9259    i.HASH256_process   hash.o
    0x080032be   0x080032be   0x00000002   PAD
    0x080032c0   0x080032c0   0x000001f8   Code   RO         9260    i.HASH256_transform  hash.o
    0x080034b8   0x080034b8   0x00000004   Code   RO          458    i.HardFault_Handler  stm32f7xx_it.o
    0x080034bc   0x080034bc   0x00000058   Code   RO         4495    i.LED_Init          led.o
    0x08003514   0x08003514   0x00000284   Code   RO         5978    i.LoRa_Init         mw1268_app.o
    0x08003798   0x08003798   0x00000028   Code   RO         5980    i.LoRa_SendData     mw1268_app.o
    0x080037c0   0x080037c0   0x0000021c   Code   RO         5981    i.LoRa_Set          mw1268_app.o
    0x080039dc   0x080039dc   0x0000004e   Code   RO          590    i.MPU_Config        utility.o
    0x08003a2a   0x08003a2a   0x00000002   PAD
    0x08003a2c   0x08003a2c   0x000000c0   Code   RO         4438    i.MYDMA_Config_Rece  dma.o
    0x08003aec   0x08003aec   0x00000004   Code   RO          459    i.MemManage_Handler  stm32f7xx_it.o
    0x08003af0   0x08003af0   0x00000002   Code   RO          460    i.NMI_Handler       stm32f7xx_it.o
    0x08003af2   0x08003af2   0x00000002   PAD
    0x08003af4   0x08003af4   0x00000010   Code   RO         1142    i.NVIC_GetPriorityGrouping  stm32f7xx_hal_cortex.o
    0x08003b04   0x08003b04   0x00000028   Code   RO         1143    i.NVIC_SetPriority  stm32f7xx_hal_cortex.o
    0x08003b2c   0x08003b2c   0x00001480   Code   RO            8    i.PACKET_handler    main.o
    0x08004fac   0x08004fac   0x000000c0   Code   RO          591    i.PostSleepProcessing  utility.o
    0x0800506c   0x0800506c   0x00000050   Code   RO          592    i.PreSleepProcessing  utility.o
    0x080050bc   0x080050bc   0x00000010   Code   RO         4526    i.RNG_Get_RandomNum  rng.o
    0x080050cc   0x080050cc   0x00000048   Code   RO         4528    i.RNG_Init          rng.o
    0x08005114   0x08005114   0x0000002a   Code   RO          594    i.Sixteen2Ten       utility.o
    0x0800513e   0x0800513e   0x00000002   PAD
    0x08005140   0x08005140   0x00000038   Code   RO         5880    i.SysTick_Handler   port.o
    0x08005178   0x08005178   0x00000070   Code   RO          595    i.SystemClock_Config  utility.o
    0x080051e8   0x080051e8   0x00000014   Code   RO         6086    i.SystemInit        system_stm32f7xx.o
    0x080051fc   0x080051fc   0x00000010   Code   RO         4574    i.TIM1_BRK_TIM9_IRQHandler  btim.o
    0x0800520c   0x0800520c   0x00000010   Code   RO         4575    i.TIM1_UP_TIM10_IRQHandler  btim.o
    0x0800521c   0x0800521c   0x00000010   Code   RO         4576    i.TIM2_IRQHandler   btim.o
    0x0800522c   0x0800522c   0x00000010   Code   RO         4578    i.TIM5_IRQHandler   btim.o
    0x0800523c   0x0800523c   0x00000010   Code   RO         4579    i.TIM7_IRQHandler   btim.o
    0x0800524c   0x0800524c   0x000000d8   Code   RO         2838    i.TIM_Base_SetConfig  stm32f7xx_hal_tim.o
    0x08005324   0x08005324   0x000000f8   Code   RO         3799    i.UART_AdvFeatureConfig  stm32f7xx_hal_uart.o
    0x0800541c   0x0800541c   0x00000076   Code   RO         3800    i.UART_CheckIdleState  stm32f7xx_hal_uart.o
    0x08005492   0x08005492   0x00000018   Code   RO         3801    i.UART_DMAAbortOnError  stm32f7xx_hal_uart.o
    0x080054aa   0x080054aa   0x0000005c   Code   RO         3802    i.UART_DMAError     stm32f7xx_hal_uart.o
    0x08005506   0x08005506   0x000000ae   Code   RO         3803    i.UART_DMAReceiveCplt  stm32f7xx_hal_uart.o
    0x080055b4   0x080055b4   0x00000026   Code   RO         3805    i.UART_DMARxHalfCplt  stm32f7xx_hal_uart.o
    0x080055da   0x080055da   0x00000066   Code   RO         3811    i.UART_EndRxTransfer  stm32f7xx_hal_uart.o
    0x08005640   0x08005640   0x0000002e   Code   RO         3812    i.UART_EndTransmit_IT  stm32f7xx_hal_uart.o
    0x0800566e   0x0800566e   0x00000020   Code   RO         3813    i.UART_EndTxTransfer  stm32f7xx_hal_uart.o
    0x0800568e   0x0800568e   0x000000d4   Code   RO         3814    i.UART_RxISR_16BIT  stm32f7xx_hal_uart.o
    0x08005762   0x08005762   0x000000d0   Code   RO         3815    i.UART_RxISR_8BIT   stm32f7xx_hal_uart.o
    0x08005832   0x08005832   0x00000002   PAD
    0x08005834   0x08005834   0x0000033c   Code   RO         3816    i.UART_SetConfig    stm32f7xx_hal_uart.o
    0x08005b70   0x08005b70   0x000000c0   Code   RO         3817    i.UART_Start_Receive_DMA  stm32f7xx_hal_uart.o
    0x08005c30   0x08005c30   0x000000f4   Code   RO         3818    i.UART_Start_Receive_IT  stm32f7xx_hal_uart.o
    0x08005d24   0x08005d24   0x000000fc   Code   RO         3821    i.UART_WaitOnFlagUntilTimeout  stm32f7xx_hal_uart.o
    0x08005e20   0x08005e20   0x00000050   Code   RO          820    i.USART1_IRQHandler  usart.o
    0x08005e70   0x08005e70   0x0000007c   Code   RO         4776    i.USART3_IRQHandler  usart3.o
    0x08005eec   0x08005eec   0x00000004   Code   RO          461    i.UsageFault_Handler  stm32f7xx_it.o
    0x08005ef0   0x08005ef0   0x0000007c   Code   RO         5983    i.User_GpioInit     mw1268_app.o
    0x08005f6c   0x08005f6c   0x00000060   Code   RO         6198    i._Z12regularize_kPKjPjS1_PK12uECC_Curve_t  uecc.o
    0x08005fcc   0x08005fcc   0x00000040   Code   RO         6199    i._Z12uECC_vli_addPjPKjS1_a  uecc.o
    0x0800600c   0x0800600c   0x00000042   Code   RO         6200    i._Z12uECC_vli_cmpPKjS0_a  uecc.o
    0x0800604e   0x0800604e   0x0000001a   Code   RO         6201    i._Z12uECC_vli_setPjPKja  uecc.o
    0x08006068   0x08006068   0x00000042   Code   RO         6202    i._Z12uECC_vli_subPjPKjS1_a  uecc.o
    0x080060aa   0x080060aa   0x000001ae   Code   RO         6203    i._Z13EccPoint_multPjPKjS1_S1_sPK12uECC_Curve_t  uecc.o
    0x08006258   0x08006258   0x00000142   Code   RO         6204    i._Z13uECC_vli_mmodPjS_PKja  uecc.o
    0x0800639a   0x0800639a   0x000000ae   Code   RO         6205    i._Z13uECC_vli_multPjPKjS1_a  uecc.o
    0x08006448   0x08006448   0x00000020   Code   RO         6206    i._Z13vli_numDigitsPKja  uecc.o
    0x08006468   0x08006468   0x00000016   Code   RO         6207    i._Z14uECC_vli_clearPja  uecc.o
    0x0800647e   0x0800647e   0x0000002c   Code   RO         6208    i._Z14uECC_vli_equalPKjS0_a  uecc.o
    0x080064aa   0x080064aa   0x00000002   PAD
    0x080064ac   0x080064ac   0x00000058   Code   RO         6209    i._Z14x_side_defaultPjPKjPK12uECC_Curve_t  uecc.o
    0x08006504   0x08006504   0x00000024   Code   RO         6210    i._Z15uECC_vli_isZeroPKja  uecc.o
    0x08006528   0x08006528   0x00000040   Code   RO         6211    i._Z15uECC_vli_modAddPjPKjS1_S1_a  uecc.o
    0x08006568   0x08006568   0x00000132   Code   RO         6212    i._Z15uECC_vli_modInvPjPKjS1_a  uecc.o
    0x0800669a   0x0800669a   0x00000034   Code   RO         6213    i._Z15uECC_vli_modSubPjPKjS1_S1_a  uecc.o
    0x080066ce   0x080066ce   0x00000002   PAD
    0x080066d0   0x080066d0   0x00000080   Code   RO         6214    i._Z16mod_sqrt_defaultPjPK12uECC_Curve_t  uecc.o
    0x08006750   0x08006750   0x0000018c   Code   RO         6215    i._Z16uECC_sign_with_kPKhS0_jPjPhPK12uECC_Curve_t  uecc.o
    0x080068dc   0x080068dc   0x00000030   Code   RO         6217    i._Z16uECC_vli_modMultPjPKjS1_S1_a  uecc.o
    0x0800690c   0x0800690c   0x00000036   Code   RO         6218    i._Z16uECC_vli_numBitsPKja  uecc.o
    0x08006942   0x08006942   0x00000022   Code   RO         6219    i._Z16uECC_vli_rshift1Pja  uecc.o
    0x08006964   0x08006964   0x00000016   Code   RO         6220    i._Z16uECC_vli_testBitPKjs  uecc.o
    0x0800697a   0x0800697a   0x00000032   Code   RO         6221    i._Z16x_side_secp256k1PjPKjPK12uECC_Curve_t  uecc.o
    0x080069ac   0x080069ac   0x00000040   Code   RO         6222    i._Z17vli_modInv_updatePjPKja  uecc.o
    0x080069ec   0x080069ec   0x00000098   Code   RO         6223    i._Z18mod_sqrt_secp224r1PjPK12uECC_Curve_t  uecc.o
    0x08006a84   0x08006a84   0x00000074   Code   RO         6224    i._Z19XYcZ_initial_doublePjS_S_S_PKjPK12uECC_Curve_t  uecc.o
    0x08006af8   0x08006af8   0x0000003a   Code   RO         6225    i._Z19uECC_vli_cmp_unsafePKjS0_a  uecc.o
    0x08006b32   0x08006b32   0x0000004e   Code   RO         6226    i._Z20omega_mult_secp160r1PjPKj  uecc.o
    0x08006b80   0x08006b80   0x00000044   Code   RO         6227    i._Z20omega_mult_secp256k1PjPKj  uecc.o
    0x08006bc4   0x08006bc4   0x000000c4   Code   RO         6228    i._Z21mod_sqrt_secp224r1_rmPjS_S_PKjS1_S1_S1_S1_  uecc.o
    0x08006c88   0x08006c88   0x000000b4   Code   RO         6229    i._Z21mod_sqrt_secp224r1_rpPjS_S_PKjS1_  uecc.o
    0x08006d3c   0x08006d3c   0x00000088   Code   RO         6230    i._Z21mod_sqrt_secp224r1_rsPjS_S_PKjS1_S1_  uecc.o
    0x08006dc4   0x08006dc4   0x00000028   Code   RO         6231    i._Z21uECC_vli_modMult_fastPjPKjS1_PK12uECC_Curve_t  uecc.o
    0x08006dec   0x08006dec   0x00000058   Code   RO         6232    i._Z22mod_sqrt_secp224r1_rssPjS_S_PKjS1_S1_s  uecc.o
    0x08006e44   0x08006e44   0x0000004a   Code   RO         6233    i._Z22uECC_vli_bytesToNativePjPKhi  uecc.o
    0x08006e8e   0x08006e8e   0x00000024   Code   RO         6234    i._Z22uECC_vli_nativeToBytesPhiPKj  uecc.o
    0x08006eb2   0x08006eb2   0x00000154   Code   RO         6235    i._Z23double_jacobian_defaultPjS_S_PK12uECC_Curve_t  uecc.o
    0x08007006   0x08007006   0x00000016   Code   RO         6236    i._Z23uECC_vli_modSquare_fastPjPKjPK12uECC_Curve_t  uecc.o
    0x0800701c   0x0800701c   0x00000084   Code   RO         6237    i._Z23vli_mmod_fast_secp160r1PjS_  uecc.o
    0x080070a0   0x080070a0   0x0000009c   Code   RO         6238    i._Z23vli_mmod_fast_secp192r1PjS_  uecc.o
    0x0800713c   0x0800713c   0x000000e8   Code   RO         6239    i._Z23vli_mmod_fast_secp224r1PjS_  uecc.o
    0x08007224   0x08007224   0x00000084   Code   RO         6240    i._Z23vli_mmod_fast_secp256k1PjS_  uecc.o
    0x080072a8   0x080072a8   0x000001c8   Code   RO         6241    i._Z23vli_mmod_fast_secp256r1PjS_  uecc.o
    0x08007470   0x08007470   0x00000078   Code   RO         6242    i._Z24uECC_generate_random_intPjPKja  uecc.o
    0x080074e8   0x080074e8   0x00000100   Code   RO         6243    i._Z25double_jacobian_secp256k1PjS_S_PK12uECC_Curve_t  uecc.o
    0x080075e8   0x080075e8   0x0000000e   Code   RO         6245    i._Z4smaxss         uecc.o
    0x080075f6   0x080075f6   0x0000004e   Code   RO         6246    i._Z6muladdjjPjS_S_  uecc.o
    0x08007644   0x08007644   0x0000003e   Code   RO         6247    i._Z7apply_zPjS_PKjPK12uECC_Curve_t  uecc.o
    0x08007682   0x08007682   0x000000ca   Code   RO         6248    i._Z8XYcZ_addPjS_S_S_PK12uECC_Curve_t  uecc.o
    0x0800774c   0x0800774c   0x000000a8   Code   RO         6249    i._Z8bits2intPjPKhjPK12uECC_Curve_t  uecc.o
    0x080077f4   0x080077f4   0x00000118   Code   RO         6252    i._Z9XYcZ_addCPjS_S_S_PK12uECC_Curve_t  uecc.o
    0x0800790c   0x0800790c   0x00000020   Code   RO        10568    i.__0printf         mc_w.l(printfa.o)
    0x0800792c   0x0800792c   0x00000028   Code   RO        10570    i.__0sprintf        mc_w.l(printfa.o)
    0x08007954   0x08007954   0x00000024   Code   RO        10574    i.__0vsprintf       mc_w.l(printfa.o)
    0x08007978   0x08007978   0x0000000e   Code   RO        10646    i.__scatterload_copy  mc_w.l(handlers.o)
    0x08007986   0x08007986   0x00000002   Code   RO        10647    i.__scatterload_null  mc_w.l(handlers.o)
    0x08007988   0x08007988   0x0000000e   Code   RO        10648    i.__scatterload_zeroinit  mc_w.l(handlers.o)
    0x08007996   0x08007996   0x00000002   PAD
    0x08007998   0x08007998   0x00000184   Code   RO        10575    i._fp_digits        mc_w.l(printfa.o)
    0x08007b1c   0x08007b1c   0x000006b4   Code   RO        10576    i._printf_core      mc_w.l(printfa.o)
    0x080081d0   0x080081d0   0x00000024   Code   RO        10577    i._printf_post_padding  mc_w.l(printfa.o)
    0x080081f4   0x080081f4   0x0000002e   Code   RO        10578    i._printf_pre_padding  mc_w.l(printfa.o)
    0x08008222   0x08008222   0x0000000a   Code   RO        10580    i._sputc            mc_w.l(printfa.o)
    0x0800822c   0x0800822c   0x0000002c   Code   RO         4587    i.btim_tim2_int_init  btim.o
    0x08008258   0x08008258   0x00000034   Code   RO         4590    i.btim_tim5_enable  btim.o
    0x0800828c   0x0800828c   0x0000002c   Code   RO         4591    i.btim_tim5_int_init  btim.o
    0x080082b8   0x080082b8   0x0000000c   Code   RO         4597    i.btim_timx_counterset  btim.o
    0x080082c4   0x080082c4   0x00000034   Code   RO         4598    i.btim_timx_enable  btim.o
    0x080082f8   0x080082f8   0x0000002c   Code   RO         4599    i.btim_timx_int_init  btim.o
    0x08008324   0x08008324   0x00000044   Code   RO          676    i.delay_init        delay.o
    0x08008368   0x08008368   0x00000040   Code   RO          677    i.delay_ms          delay.o
    0x080083a8   0x080083a8   0x00000048   Code   RO          678    i.delay_us          delay.o
    0x080083f0   0x080083f0   0x0000003c   Code   RO         5281    i.eTaskConfirmSleepModeStatus  tasks.o
    0x0800842c   0x0800842c   0x000000a4   Code   RO           17    i.eventgroup_task   main.o
    0x080084d0   0x080084d0   0x00000028   Code   RO           18    i.eventsetbit_task  main.o
    0x080084f8   0x080084f8   0x0000001c   Code   RO          822    i.fputc             usart.o
    0x08008514   0x08008514   0x00000034   Code   RO           19    i.init              main.o
    0x08008548   0x08008548   0x000000d0   Code   RO          597    i.init_public_key   utility.o
    0x08008618   0x08008618   0x00000034   Code   RO         6055    i.lora_check_cmd    mw1268_uart.o
    0x0800864c   0x0800864c   0x00000080   Code   RO         6056    i.lora_send_cmd     mw1268_uart.o
    0x080086cc   0x080086cc   0x0000004c   Code   RO           20    i.main              main.o
    0x08008718   0x08008718   0x00000044   Code   RO          598    i.my_RNG            utility.o
    0x0800875c   0x0800875c   0x00000098   Code   RO         5284    i.prvAddCurrentTaskToDelayedList  tasks.o
    0x080087f4   0x080087f4   0x000000b8   Code   RO         5285    i.prvAddNewTaskToReadyList  tasks.o
    0x080088ac   0x080088ac   0x00000064   Code   RO         5676    i.prvCheckForValidListAndQueue  timers.o
    0x08008910   0x08008910   0x00000064   Code   RO         5286    i.prvCheckTasksWaitingTermination  tasks.o
    0x08008974   0x08008974   0x0000002a   Code   RO         5035    i.prvCopyDataFromQueue  queue.o
    0x0800899e   0x0800899e   0x0000007c   Code   RO         5036    i.prvCopyDataToQueue  queue.o
    0x08008a1a   0x08008a1a   0x00000012   Code   RO         5287    i.prvDeleteTCB      tasks.o
    0x08008a2c   0x08008a2c   0x0000004c   Code   RO         5288    i.prvGetExpectedIdleTime  tasks.o
    0x08008a78   0x08008a78   0x00000028   Code   RO         5677    i.prvGetNextExpireTime  timers.o
    0x08008aa0   0x08008aa0   0x0000007c   Code   RO         5818    i.prvHeapInit       heap_4.o
    0x08008b1c   0x08008b1c   0x00000098   Code   RO         5289    i.prvIdleTask       tasks.o
    0x08008bb4   0x08008bb4   0x0000002e   Code   RO         5038    i.prvInitialiseNewQueue  queue.o
    0x08008be2   0x08008be2   0x00000002   PAD
    0x08008be4   0x08008be4   0x000000d0   Code   RO         5290    i.prvInitialiseNewTask  tasks.o
    0x08008cb4   0x08008cb4   0x00000068   Code   RO         5291    i.prvInitialiseTaskLists  tasks.o
    0x08008d1c   0x08008d1c   0x00000068   Code   RO         5819    i.prvInsertBlockIntoFreeList  heap_4.o
    0x08008d84   0x08008d84   0x00000058   Code   RO         5679    i.prvInsertTimerInActiveList  timers.o
    0x08008ddc   0x08008ddc   0x0000001a   Code   RO         5039    i.prvIsQueueEmpty   queue.o
    0x08008df6   0x08008df6   0x0000001e   Code   RO         5040    i.prvIsQueueFull    queue.o
    0x08008e14   0x08008e14   0x000000a0   Code   RO         5041    i.prvNotifyQueueSetContainer  queue.o
    0x08008eb4   0x08008eb4   0x00000080   Code   RO         5680    i.prvProcessExpiredTimer  timers.o
    0x08008f34   0x08008f34   0x0000012c   Code   RO         5681    i.prvProcessReceivedCommands  timers.o
    0x08009060   0x08009060   0x00000074   Code   RO         5682    i.prvProcessTimerOrBlockTask  timers.o
    0x080090d4   0x080090d4   0x00000034   Code   RO         5293    i.prvResetNextTaskUnblockTime  tasks.o
    0x08009108   0x08009108   0x0000002c   Code   RO         5683    i.prvSampleTimeNow  timers.o
    0x08009134   0x08009134   0x000000bc   Code   RO         5684    i.prvSwitchTimerLists  timers.o
    0x080091f0   0x080091f0   0x0000007c   Code   RO         5881    i.prvTaskExitError  port.o
    0x0800926c   0x0800926c   0x0000001a   Code   RO         5685    i.prvTimerTask      timers.o
    0x08009286   0x08009286   0x00000092   Code   RO         5042    i.prvUnlockQueue    queue.o
    0x08009318   0x08009318   0x00000154   Code   RO         5820    i.pvPortMalloc      heap_4.o
    0x0800946c   0x0800946c   0x00000020   Code   RO         5297    i.pvTaskIncrementMutexHeldCount  tasks.o
    0x0800948c   0x0800948c   0x0000002c   Code   RO         5882    i.pxPortInitialiseStack  port.o
    0x080094b8   0x080094b8   0x00000032   Code   RO         6119    i.sha2              sha2.o
    0x080094ea   0x080094ea   0x00000002   PAD
    0x080094ec   0x080094ec   0x00000134   Code   RO         6121    i.sha2_finish       sha2.o
    0x08009620   0x08009620   0x0000345c   Code   RO         6126    i.sha2_process      sha2.o
    0x0800ca7c   0x0800ca7c   0x00000090   Code   RO         6127    i.sha2_starts       sha2.o
    0x0800cb0c   0x0800cb0c   0x00000080   Code   RO         6128    i.sha2_update       sha2.o
    0x0800cb8c   0x0800cb8c   0x00000054   Code   RO         6699    i.sign_data         thres_sig.o
    0x0800cbe0   0x0800cbe0   0x000000b8   Code   RO           21    i.start_task        main.o
    0x0800cc98   0x0800cc98   0x00000008   Code   RO         6260    i.uECC_secp160r1    uecc.o
    0x0800cca0   0x0800cca0   0x0000000c   Code   RO         6265    i.uECC_set_rng      uecc.o
    0x0800ccac   0x0800ccac   0x0000005a   Code   RO         6267    i.uECC_sign         uecc.o
    0x0800cd06   0x0800cd06   0x000002d0   Code   RO         6270    i.uECC_verify       uecc.o
    0x0800cfd6   0x0800cfd6   0x00000002   PAD
    0x0800cfd8   0x0800cfd8   0x000000c0   Code   RO         4777    i.usart3_bpsset     usart3.o
    0x0800d098   0x0800d098   0x00000078   Code   RO         4778    i.usart3_gpioinit   usart3.o
    0x0800d110   0x0800d110   0x00000068   Code   RO         4779    i.usart3_init       usart3.o
    0x0800d178   0x0800d178   0x00000044   Code   RO         4780    i.usart3_rx         usart3.o
    0x0800d1bc   0x0800d1bc   0x0000003c   Code   RO         4781    i.usart3_sendData   usart3.o
    0x0800d1f8   0x0800d1f8   0x00000028   Code   RO         4986    i.uxListRemove      list.o
    0x0800d220   0x0800d220   0x0000001a   Code   RO         4987    i.vListInitialise   list.o
    0x0800d23a   0x0800d23a   0x00000006   Code   RO         4988    i.vListInitialiseItem  list.o
    0x0800d240   0x0800d240   0x00000034   Code   RO         4989    i.vListInsert       list.o
    0x0800d274   0x0800d274   0x00000018   Code   RO         4990    i.vListInsertEnd    list.o
    0x0800d28c   0x0800d28c   0x00000090   Code   RO         5884    i.vPortEnterCritical  port.o
    0x0800d31c   0x0800d31c   0x00000074   Code   RO         5885    i.vPortExitCritical  port.o
    0x0800d390   0x0800d390   0x000000b8   Code   RO         5821    i.vPortFree         heap_4.o
    0x0800d448   0x0800d448   0x0000005c   Code   RO         5886    i.vPortSetupTimerInterrupt  port.o
    0x0800d4a4   0x0800d4a4   0x000001bc   Code   RO         5887    i.vPortSuppressTicksAndSleep  port.o
    0x0800d660   0x0800d660   0x000000a4   Code   RO         5888    i.vPortValidateInterruptPriority  port.o
    0x0800d704   0x0800d704   0x0000002c   Code   RO         5048    i.vQueueAddToRegistry  queue.o
    0x0800d730   0x0800d730   0x0000004a   Code   RO         5052    i.vQueueWaitForMessageRestricted  queue.o
    0x0800d77a   0x0800d77a   0x00000002   PAD
    0x0800d77c   0x0800d77c   0x00000074   Code   RO         5305    i.vTaskDelay        tasks.o
    0x0800d7f0   0x0800d7f0   0x0000010c   Code   RO         5307    i.vTaskDelete       tasks.o
    0x0800d8fc   0x0800d8fc   0x0000000c   Code   RO         5311    i.vTaskMissedYield  tasks.o
    0x0800d908   0x0800d908   0x00000054   Code   RO         5313    i.vTaskPlaceOnEventList  tasks.o
    0x0800d95c   0x0800d95c   0x0000005c   Code   RO         5314    i.vTaskPlaceOnEventListRestricted  tasks.o
    0x0800d9b8   0x0800d9b8   0x000000b0   Code   RO         5316    i.vTaskPriorityInherit  tasks.o
    0x0800da68   0x0800da68   0x0000004c   Code   RO         5320    i.vTaskSetTimeOutState  tasks.o
    0x0800dab4   0x0800dab4   0x000000b0   Code   RO         5321    i.vTaskStartScheduler  tasks.o
    0x0800db64   0x0800db64   0x00000060   Code   RO         5322    i.vTaskStepTick     tasks.o
    0x0800dbc4   0x0800dbc4   0x00000010   Code   RO         5324    i.vTaskSuspendAll   tasks.o
    0x0800dbd4   0x0800dbd4   0x000000a8   Code   RO         5325    i.vTaskSwitchContext  tasks.o
    0x0800dc7c   0x0800dc7c   0x00000118   Code   RO         5889    i.xPortStartScheduler  port.o
    0x0800dd94   0x0800dd94   0x00000074   Code   RO         5057    i.xQueueGenericCreate  queue.o
    0x0800de08   0x0800de08   0x000001c8   Code   RO         5058    i.xQueueGenericReceive  queue.o
    0x0800dfd0   0x0800dfd0   0x000000b0   Code   RO         5059    i.xQueueGenericReset  queue.o
    0x0800e080   0x0800e080   0x000001c4   Code   RO         5060    i.xQueueGenericSend  queue.o
    0x0800e244   0x0800e244   0x00000114   Code   RO         5061    i.xQueueGenericSendFromISR  queue.o
    0x0800e358   0x0800e358   0x000000a0   Code   RO         5326    i.xTaskCheckForTimeOut  tasks.o
    0x0800e3f8   0x0800e3f8   0x00000060   Code   RO         5327    i.xTaskCreate       tasks.o
    0x0800e458   0x0800e458   0x00000118   Code   RO         5328    i.xTaskGenericNotify  tasks.o
    0x0800e570   0x0800e570   0x00000158   Code   RO         5329    i.xTaskGenericNotifyFromISR  tasks.o
    0x0800e6c8   0x0800e6c8   0x00000020   Code   RO         5331    i.xTaskGetSchedulerState  tasks.o
    0x0800e6e8   0x0800e6e8   0x0000000c   Code   RO         5332    i.xTaskGetTickCount  tasks.o
    0x0800e6f4   0x0800e6f4   0x00000160   Code   RO         5334    i.xTaskIncrementTick  tasks.o
    0x0800e854   0x0800e854   0x000000a0   Code   RO         5336    i.xTaskNotifyWait   tasks.o
    0x0800e8f4   0x0800e8f4   0x000000d8   Code   RO         5337    i.xTaskPriorityDisinherit  tasks.o
    0x0800e9cc   0x0800e9cc   0x000000b8   Code   RO         5338    i.xTaskRemoveFromEventList  tasks.o
    0x0800ea84   0x0800ea84   0x00000120   Code   RO         5340    i.xTaskResumeAll    tasks.o
    0x0800eba4   0x0800eba4   0x00000074   Code   RO         5689    i.xTimerCreateTimerTask  timers.o
    0x0800ec18   0x0800ec18   0x000000a4   Code   RO         5690    i.xTimerGenericCommand  timers.o
    0x0800ecbc   0x0800ecbc   0x00000008   Data   RO         1279    .constdata          stm32f7xx_hal_dma.o
    0x0800ecc4   0x0800ecc4   0x00000018   Data   RO         6087    .constdata          system_stm32f7xx.o
    0x0800ecdc   0x0800ecdc   0x00000040   Data   RO         6129    .constdata          sha2.o
    0x0800ed1c   0x0800ed1c   0x00000394   Data   RO         6346    .constdata          uecc.o
    0x0800f0b0   0x0800f0b0   0x00000440   Data   RO         9278    .constdata          hash.o
    0x0800f4f0   0x0800f4f0   0x00000040   Data   RO        10644    Region$$Table       anon$$obj.o


    Execution Region RW_IRAM2 (Exec base: 0x20000000, Load base: 0x0800f634, Size: 0x00001fb0, Max: 0x00020000, ABSOLUTE, COMPRESSED[0x000007c8])

    Exec Addr    Load Addr    Size         Type   Attr      Idx    E Section Name        Object

    0x20000000   COMPRESSED   0x00000ea0   Data   RW          600    .data               utility.o
    0x20000ea0   COMPRESSED   0x00000007   Data   RW          825    .data               usart.o
    0x20000ea7   COMPRESSED   0x00000003   Data   RW         4496    .data               led.o
    0x20000eaa   COMPRESSED   0x00000002   PAD
    0x20000eac   COMPRESSED   0x00000014   Data   RW         5698    .data               timers.o
    0x20000ec0   COMPRESSED   0x00000016   Data   RW         5985    .data               mw1268_app.o
    0x20000ed6   COMPRESSED   0x00000002   PAD
    0x20000ed8   COMPRESSED   0x00000004   Data   RW         6088    .data               system_stm32f7xx.o
    0x20000edc        -       0x00000540   Zero   RW          599    .bss                utility.o
    0x2000141c        -       0x00000150   Zero   RW          824    .bss                usart.o
    0x2000156c        -       0x00000010   Zero   RW         4529    .bss                rng.o
    0x2000157c        -       0x000001ac   Zero   RW         4600    .bss                btim.o
    0x20001728        -       0x00000888   Zero   RW         4782    .bss                usart3.o


    Execution Region RW_IRAM1 (Exec base: 0x20020000, Load base: 0x0800f530, Size: 0x00041fb8, Max: 0x00060000, ABSOLUTE)

    Exec Addr    Load Addr    Size         Type   Attr      Idx    E Section Name        Object

    0x20020000   0x0800f530   0x00000048   Data   RW           24    .data               main.o
    0x20020048   0x0800f578   0x00000006   Data   RW          680    .data               delay.o
    0x2002004e   0x0800f57e   0x00000002   PAD
    0x20020050   0x0800f580   0x00000009   Data   RW          909    .data               stm32f7xx_hal.o
    0x20020059   0x0800f589   0x00000003   PAD
    0x2002005c   0x0800f58c   0x00000012   Data   RW         4441    .data               dma.o
    0x2002006e   0x0800f59e   0x00000002   PAD
    0x20020070   0x0800f5a0   0x00000014   Data   RW         4601    .data               btim.o
    0x20020084   0x0800f5b4   0x00000008   Data   RW         4783    .data               usart3.o
    0x2002008c   0x0800f5bc   0x0000003c   Data   RW         5343    .data               tasks.o
    0x200200c8   0x0800f5f8   0x00000018   Data   RW         5826    .data               heap_4.o
    0x200200e0   0x0800f610   0x00000020   Data   RW         5890    .data               port.o
    0x20020100   0x0800f630   0x00000004   Data   RW         6347    .data               uecc.o
    0x20020104        -       0x0001887d   Zero   RW           23    .bss                main.o
    0x20038981   0x0800f634   0x00000003   PAD
    0x20038984        -       0x00007780   Zero   RW         4440    .bss                dma.o
    0x20040104        -       0x00000040   Zero   RW         5072    .bss                queue.o
    0x20040144        -       0x000002e4   Zero   RW         5342    .bss                tasks.o
    0x20040428        -       0x00000028   Zero   RW         5697    .bss                timers.o
    0x20040450        -       0x00011800   Zero   RW         5825    .bss                heap_4.o
    0x20051c50        -       0x00000366   Zero   RW         5984    .bss                mw1268_app.o
    0x20051fb6   0x0800f634   0x00000002   PAD
    0x20051fb8        -       0x00010000   Zero   RW         4426    STACK               startup_stm32f767xx.o


==============================================================================

Image component sizes


      Code (inc. data)   RO Data    RW Data    ZI Data      Debug   Object Name

       956        160          0         20        428      41928   btim.o
       204         18          0          6          0       2127   delay.o
       956         72          0         18      30592       3499   dma.o
         0          0          0          0          0      11888   event_groups.o
       808         40       1088          0          0       4628   hash.o
       752        176          0         24      71680       4131   heap_4.o
        88          8          0          3          0       1233   led.o
       148          0          0          0          0       3382   list.o
      7432        500          0         72     100477     928065   main.o
      1704        436          0         22        870       7613   mw1268_app.o
       180         26          0          0          0       1885   mw1268_uart.o
      1650        460          0         32          0      12846   port.o
      2168        238          0          0         64      16289   queue.o
       124         18          0          0         16       2367   rng.o
     14034        328         64          0          0       7013   sha2.o
        36          8        504          0      65536        824   startup_stm32f767xx.o
       138         22          0          9          0       8769   stm32f7xx_hal.o
       566         44          0          0          0      39645   stm32f7xx_hal_cortex.o
       988         10          8          0          0       7629   stm32f7xx_hal_dma.o
       552         52          0          0          0       2951   stm32f7xx_hal_gpio.o
         2          0          0          0          0        807   stm32f7xx_hal_msp.o
       144          8          0          0          0       1340   stm32f7xx_hal_pwr_ex.o
      1956         74          0          0          0       5840   stm32f7xx_hal_rcc.o
       210          0          0          0          0       2792   stm32f7xx_hal_rng.o
       954         80          0          0          0       6279   stm32f7xx_hal_tim.o
         6          0          0          0          0       2324   stm32f7xx_hal_tim_ex.o
      4318         98          0          0          0      23686   stm32f7xx_hal_uart.o
        20          0          0          0          0       2877   stm32f7xx_it.o
        16          0          0          0          0        911   sys.o
        20          6         24          4          0       1467   system_stm32f7xx.o
      4542       1146          0         60        740      35596   tasks.o
        84         24          0          0          0       1140   thres_sig.o
      1310        312          0         20         40       9187   timers.o
      7386         76        916          4          0      54150   uecc.o
       244         36          0          7        336       3850   usart.o
       668         74          0          8       2184       5378   usart3.o
       780         30          0       3744       1344       5423   utility.o

    ----------------------------------------------------------------------
     56180       4580       2668       4064     274312    1271759   Object Totals
         0          0         64          0          0          0   (incl. Generated)
        36          0          0         11          5          0   (incl. Padding)

    ----------------------------------------------------------------------

      Code (inc. data)   RO Data    RW Data    ZI Data      Debug   Library Member Name

        94          0          0          0          0          0   __dclz77c.o
         0          0          0          0          0          0   entry.o
         0          0          0          0          0          0   entry10a.o
         0          0          0          0          0          0   entry11a.o
         4          0          0          0          0          0   entry12b.o
         8          4          0          0          0          0   entry2.o
         4          0          0          0          0          0   entry5.o
         0          0          0          0          0          0   entry7b.o
         0          0          0          0          0          0   entry8b.o
         8          4          0          0          0          0   entry9a.o
        30          0          0          0          0          0   handlers.o
        36          8          0          0          0         68   init.o
         0          0          0          0          0          0   iusefp.o
        30          0          0          0          0         68   llshl.o
        36          0          0          0          0         68   llsshr.o
        32          0          0          0          0         68   llushr.o
        36          0          0          0          0         68   memcpya.o
        36          0          0          0          0        108   memseta.o
      2304        102          0          0          0        696   printfa.o
        14          0          0          0          0         68   strlen.o
        36          0          0          0          0         80   strstr.o
        44          0          0          0          0         80   uidiv.o
        98          0          0          0          0         92   uldiv.o
        48          0          0          0          0         68   cdrcmple.o
       334          0          0          0          0        148   dadd.o
       222          0          0          0          0        100   ddiv.o
       186          0          0          0          0        176   depilogue.o
        48          0          0          0          0         68   dfixul.o
       228          0          0          0          0         96   dmul.o

    ----------------------------------------------------------------------
      3920        118          0          0          0       2120   Library Totals
         4          0          0          0          0          0   (incl. Padding)

    ----------------------------------------------------------------------

      Code (inc. data)   RO Data    RW Data    ZI Data      Debug   Library Name

      2850        118          0          0          0       1464   mc_w.l
      1066          0          0          0          0        656   mf_w.l

    ----------------------------------------------------------------------
      3920        118          0          0          0       2120   Library Totals

    ----------------------------------------------------------------------

==============================================================================


      Code (inc. data)   RO Data    RW Data    ZI Data      Debug   

     60100       4698       2668       4064     274312    1245571   Grand Totals
     60100       4698       2668       2252     274312    1245571   ELF Image Totals (compressed)
     60100       4698       2668       2252          0          0   ROM Totals

==============================================================================

    Total RO  Size (Code + RO Data)                62768 (  61.30kB)
    Total RW  Size (RW Data + ZI Data)            278376 ( 271.85kB)
    Total ROM Size (Code + RO Data + RW Data)      65020 (  63.50kB)

==============================================================================

